<?xml version="1.0"?>
<link_info>
   <banner>TI ARM Linker PC v5.2.9</banner>
   <copyright>Copyright (c) 1996-2017 Texas Instruments Incorporated</copyright>
   <link_time>0x658ee0bc</link_time>
   <link_errors>0x0</link_errors>
   <output_file>freertos_demo.out</output_file>
   <entry_point>
      <name>_c_int00</name>
      <address>0x4d39</address>
   </entry_point>
   <input_file_list>
      <input_file id="fl-2">
         <path>.\</path>
         <kind>object</kind>
         <file>buzzer_pwm.obj</file>
         <name>buzzer_pwm.obj</name>
      </input_file>
      <input_file id="fl-3">
         <path>.\</path>
         <kind>object</kind>
         <file>freertos_demo.obj</file>
         <name>freertos_demo.obj</name>
      </input_file>
      <input_file id="fl-4">
         <path>.\</path>
         <kind>object</kind>
         <file>i2c_temp.obj</file>
         <name>i2c_temp.obj</name>
      </input_file>
      <input_file id="fl-5">
         <path>.\</path>
         <kind>object</kind>
         <file>keypad_task.obj</file>
         <name>keypad_task.obj</name>
      </input_file>
      <input_file id="fl-6">
         <path>.\</path>
         <kind>object</kind>
         <file>lcd_task.obj</file>
         <name>lcd_task.obj</name>
      </input_file>
      <input_file id="fl-7">
         <path>.\</path>
         <kind>object</kind>
         <file>startup_ccs.obj</file>
         <name>startup_ccs.obj</name>
      </input_file>
      <input_file id="fl-8">
         <path>.\</path>
         <kind>object</kind>
         <file>timer_funcs.obj</file>
         <name>timer_funcs.obj</name>
      </input_file>
      <input_file id="fl-9">
         <path>.\</path>
         <kind>object</kind>
         <file>uart_task.obj</file>
         <name>uart_task.obj</name>
      </input_file>
      <input_file id="fl-a">
         <path>.\drivers\</path>
         <kind>object</kind>
         <file>buttons.obj</file>
         <name>buttons.obj</name>
      </input_file>
      <input_file id="fl-b">
         <path>.\drivers\</path>
         <kind>object</kind>
         <file>rgb.obj</file>
         <name>rgb.obj</name>
      </input_file>
      <input_file id="fl-c">
         <path>.\third_party\FreeRTOS\Source\</path>
         <kind>object</kind>
         <file>list.obj</file>
         <name>list.obj</name>
      </input_file>
      <input_file id="fl-d">
         <path>.\third_party\FreeRTOS\Source\</path>
         <kind>object</kind>
         <file>queue.obj</file>
         <name>queue.obj</name>
      </input_file>
      <input_file id="fl-e">
         <path>.\third_party\FreeRTOS\Source\</path>
         <kind>object</kind>
         <file>tasks.obj</file>
         <name>tasks.obj</name>
      </input_file>
      <input_file id="fl-f">
         <path>.\third_party\FreeRTOS\Source\portable\CCS\ARM_CM4F\</path>
         <kind>object</kind>
         <file>port.obj</file>
         <name>port.obj</name>
      </input_file>
      <input_file id="fl-10">
         <path>.\third_party\FreeRTOS\Source\portable\CCS\ARM_CM4F\</path>
         <kind>object</kind>
         <file>portasm.obj</file>
         <name>portasm.obj</name>
      </input_file>
      <input_file id="fl-11">
         <path>.\third_party\FreeRTOS\Source\portable\MemMang\</path>
         <kind>object</kind>
         <file>heap_2.obj</file>
         <name>heap_2.obj</name>
      </input_file>
      <input_file id="fl-12">
         <path>.\utils\</path>
         <kind>object</kind>
         <file>uartstdio.obj</file>
         <name>uartstdio.obj</name>
      </input_file>
      <input_file id="fl-13">
         <path>.\utils\</path>
         <kind>object</kind>
         <file>ustdlib.obj</file>
         <name>ustdlib.obj</name>
      </input_file>
      <input_file id="fl-13a">
         <path>D:\MEE\SistEmbebidos\CSS\ccs\tools\compiler\ti-cgt-arm_5.2.9\lib\</path>
         <kind>archive</kind>
         <file>rtsv7M4_T_le_v4SPD16_eabi.lib</file>
         <name>boot.obj</name>
      </input_file>
      <input_file id="fl-13b">
         <path>D:\MEE\SistEmbebidos\CSS\ccs\tools\compiler\ti-cgt-arm_5.2.9\lib\</path>
         <kind>archive</kind>
         <file>rtsv7M4_T_le_v4SPD16_eabi.lib</file>
         <name>copy_decompress_none.obj</name>
      </input_file>
      <input_file id="fl-13c">
         <path>D:\MEE\SistEmbebidos\CSS\ccs\tools\compiler\ti-cgt-arm_5.2.9\lib\</path>
         <kind>archive</kind>
         <file>rtsv7M4_T_le_v4SPD16_eabi.lib</file>
         <name>copy_decompress_rle.obj</name>
      </input_file>
      <input_file id="fl-13d">
         <path>D:\MEE\SistEmbebidos\CSS\ccs\tools\compiler\ti-cgt-arm_5.2.9\lib\</path>
         <kind>archive</kind>
         <file>rtsv7M4_T_le_v4SPD16_eabi.lib</file>
         <name>copy_zero_init.obj</name>
      </input_file>
      <input_file id="fl-13e">
         <path>D:\MEE\SistEmbebidos\CSS\ccs\tools\compiler\ti-cgt-arm_5.2.9\lib\</path>
         <kind>archive</kind>
         <file>rtsv7M4_T_le_v4SPD16_eabi.lib</file>
         <name>exit.obj</name>
      </input_file>
      <input_file id="fl-13f">
         <path>D:\MEE\SistEmbebidos\CSS\ccs\tools\compiler\ti-cgt-arm_5.2.9\lib\</path>
         <kind>archive</kind>
         <file>rtsv7M4_T_le_v4SPD16_eabi.lib</file>
         <name>fd_tos_t2.obj</name>
      </input_file>
      <input_file id="fl-140">
         <path>D:\MEE\SistEmbebidos\CSS\ccs\tools\compiler\ti-cgt-arm_5.2.9\lib\</path>
         <kind>archive</kind>
         <file>rtsv7M4_T_le_v4SPD16_eabi.lib</file>
         <name>fs_tod_t2.obj</name>
      </input_file>
      <input_file id="fl-141">
         <path>D:\MEE\SistEmbebidos\CSS\ccs\tools\compiler\ti-cgt-arm_5.2.9\lib\</path>
         <kind>archive</kind>
         <file>rtsv7M4_T_le_v4SPD16_eabi.lib</file>
         <name>fs_toull_t2.obj</name>
      </input_file>
      <input_file id="fl-142">
         <path>D:\MEE\SistEmbebidos\CSS\ccs\tools\compiler\ti-cgt-arm_5.2.9\lib\</path>
         <kind>archive</kind>
         <file>rtsv7M4_T_le_v4SPD16_eabi.lib</file>
         <name>memcpy_t2.obj</name>
      </input_file>
      <input_file id="fl-143">
         <path>D:\MEE\SistEmbebidos\CSS\ccs\tools\compiler\ti-cgt-arm_5.2.9\lib\</path>
         <kind>archive</kind>
         <file>rtsv7M4_T_le_v4SPD16_eabi.lib</file>
         <name>memset_t2.obj</name>
      </input_file>
      <input_file id="fl-144">
         <path>D:\MEE\SistEmbebidos\CSS\ccs\tools\compiler\ti-cgt-arm_5.2.9\lib\</path>
         <kind>archive</kind>
         <file>rtsv7M4_T_le_v4SPD16_eabi.lib</file>
         <name>pre_init.obj</name>
      </input_file>
      <input_file id="fl-145">
         <path>D:\MEE\SistEmbebidos\CSS\ccs\tools\compiler\ti-cgt-arm_5.2.9\lib\</path>
         <kind>archive</kind>
         <file>rtsv7M4_T_le_v4SPD16_eabi.lib</file>
         <name>printf.obj</name>
      </input_file>
      <input_file id="fl-146">
         <path>D:\MEE\SistEmbebidos\CSS\ccs\tools\compiler\ti-cgt-arm_5.2.9\lib\</path>
         <kind>archive</kind>
         <file>rtsv7M4_T_le_v4SPD16_eabi.lib</file>
         <name>round.obj</name>
      </input_file>
      <input_file id="fl-147">
         <path>D:\MEE\SistEmbebidos\CSS\ccs\tools\compiler\ti-cgt-arm_5.2.9\lib\</path>
         <kind>archive</kind>
         <file>rtsv7M4_T_le_v4SPD16_eabi.lib</file>
         <name>sprintf.obj</name>
      </input_file>
      <input_file id="fl-148">
         <path>D:\MEE\SistEmbebidos\CSS\ccs\tools\compiler\ti-cgt-arm_5.2.9\lib\</path>
         <kind>archive</kind>
         <file>rtsv7M4_T_le_v4SPD16_eabi.lib</file>
         <name>stkdepth_vars.obj</name>
      </input_file>
      <input_file id="fl-149">
         <path>D:\MEE\SistEmbebidos\CSS\ccs\tools\compiler\ti-cgt-arm_5.2.9\lib\</path>
         <kind>archive</kind>
         <file>rtsv7M4_T_le_v4SPD16_eabi.lib</file>
         <name>strtod.obj</name>
      </input_file>
      <input_file id="fl-14a">
         <path>D:\MEE\SistEmbebidos\CSS\ccs\tools\compiler\ti-cgt-arm_5.2.9\lib\</path>
         <kind>archive</kind>
         <file>rtsv7M4_T_le_v4SPD16_eabi.lib</file>
         <name>u_divt2.obj</name>
      </input_file>
      <input_file id="fl-14b">
         <path>D:\MEE\SistEmbebidos\CSS\ccs\tools\compiler\ti-cgt-arm_5.2.9\lib\</path>
         <kind>archive</kind>
         <file>rtsv7M4_T_le_v4SPD16_eabi.lib</file>
         <name>xdint.obj</name>
      </input_file>
      <input_file id="fl-14c">
         <path>D:\MEE\SistEmbebidos\CSS\ccs\tools\compiler\ti-cgt-arm_5.2.9\lib\</path>
         <kind>archive</kind>
         <file>rtsv7M4_T_le_v4SPD16_eabi.lib</file>
         <name>_lock.obj</name>
      </input_file>
      <input_file id="fl-14d">
         <path>D:\MEE\SistEmbebidos\CSS\ccs\tools\compiler\ti-cgt-arm_5.2.9\lib\</path>
         <kind>archive</kind>
         <file>rtsv7M4_T_le_v4SPD16_eabi.lib</file>
         <name>_printfi.obj</name>
      </input_file>
      <input_file id="fl-14e">
         <path>D:\MEE\SistEmbebidos\CSS\ccs\tools\compiler\ti-cgt-arm_5.2.9\lib\</path>
         <kind>archive</kind>
         <file>rtsv7M4_T_le_v4SPD16_eabi.lib</file>
         <name>args_main.obj</name>
      </input_file>
      <input_file id="fl-14f">
         <path>D:\MEE\SistEmbebidos\CSS\ccs\tools\compiler\ti-cgt-arm_5.2.9\lib\</path>
         <kind>archive</kind>
         <file>rtsv7M4_T_le_v4SPD16_eabi.lib</file>
         <name>atoi.obj</name>
      </input_file>
      <input_file id="fl-150">
         <path>D:\MEE\SistEmbebidos\CSS\ccs\tools\compiler\ti-cgt-arm_5.2.9\lib\</path>
         <kind>archive</kind>
         <file>rtsv7M4_T_le_v4SPD16_eabi.lib</file>
         <name>autoinit.obj</name>
      </input_file>
      <input_file id="fl-151">
         <path>D:\MEE\SistEmbebidos\CSS\ccs\tools\compiler\ti-cgt-arm_5.2.9\lib\</path>
         <kind>archive</kind>
         <file>rtsv7M4_T_le_v4SPD16_eabi.lib</file>
         <name>cpy_tbl.obj</name>
      </input_file>
      <input_file id="fl-152">
         <path>D:\MEE\SistEmbebidos\CSS\ccs\tools\compiler\ti-cgt-arm_5.2.9\lib\</path>
         <kind>archive</kind>
         <file>rtsv7M4_T_le_v4SPD16_eabi.lib</file>
         <name>ctype.obj</name>
      </input_file>
      <input_file id="fl-153">
         <path>D:\MEE\SistEmbebidos\CSS\ccs\tools\compiler\ti-cgt-arm_5.2.9\lib\</path>
         <kind>archive</kind>
         <file>rtsv7M4_T_le_v4SPD16_eabi.lib</file>
         <name>defs.obj</name>
      </input_file>
      <input_file id="fl-154">
         <path>D:\MEE\SistEmbebidos\CSS\ccs\tools\compiler\ti-cgt-arm_5.2.9\lib\</path>
         <kind>archive</kind>
         <file>rtsv7M4_T_le_v4SPD16_eabi.lib</file>
         <name>errno.obj</name>
      </input_file>
      <input_file id="fl-155">
         <path>D:\MEE\SistEmbebidos\CSS\ccs\tools\compiler\ti-cgt-arm_5.2.9\lib\</path>
         <kind>archive</kind>
         <file>rtsv7M4_T_le_v4SPD16_eabi.lib</file>
         <name>fd_add_t2.obj</name>
      </input_file>
      <input_file id="fl-156">
         <path>D:\MEE\SistEmbebidos\CSS\ccs\tools\compiler\ti-cgt-arm_5.2.9\lib\</path>
         <kind>archive</kind>
         <file>rtsv7M4_T_le_v4SPD16_eabi.lib</file>
         <name>fd_cmp_t2.obj</name>
      </input_file>
      <input_file id="fl-157">
         <path>D:\MEE\SistEmbebidos\CSS\ccs\tools\compiler\ti-cgt-arm_5.2.9\lib\</path>
         <kind>archive</kind>
         <file>rtsv7M4_T_le_v4SPD16_eabi.lib</file>
         <name>fd_div_t2.obj</name>
      </input_file>
      <input_file id="fl-158">
         <path>D:\MEE\SistEmbebidos\CSS\ccs\tools\compiler\ti-cgt-arm_5.2.9\lib\</path>
         <kind>archive</kind>
         <file>rtsv7M4_T_le_v4SPD16_eabi.lib</file>
         <name>fd_mul_t2.obj</name>
      </input_file>
      <input_file id="fl-159">
         <path>D:\MEE\SistEmbebidos\CSS\ccs\tools\compiler\ti-cgt-arm_5.2.9\lib\</path>
         <kind>archive</kind>
         <file>rtsv7M4_T_le_v4SPD16_eabi.lib</file>
         <name>fd_toi_t2.obj</name>
      </input_file>
      <input_file id="fl-15a">
         <path>D:\MEE\SistEmbebidos\CSS\ccs\tools\compiler\ti-cgt-arm_5.2.9\lib\</path>
         <kind>archive</kind>
         <file>rtsv7M4_T_le_v4SPD16_eabi.lib</file>
         <name>fputc.obj</name>
      </input_file>
      <input_file id="fl-15b">
         <path>D:\MEE\SistEmbebidos\CSS\ccs\tools\compiler\ti-cgt-arm_5.2.9\lib\</path>
         <kind>archive</kind>
         <file>rtsv7M4_T_le_v4SPD16_eabi.lib</file>
         <name>fputs.obj</name>
      </input_file>
      <input_file id="fl-15c">
         <path>D:\MEE\SistEmbebidos\CSS\ccs\tools\compiler\ti-cgt-arm_5.2.9\lib\</path>
         <kind>archive</kind>
         <file>rtsv7M4_T_le_v4SPD16_eabi.lib</file>
         <name>frexp.obj</name>
      </input_file>
      <input_file id="fl-15d">
         <path>D:\MEE\SistEmbebidos\CSS\ccs\tools\compiler\ti-cgt-arm_5.2.9\lib\</path>
         <kind>archive</kind>
         <file>rtsv7M4_T_le_v4SPD16_eabi.lib</file>
         <name>i_div0.obj</name>
      </input_file>
      <input_file id="fl-15e">
         <path>D:\MEE\SistEmbebidos\CSS\ccs\tools\compiler\ti-cgt-arm_5.2.9\lib\</path>
         <kind>archive</kind>
         <file>rtsv7M4_T_le_v4SPD16_eabi.lib</file>
         <name>i_tofd_t2.obj</name>
      </input_file>
      <input_file id="fl-15f">
         <path>D:\MEE\SistEmbebidos\CSS\ccs\tools\compiler\ti-cgt-arm_5.2.9\lib\</path>
         <kind>archive</kind>
         <file>rtsv7M4_T_le_v4SPD16_eabi.lib</file>
         <name>ldexp.obj</name>
      </input_file>
      <input_file id="fl-160">
         <path>D:\MEE\SistEmbebidos\CSS\ccs\tools\compiler\ti-cgt-arm_5.2.9\lib\</path>
         <kind>archive</kind>
         <file>rtsv7M4_T_le_v4SPD16_eabi.lib</file>
         <name>lowlev.obj</name>
      </input_file>
      <input_file id="fl-161">
         <path>D:\MEE\SistEmbebidos\CSS\ccs\tools\compiler\ti-cgt-arm_5.2.9\lib\</path>
         <kind>archive</kind>
         <file>rtsv7M4_T_le_v4SPD16_eabi.lib</file>
         <name>ltoa.obj</name>
      </input_file>
      <input_file id="fl-162">
         <path>D:\MEE\SistEmbebidos\CSS\ccs\tools\compiler\ti-cgt-arm_5.2.9\lib\</path>
         <kind>archive</kind>
         <file>rtsv7M4_T_le_v4SPD16_eabi.lib</file>
         <name>memccpy.obj</name>
      </input_file>
      <input_file id="fl-163">
         <path>D:\MEE\SistEmbebidos\CSS\ccs\tools\compiler\ti-cgt-arm_5.2.9\lib\</path>
         <kind>archive</kind>
         <file>rtsv7M4_T_le_v4SPD16_eabi.lib</file>
         <name>memchr.obj</name>
      </input_file>
      <input_file id="fl-164">
         <path>D:\MEE\SistEmbebidos\CSS\ccs\tools\compiler\ti-cgt-arm_5.2.9\lib\</path>
         <kind>archive</kind>
         <file>rtsv7M4_T_le_v4SPD16_eabi.lib</file>
         <name>strchr.obj</name>
      </input_file>
      <input_file id="fl-165">
         <path>D:\MEE\SistEmbebidos\CSS\ccs\tools\compiler\ti-cgt-arm_5.2.9\lib\</path>
         <kind>archive</kind>
         <file>rtsv7M4_T_le_v4SPD16_eabi.lib</file>
         <name>strcmp.obj</name>
      </input_file>
      <input_file id="fl-166">
         <path>D:\MEE\SistEmbebidos\CSS\ccs\tools\compiler\ti-cgt-arm_5.2.9\lib\</path>
         <kind>archive</kind>
         <file>rtsv7M4_T_le_v4SPD16_eabi.lib</file>
         <name>strlen.obj</name>
      </input_file>
      <input_file id="fl-167">
         <path>D:\MEE\SistEmbebidos\CSS\ccs\tools\compiler\ti-cgt-arm_5.2.9\lib\</path>
         <kind>archive</kind>
         <file>rtsv7M4_T_le_v4SPD16_eabi.lib</file>
         <name>strncpy.obj</name>
      </input_file>
      <input_file id="fl-168">
         <path>D:\MEE\SistEmbebidos\CSS\ccs\tools\compiler\ti-cgt-arm_5.2.9\lib\</path>
         <kind>archive</kind>
         <file>rtsv7M4_T_le_v4SPD16_eabi.lib</file>
         <name>trgdrv.obj</name>
      </input_file>
      <input_file id="fl-169">
         <path>D:\MEE\SistEmbebidos\CSS\ccs\tools\compiler\ti-cgt-arm_5.2.9\lib\</path>
         <kind>archive</kind>
         <file>rtsv7M4_T_le_v4SPD16_eabi.lib</file>
         <name>trgmsg.obj</name>
      </input_file>
      <input_file id="fl-16a">
         <path>D:\MEE\SistEmbebidos\CSS\ccs\tools\compiler\ti-cgt-arm_5.2.9\lib\</path>
         <kind>archive</kind>
         <file>rtsv7M4_T_le_v4SPD16_eabi.lib</file>
         <name>ull_div_t2.obj</name>
      </input_file>
      <input_file id="fl-16b">
         <path>D:\MEE\SistEmbebidos\CSS\ccs\tools\compiler\ti-cgt-arm_5.2.9\lib\</path>
         <kind>archive</kind>
         <file>rtsv7M4_T_le_v4SPD16_eabi.lib</file>
         <name>xdscale.obj</name>
      </input_file>
      <input_file id="fl-16c">
         <path>D:\MEE\SistEmbebidos\CSS\ccs\tools\compiler\ti-cgt-arm_5.2.9\lib\</path>
         <kind>archive</kind>
         <file>rtsv7M4_T_le_v4SPD16_eabi.lib</file>
         <name>xdunscal.obj</name>
      </input_file>
      <input_file id="fl-16d">
         <path>D:\MEE\SistEmbebidos\CSS\ccs\tools\compiler\ti-cgt-arm_5.2.9\lib\</path>
         <kind>archive</kind>
         <file>rtsv7M4_T_le_v4SPD16_eabi.lib</file>
         <name>xferaise.obj</name>
      </input_file>
      <input_file id="fl-16e">
         <path>D:\MEE\SistEmbebidos\CSS\ccs\tools\compiler\ti-cgt-arm_5.2.9\lib\</path>
         <kind>archive</kind>
         <file>rtsv7M4_T_le_v4SPD16_eabi.lib</file>
         <name>xvalues.obj</name>
      </input_file>
      <input_file id="fl-16f">
         <path>D:\MEE\SistEmbebidos\CSS\ccs\tools\compiler\ti-cgt-arm_5.2.9\lib\</path>
         <kind>archive</kind>
         <file>rtsv7M4_T_le_v4SPD16_eabi.lib</file>
         <name>_io_perm.obj</name>
      </input_file>
      <input_file id="fl-170">
         <path>D:\MEE\SistEmbebidos\CSS\ccs\tools\compiler\ti-cgt-arm_5.2.9\lib\</path>
         <kind>archive</kind>
         <file>rtsv7M4_T_le_v4SPD16_eabi.lib</file>
         <name>feraiseexcept.obj</name>
      </input_file>
      <input_file id="fl-171">
         <path>D:\MEE\SistEmbebidos\CSS\ccs\tools\compiler\ti-cgt-arm_5.2.9\lib\</path>
         <kind>archive</kind>
         <file>rtsv7M4_T_le_v4SPD16_eabi.lib</file>
         <name>fflush.obj</name>
      </input_file>
      <input_file id="fl-172">
         <path>D:\MEE\SistEmbebidos\CSS\ccs\tools\compiler\ti-cgt-arm_5.2.9\lib\</path>
         <kind>archive</kind>
         <file>rtsv7M4_T_le_v4SPD16_eabi.lib</file>
         <name>fseek.obj</name>
      </input_file>
      <input_file id="fl-173">
         <path>D:\MEE\SistEmbebidos\CSS\ccs\tools\compiler\ti-cgt-arm_5.2.9\lib\</path>
         <kind>archive</kind>
         <file>rtsv7M4_T_le_v4SPD16_eabi.lib</file>
         <name>raise.obj</name>
      </input_file>
      <input_file id="fl-174">
         <path>D:\MEE\SistEmbebidos\CSS\ccs\tools\compiler\ti-cgt-arm_5.2.9\lib\</path>
         <kind>archive</kind>
         <file>rtsv7M4_T_le_v4SPD16_eabi.lib</file>
         <name>setvbuf.obj</name>
      </input_file>
      <input_file id="fl-175">
         <path>D:\MEE\SistEmbebidos\CSS\ccs\tools\compiler\ti-cgt-arm_5.2.9\lib\</path>
         <kind>archive</kind>
         <file>rtsv7M4_T_le_v4SPD16_eabi.lib</file>
         <name>signal.obj</name>
      </input_file>
      <input_file id="fl-176">
         <path>D:\MEE\SistEmbebidos\CSS\ccs\tools\compiler\ti-cgt-arm_5.2.9\lib\</path>
         <kind>archive</kind>
         <file>rtsv7M4_T_le_v4SPD16_eabi.lib</file>
         <name>strcpy.obj</name>
      </input_file>
      <input_file id="fl-177">
         <path>D:\MEE\SistEmbebidos\CSS\ccs\tools\compiler\ti-cgt-arm_5.2.9\lib\</path>
         <kind>archive</kind>
         <file>rtsv7M4_T_le_v4SPD16_eabi.lib</file>
         <name>xdnorm.obj</name>
      </input_file>
      <input_file id="fl-178">
         <path>D:\MEE\SistEmbebidos\CSS\ccs\tools\compiler\ti-cgt-arm_5.2.9\lib\</path>
         <kind>archive</kind>
         <file>rtsv7M4_T_le_v4SPD16_eabi.lib</file>
         <name>fopen.obj</name>
      </input_file>
      <input_file id="fl-179">
         <path>D:\MEE\SistEmbebidos\CSS\ccs\tools\compiler\ti-cgt-arm_5.2.9\lib\</path>
         <kind>archive</kind>
         <file>rtsv7M4_T_le_v4SPD16_eabi.lib</file>
         <name>memory.obj</name>
      </input_file>
      <input_file id="fl-17a">
         <path>D:\MEE\SistEmbebidos\CSS\ccs\tools\compiler\ti-cgt-arm_5.2.9\lib\</path>
         <kind>archive</kind>
         <file>rtsv7M4_T_le_v4SPD16_eabi.lib</file>
         <name>fclose.obj</name>
      </input_file>
      <input_file id="fl-17b">
         <path>D:\MEE\SistEmbebidos\CSS\ccs\tools\compiler\ti-cgt-arm_5.2.9\lib\</path>
         <kind>archive</kind>
         <file>rtsv7M4_T_le_v4SPD16_eabi.lib</file>
         <name>remove.obj</name>
      </input_file>
      <input_file id="fl-17c">
         <path>C:\ti\tivaware_c_series_2_1_4_178\driverlib\ccs\Debug\</path>
         <kind>archive</kind>
         <file>driverlib.lib</file>
         <name>gpio.obj</name>
      </input_file>
      <input_file id="fl-17d">
         <path>C:\ti\tivaware_c_series_2_1_4_178\driverlib\ccs\Debug\</path>
         <kind>archive</kind>
         <file>driverlib.lib</file>
         <name>i2c.obj</name>
      </input_file>
      <input_file id="fl-17e">
         <path>C:\ti\tivaware_c_series_2_1_4_178\driverlib\ccs\Debug\</path>
         <kind>archive</kind>
         <file>driverlib.lib</file>
         <name>interrupt.obj</name>
      </input_file>
      <input_file id="fl-17f">
         <path>C:\ti\tivaware_c_series_2_1_4_178\driverlib\ccs\Debug\</path>
         <kind>archive</kind>
         <file>driverlib.lib</file>
         <name>pwm.obj</name>
      </input_file>
      <input_file id="fl-180">
         <path>C:\ti\tivaware_c_series_2_1_4_178\driverlib\ccs\Debug\</path>
         <kind>archive</kind>
         <file>driverlib.lib</file>
         <name>sysctl.obj</name>
      </input_file>
      <input_file id="fl-181">
         <path>C:\ti\tivaware_c_series_2_1_4_178\driverlib\ccs\Debug\</path>
         <kind>archive</kind>
         <file>driverlib.lib</file>
         <name>uart.obj</name>
      </input_file>
      <input_file id="fl-182">
         <path>C:\ti\tivaware_c_series_2_1_4_178\driverlib\ccs\Debug\</path>
         <kind>archive</kind>
         <file>driverlib.lib</file>
         <name>cpu.obj</name>
      </input_file>
   </input_file_list>
   <object_component_list>
      <object_component id="oc-f">
         <name>.intvecs</name>
         <load_address>0x0</load_address>
         <run_address>0x0</run_address>
         <size>0x26c</size>
         <input_file_ref idref="fl-7"/>
      </object_component>
      <object_component id="oc-306">
         <name>.text</name>
         <load_address>0x26c</load_address>
         <run_address>0x26c</run_address>
         <size>0x10ec</size>
         <input_file_ref idref="fl-14d"/>
      </object_component>
      <object_component id="oc-601">
         <name>.text</name>
         <load_address>0x1358</load_address>
         <run_address>0x1358</run_address>
         <size>0x3dc</size>
         <input_file_ref idref="fl-179"/>
      </object_component>
      <object_component id="oc-1f4">
         <name>.text:LCDTask</name>
         <load_address>0x1734</load_address>
         <run_address>0x1734</run_address>
         <size>0x310</size>
         <input_file_ref idref="fl-6"/>
      </object_component>
      <object_component id="oc-47a">
         <name>.text</name>
         <load_address>0x1a44</load_address>
         <run_address>0x1a44</run_address>
         <size>0x30c</size>
         <input_file_ref idref="fl-160"/>
      </object_component>
      <object_component id="oc-61e">
         <name>.text</name>
         <load_address>0x1d50</load_address>
         <run_address>0x1d50</run_address>
         <size>0x2d4</size>
         <input_file_ref idref="fl-168"/>
      </object_component>
      <object_component id="oc-490">
         <name>.text</name>
         <load_address>0x2024</load_address>
         <run_address>0x2024</run_address>
         <size>0x1f4</size>
         <input_file_ref idref="fl-16a"/>
      </object_component>
      <object_component id="oc-607">
         <name>.text</name>
         <load_address>0x2218</load_address>
         <run_address>0x2218</run_address>
         <size>0x1c4</size>
         <input_file_ref idref="fl-178"/>
      </object_component>
      <object_component id="oc-4b9">
         <name>.text</name>
         <load_address>0x23dc</load_address>
         <run_address>0x23dc</run_address>
         <size>0x1b6</size>
         <input_file_ref idref="fl-155"/>
      </object_component>
      <object_component id="oc-39">
         <name>.text:FaultISR</name>
         <load_address>0x2592</load_address>
         <run_address>0x2592</run_address>
         <size>0x2</size>
         <input_file_ref idref="fl-7"/>
      </object_component>
      <object_component id="oc-141">
         <name>.text:LCDTaskInit</name>
         <load_address>0x2594</load_address>
         <run_address>0x2594</run_address>
         <size>0x138</size>
         <input_file_ref idref="fl-6"/>
      </object_component>
      <object_component id="oc-49f">
         <name>.text</name>
         <load_address>0x26cc</load_address>
         <run_address>0x26cc</run_address>
         <size>0x136</size>
         <input_file_ref idref="fl-157"/>
      </object_component>
      <object_component id="oc-3f">
         <name>.text:IntDefaultHandler</name>
         <load_address>0x2802</load_address>
         <run_address>0x2802</run_address>
         <size>0x2</size>
         <input_file_ref idref="fl-7"/>
      </object_component>
      <object_component id="oc-300">
         <name>.text</name>
         <load_address>0x2804</load_address>
         <run_address>0x2804</run_address>
         <size>0x134</size>
         <input_file_ref idref="fl-15b"/>
      </object_component>
      <object_component id="oc-265">
         <name>.text:GPIOPadConfigSet</name>
         <load_address>0x2938</load_address>
         <run_address>0x2938</run_address>
         <size>0x132</size>
         <input_file_ref idref="fl-17c"/>
      </object_component>
      <object_component id="oc-33">
         <name>.text:NmiSR</name>
         <load_address>0x2a6a</load_address>
         <run_address>0x2a6a</run_address>
         <size>0x2</size>
         <input_file_ref idref="fl-7"/>
      </object_component>
      <object_component id="oc-31e">
         <name>.text:xQueueGenericReceive</name>
         <load_address>0x2a6c</load_address>
         <run_address>0x2a6c</run_address>
         <size>0x11c</size>
         <input_file_ref idref="fl-d"/>
      </object_component>
      <object_component id="oc-365">
         <name>.text:SysCtlClockGet</name>
         <load_address>0x2b88</load_address>
         <run_address>0x2b88</run_address>
         <size>0x110</size>
         <input_file_ref idref="fl-180"/>
      </object_component>
      <object_component id="oc-5c2">
         <name>.text</name>
         <load_address>0x2c98</load_address>
         <run_address>0x2c98</run_address>
         <size>0x110</size>
         <input_file_ref idref="fl-16b"/>
      </object_component>
      <object_component id="oc-1b7">
         <name>.text:xTaskGenericCreate</name>
         <load_address>0x2da8</load_address>
         <run_address>0x2da8</run_address>
         <size>0x104</size>
         <input_file_ref idref="fl-e"/>
      </object_component>
      <object_component id="oc-a9">
         <name>.text:xTaskIncrementTick</name>
         <load_address>0x2eac</load_address>
         <run_address>0x2eac</run_address>
         <size>0x104</size>
         <input_file_ref idref="fl-e"/>
      </object_component>
      <object_component id="oc-49a">
         <name>.text</name>
         <load_address>0x2fb0</load_address>
         <run_address>0x2fb0</run_address>
         <size>0xfc</size>
         <input_file_ref idref="fl-158"/>
      </object_component>
      <object_component id="oc-135">
         <name>.text:SysCtlClockSet</name>
         <load_address>0x30ac</load_address>
         <run_address>0x30ac</run_address>
         <size>0xf4</size>
         <input_file_ref idref="fl-180"/>
      </object_component>
      <object_component id="oc-1dc">
         <name>.text:xQueueGenericSend</name>
         <load_address>0x31a0</load_address>
         <run_address>0x31a0</run_address>
         <size>0xe8</size>
         <input_file_ref idref="fl-d"/>
      </object_component>
      <object_component id="oc-2db">
         <name>.text:xTaskResumeAll</name>
         <load_address>0x3288</load_address>
         <run_address>0x3288</run_address>
         <size>0xe4</size>
         <input_file_ref idref="fl-e"/>
      </object_component>
      <object_component id="oc-584">
         <name>.text</name>
         <load_address>0x336c</load_address>
         <run_address>0x336c</run_address>
         <size>0xdc</size>
         <input_file_ref idref="fl-174"/>
      </object_component>
      <object_component id="oc-45">
         <name>.text</name>
         <load_address>0x3448</load_address>
         <run_address>0x3448</run_address>
         <size>0xd2</size>
         <input_file_ref idref="fl-10"/>
      </object_component>
      <object_component id="oc-103">
         <name>.text:vApplicationStackOverflowHook</name>
         <load_address>0x351a</load_address>
         <run_address>0x351a</run_address>
         <size>0x2</size>
         <input_file_ref idref="fl-3"/>
      </object_component>
      <object_component id="oc-474">
         <name>.text</name>
         <load_address>0x351c</load_address>
         <run_address>0x351c</run_address>
         <size>0xc8</size>
         <input_file_ref idref="fl-171"/>
      </object_component>
      <object_component id="oc-516">
         <name>.text</name>
         <load_address>0x35e4</load_address>
         <run_address>0x35e4</run_address>
         <size>0xc0</size>
         <input_file_ref idref="fl-14b"/>
      </object_component>
      <object_component id="oc-633">
         <name>.text</name>
         <load_address>0x36a4</load_address>
         <run_address>0x36a4</run_address>
         <size>0xbe</size>
         <input_file_ref idref="fl-177"/>
      </object_component>
      <object_component id="oc-224">
         <name>.text:UartTaskReceive</name>
         <load_address>0x3764</load_address>
         <run_address>0x3764</run_address>
         <size>0xac</size>
         <input_file_ref idref="fl-9"/>
      </object_component>
      <object_component id="oc-22b">
         <name>.text:pvPortMalloc</name>
         <load_address>0x3810</load_address>
         <run_address>0x3810</run_address>
         <size>0xac</size>
         <input_file_ref idref="fl-11"/>
      </object_component>
      <object_component id="oc-46e">
         <name>.text</name>
         <load_address>0x38bc</load_address>
         <run_address>0x38bc</run_address>
         <size>0xac</size>
         <input_file_ref idref="fl-16f"/>
      </object_component>
      <object_component id="oc-29d">
         <name>.text:Get_Key</name>
         <load_address>0x3968</load_address>
         <run_address>0x3968</run_address>
         <size>0xa0</size>
         <input_file_ref idref="fl-5"/>
      </object_component>
      <object_component id="oc-53">
         <name>.text</name>
         <load_address>0x3a08</load_address>
         <run_address>0x3a08</run_address>
         <size>0x9c</size>
         <input_file_ref idref="fl-142"/>
      </object_component>
      <object_component id="oc-65f">
         <name>.text</name>
         <load_address>0x3aa4</load_address>
         <run_address>0x3aa4</run_address>
         <size>0x98</size>
         <input_file_ref idref="fl-17a"/>
      </object_component>
      <object_component id="oc-2fa">
         <name>.text</name>
         <load_address>0x3b3c</load_address>
         <run_address>0x3b3c</run_address>
         <size>0x98</size>
         <input_file_ref idref="fl-15a"/>
      </object_component>
      <object_component id="oc-4fd">
         <name>.text:vTaskPriorityInherit</name>
         <load_address>0x3bd4</load_address>
         <run_address>0x3bd4</run_address>
         <size>0x94</size>
         <input_file_ref idref="fl-e"/>
      </object_component>
      <object_component id="oc-211">
         <name>.text:configurePWM</name>
         <load_address>0x3c68</load_address>
         <run_address>0x3c68</run_address>
         <size>0x8c</size>
         <input_file_ref idref="fl-2"/>
      </object_component>
      <object_component id="oc-a2">
         <name>.text:vTaskSwitchContext</name>
         <load_address>0x3cf4</load_address>
         <run_address>0x3cf4</run_address>
         <size>0x8c</size>
         <input_file_ref idref="fl-e"/>
      </object_component>
      <object_component id="oc-341">
         <name>.text</name>
         <load_address>0x3d80</load_address>
         <run_address>0x3d80</run_address>
         <size>0x88</size>
         <input_file_ref idref="fl-146"/>
      </object_component>
      <object_component id="oc-495">
         <name>.text:__aeabi_cdcmple</name>
         <load_address>0x3e08</load_address>
         <run_address>0x3e08</run_address>
         <size>0x86</size>
         <input_file_ref idref="fl-156"/>
      </object_component>
      <object_component id="oc-4a4">
         <name>.text:__aeabi_cdrcmple</name>
         <load_address>0x3e8e</load_address>
         <run_address>0x3e8e</run_address>
         <size>0x86</size>
         <input_file_ref idref="fl-156"/>
      </object_component>
      <object_component id="oc-231">
         <name>.text:xQueueGenericReset</name>
         <load_address>0x3f14</load_address>
         <run_address>0x3f14</run_address>
         <size>0x84</size>
         <input_file_ref idref="fl-d"/>
      </object_component>
      <object_component id="oc-2a3">
         <name>.text:vTaskDelayUntil</name>
         <load_address>0x3f98</load_address>
         <run_address>0x3f98</run_address>
         <size>0x80</size>
         <input_file_ref idref="fl-e"/>
      </object_component>
      <object_component id="oc-297">
         <name>.text:Check_KPad</name>
         <load_address>0x4018</load_address>
         <run_address>0x4018</run_address>
         <size>0x7c</size>
         <input_file_ref idref="fl-5"/>
      </object_component>
      <object_component id="oc-466">
         <name>.text:xTaskPriorityDisinherit</name>
         <load_address>0x4094</load_address>
         <run_address>0x4094</run_address>
         <size>0x7c</size>
         <input_file_ref idref="fl-e"/>
      </object_component>
      <object_component id="oc-6c">
         <name>.text</name>
         <load_address>0x4110</load_address>
         <run_address>0x4110</run_address>
         <size>0x7a</size>
         <input_file_ref idref="fl-143"/>
      </object_component>
      <object_component id="oc-38d">
         <name>.text:I2C_read16BitRegister</name>
         <load_address>0x418c</load_address>
         <run_address>0x418c</run_address>
         <size>0x74</size>
         <input_file_ref idref="fl-4"/>
      </object_component>
      <object_component id="oc-2f3">
         <name>.text:xTaskRemoveFromEventList</name>
         <load_address>0x4200</load_address>
         <run_address>0x4200</run_address>
         <size>0x74</size>
         <input_file_ref idref="fl-e"/>
      </object_component>
      <object_component id="oc-2ed">
         <name>.text:prvCopyDataToQueue</name>
         <load_address>0x4274</load_address>
         <run_address>0x4274</run_address>
         <size>0x72</size>
         <input_file_ref idref="fl-d"/>
      </object_component>
      <object_component id="oc-1e2">
         <name>.text</name>
         <load_address>0x42e8</load_address>
         <run_address>0x42e8</run_address>
         <size>0x70</size>
         <input_file_ref idref="fl-145"/>
      </object_component>
      <object_component id="oc-347">
         <name>.text</name>
         <load_address>0x4358</load_address>
         <run_address>0x4358</run_address>
         <size>0x6e</size>
         <input_file_ref idref="fl-13f"/>
      </object_component>
      <object_component id="oc-7e">
         <name>.text</name>
         <load_address>0x43c8</load_address>
         <run_address>0x43c8</run_address>
         <size>0x6c</size>
         <input_file_ref idref="fl-150"/>
      </object_component>
      <object_component id="oc-5f">
         <name>.text</name>
         <load_address>0x4434</load_address>
         <run_address>0x4434</run_address>
         <size>0x6a</size>
         <input_file_ref idref="fl-13c"/>
      </object_component>
      <object_component id="oc-66e">
         <name>.text</name>
         <load_address>0x44a0</load_address>
         <run_address>0x44a0</run_address>
         <size>0x68</size>
         <input_file_ref idref="fl-169"/>
      </object_component>
      <object_component id="oc-5ba">
         <name>.text</name>
         <load_address>0x4508</load_address>
         <run_address>0x4508</run_address>
         <size>0x66</size>
         <input_file_ref idref="fl-16c"/>
      </object_component>
      <object_component id="oc-57e">
         <name>.text</name>
         <load_address>0x4570</load_address>
         <run_address>0x4570</run_address>
         <size>0x64</size>
         <input_file_ref idref="fl-172"/>
      </object_component>
      <object_component id="oc-2e7">
         <name>.text:vTaskPlaceOnEventList</name>
         <load_address>0x45d4</load_address>
         <run_address>0x45d4</run_address>
         <size>0x64</size>
         <input_file_ref idref="fl-e"/>
      </object_component>
      <object_component id="oc-2d5">
         <name>.text:prvUnlockQueue</name>
         <load_address>0x4638</load_address>
         <run_address>0x4638</run_address>
         <size>0x62</size>
         <input_file_ref idref="fl-d"/>
      </object_component>
      <object_component id="oc-20a">
         <name>.text:I2cTempTask</name>
         <load_address>0x469c</load_address>
         <run_address>0x469c</run_address>
         <size>0x60</size>
         <input_file_ref idref="fl-4"/>
      </object_component>
      <object_component id="oc-3bf">
         <name>.text:playSong</name>
         <load_address>0x46fc</load_address>
         <run_address>0x46fc</run_address>
         <size>0x60</size>
         <input_file_ref idref="fl-2"/>
      </object_component>
      <object_component id="oc-284">
         <name>.text:prvInitialiseTaskLists</name>
         <load_address>0x475c</load_address>
         <run_address>0x475c</run_address>
         <size>0x60</size>
         <input_file_ref idref="fl-e"/>
      </object_component>
      <object_component id="oc-330">
         <name>.text</name>
         <load_address>0x47bc</load_address>
         <run_address>0x47bc</run_address>
         <size>0x60</size>
         <input_file_ref idref="fl-147"/>
      </object_component>
      <object_component id="oc-15f">
         <name>.text:vTaskStartScheduler</name>
         <load_address>0x481c</load_address>
         <run_address>0x481c</run_address>
         <size>0x60</size>
         <input_file_ref idref="fl-e"/>
      </object_component>
      <object_component id="oc-1d0">
         <name>.text:Lcd_Init</name>
         <load_address>0x487c</load_address>
         <run_address>0x487c</run_address>
         <size>0x5e</size>
         <input_file_ref idref="fl-6"/>
      </object_component>
      <object_component id="oc-1fb">
         <name>.text:InitI2C0</name>
         <load_address>0x48dc</load_address>
         <run_address>0x48dc</run_address>
         <size>0x5c</size>
         <input_file_ref idref="fl-4"/>
      </object_component>
      <object_component id="oc-324">
         <name>.text:Lcd_Write_Char</name>
         <load_address>0x4938</load_address>
         <run_address>0x4938</run_address>
         <size>0x5c</size>
         <input_file_ref idref="fl-6"/>
      </object_component>
      <object_component id="oc-336">
         <name>.text:vTaskDelay</name>
         <load_address>0x4994</load_address>
         <run_address>0x4994</run_address>
         <size>0x5c</size>
         <input_file_ref idref="fl-e"/>
      </object_component>
      <object_component id="oc-147">
         <name>.text:I2cTempTaskInit</name>
         <load_address>0x49f0</load_address>
         <run_address>0x49f0</run_address>
         <size>0x58</size>
         <input_file_ref idref="fl-4"/>
      </object_component>
      <object_component id="oc-406">
         <name>.text:prvCheckTasksWaitingTermination</name>
         <load_address>0x4a48</load_address>
         <run_address>0x4a48</run_address>
         <size>0x58</size>
         <input_file_ref idref="fl-e"/>
      </object_component>
      <object_component id="oc-1bd">
         <name>.text:KeypadTask</name>
         <load_address>0x4aa0</load_address>
         <run_address>0x4aa0</run_address>
         <size>0x54</size>
         <input_file_ref idref="fl-5"/>
      </object_component>
      <object_component id="oc-2b5">
         <name>.text:Lcd_Port</name>
         <load_address>0x4af4</load_address>
         <run_address>0x4af4</run_address>
         <size>0x54</size>
         <input_file_ref idref="fl-6"/>
      </object_component>
      <object_component id="oc-272">
         <name>.text:prvInitialiseTCBVariables</name>
         <load_address>0x4b48</load_address>
         <run_address>0x4b48</run_address>
         <size>0x54</size>
         <input_file_ref idref="fl-e"/>
      </object_component>
      <object_component id="oc-4ae">
         <name>.text</name>
         <load_address>0x4b9c</load_address>
         <run_address>0x4b9c</run_address>
         <size>0x54</size>
         <input_file_ref idref="fl-161"/>
      </object_component>
      <object_component id="oc-2cf">
         <name>.text:xTaskCheckForTimeOut</name>
         <load_address>0x4bf0</load_address>
         <run_address>0x4bf0</run_address>
         <size>0x54</size>
         <input_file_ref idref="fl-e"/>
      </object_component>
      <object_component id="oc-4c4">
         <name>.text</name>
         <load_address>0x4c44</load_address>
         <run_address>0x4c44</run_address>
         <size>0x52</size>
         <input_file_ref idref="fl-15f"/>
      </object_component>
      <object_component id="oc-201">
         <name>.text:I2C_write8BitRegister</name>
         <load_address>0x4c98</load_address>
         <run_address>0x4c98</run_address>
         <size>0x50</size>
         <input_file_ref idref="fl-4"/>
      </object_component>
      <object_component id="oc-34d">
         <name>.text:SysCtlPeripheralReset</name>
         <load_address>0x4ce8</load_address>
         <run_address>0x4ce8</run_address>
         <size>0x50</size>
         <input_file_ref idref="fl-180"/>
      </object_component>
      <object_component id="oc-24">
         <name>.text</name>
         <load_address>0x4d38</load_address>
         <run_address>0x4d38</run_address>
         <size>0x50</size>
         <input_file_ref idref="fl-13a"/>
      </object_component>
      <object_component id="oc-36b">
         <name>.text:I2CMasterInitExpClk</name>
         <load_address>0x4d88</load_address>
         <run_address>0x4d88</run_address>
         <size>0x4c</size>
         <input_file_ref idref="fl-17d"/>
      </object_component>
      <object_component id="oc-21e">
         <name>.text:UART_Init</name>
         <load_address>0x4dd4</load_address>
         <run_address>0x4dd4</run_address>
         <size>0x4c</size>
         <input_file_ref idref="fl-9"/>
      </object_component>
      <object_component id="oc-d8">
         <name>.text:main</name>
         <load_address>0x4e20</load_address>
         <run_address>0x4e20</run_address>
         <size>0x4c</size>
         <input_file_ref idref="fl-3"/>
      </object_component>
      <object_component id="oc-447">
         <name>.text:prvAddCurrentTaskToDelayedList</name>
         <load_address>0x4e6c</load_address>
         <run_address>0x4e6c</run_address>
         <size>0x4c</size>
         <input_file_ref idref="fl-e"/>
      </object_component>
      <object_component id="oc-4d6">
         <name>.text</name>
         <load_address>0x4eb8</load_address>
         <run_address>0x4eb8</run_address>
         <size>0x4c</size>
         <input_file_ref idref="fl-14f"/>
      </object_component>
      <object_component id="oc-d0">
         <name>.text</name>
         <load_address>0x4f04</load_address>
         <run_address>0x4f04</run_address>
         <size>0x4c</size>
         <input_file_ref idref="fl-151"/>
      </object_component>
      <object_component id="oc-353">
         <name>.text:GPIOPinConfigure</name>
         <load_address>0x4f50</load_address>
         <run_address>0x4f50</run_address>
         <size>0x48</size>
         <input_file_ref idref="fl-17c"/>
      </object_component>
      <object_component id="oc-4a9">
         <name>.text</name>
         <load_address>0x4f98</load_address>
         <run_address>0x4f98</run_address>
         <size>0x48</size>
         <input_file_ref idref="fl-159"/>
      </object_component>
      <object_component id="oc-3cc">
         <name>.text:UARTConfigSetExpClk</name>
         <load_address>0x4fe0</load_address>
         <run_address>0x4fe0</run_address>
         <size>0x46</size>
         <input_file_ref idref="fl-181"/>
      </object_component>
      <object_component id="oc-8a">
         <name>.text</name>
         <load_address>0x5028</load_address>
         <run_address>0x5028</run_address>
         <size>0x44</size>
         <input_file_ref idref="fl-13e"/>
      </object_component>
      <object_component id="oc-411">
         <name>.text:vPortFree</name>
         <load_address>0x506c</load_address>
         <run_address>0x506c</run_address>
         <size>0x44</size>
         <input_file_ref idref="fl-11"/>
      </object_component>
      <object_component id="oc-2bb">
         <name>.text:Lcd_Cmd</name>
         <load_address>0x50b0</load_address>
         <run_address>0x50b0</run_address>
         <size>0x40</size>
         <input_file_ref idref="fl-6"/>
      </object_component>
      <object_component id="oc-153">
         <name>.text:UartTaskReceiveInit</name>
         <load_address>0x50f0</load_address>
         <run_address>0x50f0</run_address>
         <size>0x40</size>
         <input_file_ref idref="fl-9"/>
      </object_component>
      <object_component id="oc-6b2">
         <name>.text</name>
         <load_address>0x5130</load_address>
         <run_address>0x5130</run_address>
         <size>0x40</size>
         <input_file_ref idref="fl-175"/>
      </object_component>
      <object_component id="oc-23e">
         <name>.text:xPortStartScheduler</name>
         <load_address>0x5170</load_address>
         <run_address>0x5170</run_address>
         <size>0x40</size>
         <input_file_ref idref="fl-f"/>
      </object_component>
      <object_component id="oc-1b1">
         <name>.text:GPIO_Keypad_Init</name>
         <load_address>0x51b0</load_address>
         <run_address>0x51b0</run_address>
         <size>0x3c</size>
         <input_file_ref idref="fl-5"/>
      </object_component>
      <object_component id="oc-159">
         <name>.text:xQueueGenericCreate</name>
         <load_address>0x51ec</load_address>
         <run_address>0x51ec</run_address>
         <size>0x3c</size>
         <input_file_ref idref="fl-d"/>
      </object_component>
      <object_component id="oc-26c">
         <name>.text:prvAllocateTCBAndStack</name>
         <load_address>0x5228</load_address>
         <run_address>0x5228</run_address>
         <size>0x3a</size>
         <input_file_ref idref="fl-e"/>
      </object_component>
      <object_component id="oc-14d">
         <name>.text:BuzzerTaskInit</name>
         <load_address>0x5264</load_address>
         <run_address>0x5264</run_address>
         <size>0x38</size>
         <input_file_ref idref="fl-2"/>
      </object_component>
      <object_component id="oc-13b">
         <name>.text:KeypadTaskInit</name>
         <load_address>0x529c</load_address>
         <run_address>0x529c</run_address>
         <size>0x38</size>
         <input_file_ref idref="fl-5"/>
      </object_component>
      <object_component id="oc-394">
         <name>.text:SysCtlPeripheralReady</name>
         <load_address>0x52d4</load_address>
         <run_address>0x52d4</run_address>
         <size>0x38</size>
         <input_file_ref idref="fl-180"/>
      </object_component>
      <object_component id="oc-33c">
         <name>.text</name>
         <load_address>0x530c</load_address>
         <run_address>0x530c</run_address>
         <size>0x38</size>
         <input_file_ref idref="fl-140"/>
      </object_component>
      <object_component id="oc-45f">
         <name>.text:vListInsert</name>
         <load_address>0x5344</load_address>
         <run_address>0x5344</run_address>
         <size>0x38</size>
         <input_file_ref idref="fl-c"/>
      </object_component>
      <object_component id="oc-1c4">
         <name>.text:SysCtlPeripheralEnable</name>
         <load_address>0x537c</load_address>
         <run_address>0x537c</run_address>
         <size>0x34</size>
         <input_file_ref idref="fl-180"/>
      </object_component>
      <object_component id="oc-642">
         <name>.text</name>
         <load_address>0x53b0</load_address>
         <run_address>0x53b0</run_address>
         <size>0x34</size>
         <input_file_ref idref="fl-170"/>
      </object_component>
      <object_component id="oc-217">
         <name>.text:BuzzerTask</name>
         <load_address>0x53e4</load_address>
         <run_address>0x53e4</run_address>
         <size>0x30</size>
         <input_file_ref idref="fl-2"/>
      </object_component>
      <object_component id="oc-3e0">
         <name>.text:prvHeapInit</name>
         <load_address>0x5414</load_address>
         <run_address>0x5414</run_address>
         <size>0x30</size>
         <input_file_ref idref="fl-11"/>
      </object_component>
      <object_component id="oc-597">
         <name>.text</name>
         <load_address>0x5444</load_address>
         <run_address>0x5444</run_address>
         <size>0x30</size>
         <input_file_ref idref="fl-167"/>
      </object_component>
      <object_component id="oc-5c8">
         <name>.text</name>
         <load_address>0x5474</load_address>
         <run_address>0x5474</run_address>
         <size>0x30</size>
         <input_file_ref idref="fl-16d"/>
      </object_component>
      <object_component id="oc-4b4">
         <name>.text</name>
         <load_address>0x54a4</load_address>
         <run_address>0x54a4</run_address>
         <size>0x2e</size>
         <input_file_ref idref="fl-15e"/>
      </object_component>
      <object_component id="oc-690">
         <name>.text</name>
         <load_address>0x54d2</load_address>
         <run_address>0x54d2</run_address>
         <size>0x2e</size>
         <input_file_ref idref="fl-173"/>
      </object_component>
      <object_component id="oc-4a">
         <name>.text:xPortSysTickHandler</name>
         <load_address>0x5500</load_address>
         <run_address>0x5500</run_address>
         <size>0x2c</size>
         <input_file_ref idref="fl-f"/>
      </object_component>
      <object_component id="oc-2ad">
         <name>.text:GPIODirModeSet</name>
         <load_address>0x552c</load_address>
         <run_address>0x552c</run_address>
         <size>0x2a</size>
         <input_file_ref idref="fl-17c"/>
      </object_component>
      <object_component id="oc-4be">
         <name>.text</name>
         <load_address>0x5556</load_address>
         <run_address>0x5556</run_address>
         <size>0x2a</size>
         <input_file_ref idref="fl-15c"/>
      </object_component>
      <object_component id="oc-10d">
         <name>.text:prvResetNextTaskUnblockTime</name>
         <load_address>0x5580</load_address>
         <run_address>0x5580</run_address>
         <size>0x28</size>
         <input_file_ref idref="fl-e"/>
      </object_component>
      <object_component id="oc-278">
         <name>.text:pxPortInitialiseStack</name>
         <load_address>0x55a8</load_address>
         <run_address>0x55a8</run_address>
         <size>0x28</size>
         <input_file_ref idref="fl-f"/>
      </object_component>
      <object_component id="oc-503">
         <name>.text:prvCopyDataFromQueue</name>
         <load_address>0x55d0</load_address>
         <run_address>0x55d0</run_address>
         <size>0x26</size>
         <input_file_ref idref="fl-d"/>
      </object_component>
      <object_component id="oc-3a0">
         <name>.text:PWMGenConfigure</name>
         <load_address>0x55f6</load_address>
         <run_address>0x55f6</run_address>
         <size>0x22</size>
         <input_file_ref idref="fl-17f"/>
      </object_component>
      <object_component id="oc-549">
         <name>.text:UARTDisable</name>
         <load_address>0x5618</load_address>
         <run_address>0x5618</run_address>
         <size>0x20</size>
         <input_file_ref idref="fl-181"/>
      </object_component>
      <object_component id="oc-488">
         <name>.text</name>
         <load_address>0x5638</load_address>
         <run_address>0x5638</run_address>
         <size>0x20</size>
         <input_file_ref idref="fl-163"/>
      </object_component>
      <object_component id="oc-113">
         <name>.text:uxListRemove</name>
         <load_address>0x5658</load_address>
         <run_address>0x5658</run_address>
         <size>0x20</size>
         <input_file_ref idref="fl-c"/>
      </object_component>
      <object_component id="oc-3ac">
         <name>.text:PWMPulseWidthSet</name>
         <load_address>0x5678</load_address>
         <run_address>0x5678</run_address>
         <size>0x1e</size>
         <input_file_ref idref="fl-17f"/>
      </object_component>
      <object_component id="oc-2e1">
         <name>.text:prvIsQueueFull</name>
         <load_address>0x5696</load_address>
         <run_address>0x5696</run_address>
         <size>0x1c</size>
         <input_file_ref idref="fl-d"/>
      </object_component>
      <object_component id="oc-4d0">
         <name>.text</name>
         <load_address>0x56b2</load_address>
         <run_address>0x56b2</run_address>
         <size>0x1c</size>
         <input_file_ref idref="fl-162"/>
      </object_component>
      <object_component id="oc-27e">
         <name>.text:vPortEnterCritical</name>
         <load_address>0x56d0</load_address>
         <run_address>0x56d0</run_address>
         <size>0x1c</size>
         <input_file_ref idref="fl-f"/>
      </object_component>
      <object_component id="oc-4f7">
         <name>.text:prvIsQueueEmpty</name>
         <load_address>0x56ec</load_address>
         <run_address>0x56ec</run_address>
         <size>0x1a</size>
         <input_file_ref idref="fl-d"/>
      </object_component>
      <object_component id="oc-1ca">
         <name>.text:GPIOPinTypeGPIOOutput</name>
         <load_address>0x5706</load_address>
         <run_address>0x5706</run_address>
         <size>0x18</size>
         <input_file_ref idref="fl-17c"/>
      </object_component>
      <object_component id="oc-509">
         <name>.text:pvTaskIncrementMutexHeldCount</name>
         <load_address>0x5720</load_address>
         <run_address>0x5720</run_address>
         <size>0x18</size>
         <input_file_ref idref="fl-e"/>
      </object_component>
      <object_component id="oc-84">
         <name>.text</name>
         <load_address>0x5738</load_address>
         <run_address>0x5738</run_address>
         <size>0x18</size>
         <input_file_ref idref="fl-14e"/>
      </object_component>
      <object_component id="oc-591">
         <name>.text</name>
         <load_address>0x5750</load_address>
         <run_address>0x5750</run_address>
         <size>0x18</size>
         <input_file_ref idref="fl-165"/>
      </object_component>
      <object_component id="oc-119">
         <name>.text:vListInsertEnd</name>
         <load_address>0x5768</load_address>
         <run_address>0x5768</run_address>
         <size>0x18</size>
         <input_file_ref idref="fl-c"/>
      </object_component>
      <object_component id="oc-28a">
         <name>.text:vPortExitCritical</name>
         <load_address>0x5780</load_address>
         <run_address>0x5780</run_address>
         <size>0x18</size>
         <input_file_ref idref="fl-f"/>
      </object_component>
      <object_component id="oc-2c3">
         <name>.text:vTaskSetTimeOutState</name>
         <load_address>0x5798</load_address>
         <run_address>0x5798</run_address>
         <size>0x18</size>
         <input_file_ref idref="fl-e"/>
      </object_component>
      <object_component id="oc-4ca">
         <name>.text</name>
         <load_address>0x57b0</load_address>
         <run_address>0x57b0</run_address>
         <size>0x16</size>
         <input_file_ref idref="fl-164"/>
      </object_component>
      <object_component id="oc-3ee">
         <name>.text:vListInitialise</name>
         <load_address>0x57c6</load_address>
         <run_address>0x57c6</run_address>
         <size>0x16</size>
         <input_file_ref idref="fl-c"/>
      </object_component>
      <object_component id="oc-32a">
         <name>.text:Lcd_Write_String</name>
         <load_address>0x57dc</load_address>
         <run_address>0x57dc</run_address>
         <size>0x14</size>
         <input_file_ref idref="fl-6"/>
      </object_component>
      <object_component id="oc-54f">
         <name>.text:UARTEnable</name>
         <load_address>0x57f0</load_address>
         <run_address>0x57f0</run_address>
         <size>0x14</size>
         <input_file_ref idref="fl-181"/>
      </object_component>
      <object_component id="oc-170">
         <name>.text</name>
         <load_address>0x5804</load_address>
         <run_address>0x5804</run_address>
         <size>0x14</size>
         <input_file_ref idref="fl-14c"/>
      </object_component>
      <object_component id="oc-674">
         <name>.text</name>
         <load_address>0x5818</load_address>
         <run_address>0x5818</run_address>
         <size>0x14</size>
         <input_file_ref idref="fl-176"/>
      </object_component>
      <object_component id="oc-482">
         <name>.text</name>
         <load_address>0x582c</load_address>
         <run_address>0x582c</run_address>
         <size>0x14</size>
         <input_file_ref idref="fl-166"/>
      </object_component>
      <object_component id="oc-3fc">
         <name>.text:vPortSetupTimerInterrupt</name>
         <load_address>0x5840</load_address>
         <run_address>0x5840</run_address>
         <size>0x14</size>
         <input_file_ref idref="fl-f"/>
      </object_component>
      <object_component id="oc-25f">
         <name>.text:GPIOPinTypeGPIOInput</name>
         <load_address>0x5854</load_address>
         <run_address>0x5854</run_address>
         <size>0x12</size>
         <input_file_ref idref="fl-17c"/>
      </object_component>
      <object_component id="oc-35f">
         <name>.text:GPIOPinTypeI2C</name>
         <load_address>0x5866</load_address>
         <run_address>0x5866</run_address>
         <size>0x12</size>
         <input_file_ref idref="fl-17c"/>
      </object_component>
      <object_component id="oc-359">
         <name>.text:GPIOPinTypeI2CSCL</name>
         <load_address>0x5878</load_address>
         <run_address>0x5878</run_address>
         <size>0x12</size>
         <input_file_ref idref="fl-17c"/>
      </object_component>
      <object_component id="oc-39a">
         <name>.text:GPIOPinTypePWM</name>
         <load_address>0x588a</load_address>
         <run_address>0x588a</run_address>
         <size>0x12</size>
         <input_file_ref idref="fl-17c"/>
      </object_component>
      <object_component id="oc-3c6">
         <name>.text:GPIOPinTypeUART</name>
         <load_address>0x589c</load_address>
         <run_address>0x589c</run_address>
         <size>0x12</size>
         <input_file_ref idref="fl-17c"/>
      </object_component>
      <object_component id="oc-3b8">
         <name>.text:PWMOutputState</name>
         <load_address>0x58ae</load_address>
         <run_address>0x58ae</run_address>
         <size>0x12</size>
         <input_file_ref idref="fl-17f"/>
      </object_component>
      <object_component id="oc-56a">
         <name>.text:prvDeleteTCB</name>
         <load_address>0x58c0</load_address>
         <run_address>0x58c0</run_address>
         <size>0x12</size>
         <input_file_ref idref="fl-e"/>
      </object_component>
      <object_component id="oc-1d6">
         <name>.text:Lcd_Clear</name>
         <load_address>0x58d2</load_address>
         <run_address>0x58d2</run_address>
         <size>0x10</size>
         <input_file_ref idref="fl-6"/>
      </object_component>
      <object_component id="oc-3a6">
         <name>.text:PWMGenPeriodSet</name>
         <load_address>0x58e2</load_address>
         <run_address>0x58e2</run_address>
         <size>0x10</size>
         <input_file_ref idref="fl-17f"/>
      </object_component>
      <object_component id="oc-41f">
         <name>.text:prvTaskExitError</name>
         <load_address>0x58f2</load_address>
         <run_address>0x58f2</run_address>
         <size>0x10</size>
         <input_file_ref idref="fl-f"/>
      </object_component>
      <object_component id="oc-2c9">
         <name>.text:vTaskSuspendAll</name>
         <load_address>0x5904</load_address>
         <run_address>0x5904</run_address>
         <size>0x10</size>
         <input_file_ref idref="fl-e"/>
      </object_component>
      <object_component id="oc-3d3">
         <name>.text:UARTCharsAvail</name>
         <load_address>0x5914</load_address>
         <run_address>0x5914</run_address>
         <size>0xe</size>
         <input_file_ref idref="fl-181"/>
      </object_component>
      <object_component id="oc-12">
         <name>.text:decompress:none</name>
         <load_address>0x5922</load_address>
         <run_address>0x5922</run_address>
         <size>0xe</size>
         <input_file_ref idref="fl-13b"/>
      </object_component>
      <object_component id="oc-3b2">
         <name>.text:PWMGenEnable</name>
         <load_address>0x5930</load_address>
         <run_address>0x5930</run_address>
         <size>0xc</size>
         <input_file_ref idref="fl-17f"/>
      </object_component>
      <object_component id="oc-1e">
         <name>.text:decompress:ZI</name>
         <load_address>0x593c</load_address>
         <run_address>0x593c</run_address>
         <size>0xc</size>
         <input_file_ref idref="fl-13d"/>
      </object_component>
      <object_component id="oc-456">
         <name>.text:vTaskMissedYield</name>
         <load_address>0x5948</load_address>
         <run_address>0x5948</run_address>
         <size>0xc</size>
         <input_file_ref idref="fl-e"/>
      </object_component>
      <object_component id="oc-291">
         <name>.text:xTaskGetTickCount</name>
         <load_address>0x5954</load_address>
         <run_address>0x5954</run_address>
         <size>0xc</size>
         <input_file_ref idref="fl-e"/>
      </object_component>
      <object_component id="oc-529">
         <name>.text:I2CMasterEnable</name>
         <load_address>0x5960</load_address>
         <run_address>0x5960</run_address>
         <size>0xa</size>
         <input_file_ref idref="fl-17d"/>
      </object_component>
      <object_component id="oc-3d9">
         <name>.text:UARTCharGet</name>
         <load_address>0x596a</load_address>
         <run_address>0x596a</run_address>
         <size>0xa</size>
         <input_file_ref idref="fl-181"/>
      </object_component>
      <object_component id="oc-384">
         <name>.text:I2CMasterBusy</name>
         <load_address>0x5974</load_address>
         <run_address>0x5974</run_address>
         <size>0x8</size>
         <input_file_ref idref="fl-17d"/>
      </object_component>
      <object_component id="oc-372">
         <name>.text:I2CMasterSlaveAddrSet</name>
         <load_address>0x597c</load_address>
         <run_address>0x597c</run_address>
         <size>0x8</size>
         <input_file_ref idref="fl-17d"/>
      </object_component>
      <object_component id="oc-244">
         <name>.text:prvIdleTask</name>
         <load_address>0x5984</load_address>
         <run_address>0x5984</run_address>
         <size>0x8</size>
         <input_file_ref idref="fl-e"/>
      </object_component>
      <object_component id="oc-435">
         <name>.text:GPIOPinRead</name>
         <load_address>0x598c</load_address>
         <run_address>0x598c</run_address>
         <size>0x6</size>
         <input_file_ref idref="fl-17c"/>
      </object_component>
      <object_component id="oc-42f">
         <name>.text:GPIOPinWrite</name>
         <load_address>0x5992</load_address>
         <run_address>0x5992</run_address>
         <size>0x6</size>
         <input_file_ref idref="fl-17c"/>
      </object_component>
      <object_component id="oc-2d">
         <name>.text:ResetISR</name>
         <load_address>0x5998</load_address>
         <run_address>0x5998</run_address>
         <size>0x6</size>
         <input_file_ref idref="fl-7"/>
      </object_component>
      <object_component id="oc-1ae">
         <name>.text:SysCtlDelay</name>
         <load_address>0x599e</load_address>
         <run_address>0x599e</run_address>
         <size>0x6</size>
         <input_file_ref idref="fl-180"/>
      </object_component>
      <object_component id="oc-18">
         <name>.text:decompress:rle24</name>
         <load_address>0x59a4</load_address>
         <run_address>0x59a4</run_address>
         <size>0x6</size>
         <input_file_ref idref="fl-13c"/>
      </object_component>
      <object_component id="oc-418">
         <name>.text:vListInitialiseItem</name>
         <load_address>0x59aa</load_address>
         <run_address>0x59aa</run_address>
         <size>0x6</size>
         <input_file_ref idref="fl-c"/>
      </object_component>
      <object_component id="oc-37e">
         <name>.text:I2CMasterControl</name>
         <load_address>0x59b0</load_address>
         <run_address>0x59b0</run_address>
         <size>0x4</size>
         <input_file_ref idref="fl-17d"/>
      </object_component>
      <object_component id="oc-535">
         <name>.text:I2CMasterDataGet</name>
         <load_address>0x59b4</load_address>
         <run_address>0x59b4</run_address>
         <size>0x4</size>
         <input_file_ref idref="fl-17d"/>
      </object_component>
      <object_component id="oc-378">
         <name>.text:I2CMasterDataPut</name>
         <load_address>0x59b8</load_address>
         <run_address>0x59b8</run_address>
         <size>0x4</size>
         <input_file_ref idref="fl-17d"/>
      </object_component>
      <object_component id="oc-78">
         <name>.text</name>
         <load_address>0x59bc</load_address>
         <run_address>0x59bc</run_address>
         <size>0x4</size>
         <input_file_ref idref="fl-144"/>
      </object_component>
      <object_component id="oc-5d4">
         <name>.const:.string:_ctypes_</name>
         <load_address>0x59c0</load_address>
         <run_address>0x59c0</run_address>
         <size>0x101</size>
         <input_file_ref idref="fl-152"/>
      </object_component>
      <object_component id="oc-51f">
         <name>.const:g_pui32GPIOBaseAddrs</name>
         <load_address>0x5ac4</load_address>
         <run_address>0x5ac4</run_address>
         <size>0x90</size>
         <input_file_ref idref="fl-17c"/>
      </object_component>
      <object_component id="oc-525">
         <name>.const:g_pui32Xtals</name>
         <load_address>0x5b54</load_address>
         <run_address>0x5b54</run_address>
         <size>0x6c</size>
         <input_file_ref idref="fl-180"/>
      </object_component>
      <object_component id="oc-5e8">
         <name>.const</name>
         <load_address>0x5bc0</load_address>
         <run_address>0x5bc0</run_address>
         <size>0x30</size>
         <input_file_ref idref="fl-14b"/>
      </object_component>
      <object_component id="oc-544">
         <name>.const</name>
         <load_address>0x5bf0</load_address>
         <run_address>0x5bf0</run_address>
         <size>0x20</size>
         <input_file_ref idref="fl-2"/>
      </object_component>
      <object_component id="oc-443">
         <name>.const</name>
         <load_address>0x5c10</load_address>
         <run_address>0x5c10</run_address>
         <size>0x10</size>
         <input_file_ref idref="fl-5"/>
      </object_component>
      <object_component id="oc-9f">
         <name>.const</name>
         <load_address>0x5c20</load_address>
         <run_address>0x5c20</run_address>
         <size>0x4</size>
         <input_file_ref idref="fl-f"/>
      </object_component>
      <object_component id="oc-702">
         <name>.cinit..data.load</name>
         <load_address>0x5c28</load_address>
         <run_address>0x5c28</run_address>
         <size>0xc6</size>
      </object_component>
      <object_component id="oc-700">
         <name>__TI_handler_table</name>
         <load_address>0x5cf0</load_address>
         <run_address>0x5cf0</run_address>
         <size>0xc</size>
      </object_component>
      <object_component id="oc-703">
         <name>.cinit..bss.load</name>
         <load_address>0x5d00</load_address>
         <run_address>0x5d00</run_address>
         <size>0x8</size>
      </object_component>
      <object_component id="oc-701">
         <name>__TI_cinit_table</name>
         <load_address>0x5d08</load_address>
         <run_address>0x5d08</run_address>
         <size>0x10</size>
      </object_component>
      <object_component id="oc-2a">
         <name>.sysmem</name>
         <uninitialized>true</uninitialized>
         <run_address>0x20007e60</run_address>
         <size>0x8</size>
         <input_file_ref idref="fl-179"/>
      </object_component>
      <object_component id="oc-705">
         <name>.sysmem</name>
         <uninitialized>true</uninitialized>
         <run_address>0x20007e60</run_address>
         <size>0x0</size>
      </object_component>
      <object_component id="oc-29">
         <name>.stack</name>
         <uninitialized>true</uninitialized>
         <run_address>0x20007c5c</run_address>
         <size>0x0</size>
         <input_file_ref idref="fl-13a"/>
      </object_component>
      <object_component id="oc-704">
         <name>.stack</name>
         <uninitialized>true</uninitialized>
         <run_address>0x20007c5c</run_address>
         <size>0x0</size>
      </object_component>
      <object_component id="oc-109">
         <name>.bss:pxReadyTasksLists</name>
         <uninitialized>true</uninitialized>
         <run_address>0x20007530</run_address>
         <size>0x140</size>
         <input_file_ref idref="fl-e"/>
      </object_component>
      <object_component id="oc-559">
         <name>.bss:ucHeap</name>
         <uninitialized>true</uninitialized>
         <run_address>0x20000000</run_address>
         <size>0x7530</size>
         <input_file_ref idref="fl-11"/>
      </object_component>
      <object_component id="oc-6a0">
         <name>.bss:__TI_tmpnams</name>
         <uninitialized>true</uninitialized>
         <run_address>0x20007790</run_address>
         <size>0xa0</size>
         <input_file_ref idref="fl-153"/>
      </object_component>
      <object_component id="oc-6a7">
         <name>.bss:__CIOBUF_</name>
         <uninitialized>true</uninitialized>
         <run_address>0x20007670</run_address>
         <size>0x120</size>
         <input_file_ref idref="fl-169"/>
      </object_component>
      <object_component id="oc-165">
         <name>.common:g_BuzzerSemaphore</name>
         <uninitialized>true</uninitialized>
         <run_address>0x200078ac</run_address>
         <size>0x4</size>
      </object_component>
      <object_component id="oc-1ed">
         <name>.common:g_pI2cTempQueue</name>
         <uninitialized>true</uninitialized>
         <run_address>0x200078b0</run_address>
         <size>0x4</size>
      </object_component>
      <object_component id="oc-43c">
         <name>.common:i</name>
         <uninitialized>true</uninitialized>
         <run_address>0x200078cf</run_address>
         <size>0x1</size>
      </object_component>
      <object_component id="oc-441">
         <name>.common:cur_Col</name>
         <uninitialized>true</uninitialized>
         <run_address>0x200078cd</run_address>
         <size>0x1</size>
      </object_component>
      <object_component id="oc-442">
         <name>.common:cur_Row</name>
         <uninitialized>true</uninitialized>
         <run_address>0x200078ce</run_address>
         <size>0x1</size>
      </object_component>
      <object_component id="oc-2a9">
         <name>.common:Test</name>
         <uninitialized>true</uninitialized>
         <run_address>0x200078cc</run_address>
         <size>0x1</size>
      </object_component>
      <object_component id="oc-43b">
         <name>.common:idk</name>
         <uninitialized>true</uninitialized>
         <run_address>0x200078b8</run_address>
         <size>0x4</size>
      </object_component>
      <object_component id="oc-2aa">
         <name>.common:temp</name>
         <uninitialized>true</uninitialized>
         <run_address>0x200078d0</run_address>
         <size>0x1</size>
      </object_component>
      <object_component id="oc-1e8">
         <name>.common:g_pKeypadQueue</name>
         <uninitialized>true</uninitialized>
         <run_address>0x200078b4</run_address>
         <size>0x4</size>
      </object_component>
      <object_component id="oc-1f0">
         <name>.common:uart_queue</name>
         <uninitialized>true</uninitialized>
         <run_address>0x200078c4</run_address>
         <size>0x4</size>
      </object_component>
      <object_component id="oc-1f3">
         <name>.common:uart_queue_counter</name>
         <uninitialized>true</uninitialized>
         <run_address>0x200078c8</run_address>
         <size>0x4</size>
      </object_component>
      <object_component id="oc-427">
         <name>.common:xDelayedTaskList1</name>
         <uninitialized>true</uninitialized>
         <run_address>0x20007830</run_address>
         <size>0x14</size>
      </object_component>
      <object_component id="oc-428">
         <name>.common:xDelayedTaskList2</name>
         <uninitialized>true</uninitialized>
         <run_address>0x20007844</run_address>
         <size>0x14</size>
      </object_component>
      <object_component id="oc-11f">
         <name>.common:pxDelayedTaskList</name>
         <uninitialized>true</uninitialized>
         <run_address>0x200078bc</run_address>
         <size>0x4</size>
      </object_component>
      <object_component id="oc-120">
         <name>.common:pxOverflowDelayedTaskList</name>
         <uninitialized>true</uninitialized>
         <run_address>0x200078c0</run_address>
         <size>0x4</size>
      </object_component>
      <object_component id="oc-429">
         <name>.common:xPendingReadyList</name>
         <uninitialized>true</uninitialized>
         <run_address>0x20007858</run_address>
         <size>0x14</size>
      </object_component>
      <object_component id="oc-42a">
         <name>.common:xTasksWaitingTermination</name>
         <uninitialized>true</uninitialized>
         <run_address>0x20007880</run_address>
         <size>0x14</size>
      </object_component>
      <object_component id="oc-42b">
         <name>.common:xSuspendedTaskList</name>
         <uninitialized>true</uninitialized>
         <run_address>0x2000786c</run_address>
         <size>0x14</size>
      </object_component>
      <object_component id="oc-3e9">
         <name>.common:xStart</name>
         <uninitialized>true</uninitialized>
         <run_address>0x200078a4</run_address>
         <size>0x8</size>
      </object_component>
      <object_component id="oc-3ec">
         <name>.common:xEnd</name>
         <uninitialized>true</uninitialized>
         <run_address>0x2000789c</run_address>
         <size>0x8</size>
      </object_component>
      <object_component id="oc-67a">
         <name>.common:parmbuf</name>
         <uninitialized>true</uninitialized>
         <run_address>0x20007894</run_address>
         <size>0x8</size>
      </object_component>
      <object_component id="oc-207">
         <name>.data</name>
         <load_address>0x20007c08</load_address>
         <run_address>0x20007c08</run_address>
         <size>0xc</size>
         <input_file_ref idref="fl-4"/>
      </object_component>
      <object_component id="oc-43e">
         <name>.data</name>
         <load_address>0x20007c20</load_address>
         <run_address>0x20007c20</run_address>
         <size>0xa</size>
         <input_file_ref idref="fl-5"/>
      </object_component>
      <object_component id="oc-9c">
         <name>.data</name>
         <load_address>0x20007bc8</load_address>
         <run_address>0x20007bc8</run_address>
         <size>0x30</size>
         <input_file_ref idref="fl-e"/>
      </object_component>
      <object_component id="oc-402">
         <name>.data</name>
         <load_address>0x20007c4c</load_address>
         <run_address>0x20007c4c</run_address>
         <size>0x4</size>
         <input_file_ref idref="fl-f"/>
      </object_component>
      <object_component id="oc-3e6">
         <name>.data</name>
         <load_address>0x20007c2c</load_address>
         <run_address>0x20007c2c</run_address>
         <size>0x8</size>
         <input_file_ref idref="fl-11"/>
      </object_component>
      <object_component id="oc-e3">
         <name>.data</name>
         <load_address>0x20007c3c</load_address>
         <run_address>0x20007c3c</run_address>
         <size>0x8</size>
         <input_file_ref idref="fl-13e"/>
      </object_component>
      <object_component id="oc-90">
         <name>.data</name>
         <load_address>0x20007c58</load_address>
         <run_address>0x20007c58</run_address>
         <size>0x4</size>
         <input_file_ref idref="fl-148"/>
      </object_component>
      <object_component id="oc-e0">
         <name>.data</name>
         <load_address>0x20007c34</load_address>
         <run_address>0x20007c34</run_address>
         <size>0x8</size>
         <input_file_ref idref="fl-14c"/>
      </object_component>
      <object_component id="oc-30c">
         <name>.data:_ftable</name>
         <load_address>0x200078d8</load_address>
         <run_address>0x200078d8</run_address>
         <size>0xf0</size>
         <input_file_ref idref="fl-153"/>
      </object_component>
      <object_component id="oc-58c">
         <name>.data</name>
         <load_address>0x20007bf8</load_address>
         <run_address>0x20007bf8</run_address>
         <size>0x10</size>
         <input_file_ref idref="fl-153"/>
      </object_component>
      <object_component id="oc-648">
         <name>.data</name>
         <load_address>0x20007c50</load_address>
         <run_address>0x20007c50</run_address>
         <size>0x4</size>
         <input_file_ref idref="fl-154"/>
      </object_component>
      <object_component id="oc-59d">
         <name>.data</name>
         <load_address>0x200079c8</load_address>
         <run_address>0x200079c8</run_address>
         <size>0xd0</size>
         <input_file_ref idref="fl-160"/>
      </object_component>
      <object_component id="oc-63d">
         <name>.data</name>
         <load_address>0x20007b48</load_address>
         <run_address>0x20007b48</run_address>
         <size>0x80</size>
         <input_file_ref idref="fl-16e"/>
      </object_component>
      <object_component id="oc-696">
         <name>.data</name>
         <load_address>0x20007c44</load_address>
         <run_address>0x20007c44</run_address>
[...]
      <symbol id="sm-8c1">
         <name>__aeabi_stdout</name>
         <value>0x20007c00</value>
         <object_component_ref idref="oc-58c"/>
      </symbol>
      <symbol id="sm-8c2">
         <name>__TI_tmpnams</name>
         <value>0x20007790</value>
         <object_component_ref idref="oc-6a0"/>
      </symbol>
      <symbol id="sm-8c3">
         <name>__aeabi_stderr</name>
         <value>0x20007c04</value>
         <object_component_ref idref="oc-58c"/>
      </symbol>
      <symbol id="sm-8c4">
         <name>__aeabi_stdin</name>
         <value>0x20007bfc</value>
         <object_component_ref idref="oc-58c"/>
      </symbol>
      <symbol id="sm-8c5">
         <name>_ftable</name>
         <value>0x200078d8</value>
         <object_component_ref idref="oc-30c"/>
      </symbol>
      <symbol id="sm-8c6">
         <name>__TI_ft_end</name>
         <value>0x20007bf8</value>
         <object_component_ref idref="oc-58c"/>
      </symbol>
      <symbol id="sm-8ce">
         <name>_Errno</name>
         <value>0x20007c50</value>
         <object_component_ref idref="oc-648"/>
      </symbol>
      <symbol id="sm-8f2">
         <name>__aeabi_dsub</name>
         <value>0x23dd</value>
         <object_component_ref idref="oc-4b9"/>
      </symbol>
      <symbol id="sm-8f3">
         <name>__aeabi_dadd</name>
         <value>0x23e7</value>
         <object_component_ref idref="oc-4b9"/>
      </symbol>
      <symbol id="sm-91a">
         <name>__aeabi_cdcmpeq</name>
         <value>0x3e09</value>
         <object_component_ref idref="oc-495"/>
      </symbol>
      <symbol id="sm-91b">
         <name>__aeabi_cdcmple</name>
         <value>0x3e09</value>
         <object_component_ref idref="oc-495"/>
      </symbol>
      <symbol id="sm-91c">
         <name>__aeabi_cdrcmple</name>
         <value>0x3e8f</value>
         <object_component_ref idref="oc-4a4"/>
      </symbol>
      <symbol id="sm-93c">
         <name>__aeabi_ddiv</name>
         <value>0x26cd</value>
         <object_component_ref idref="oc-49f"/>
      </symbol>
      <symbol id="sm-953">
         <name>__aeabi_dmul</name>
         <value>0x2fb1</value>
         <object_component_ref idref="oc-49a"/>
      </symbol>
      <symbol id="sm-961">
         <name>__aeabi_d2iz</name>
         <value>0x4f99</value>
         <object_component_ref idref="oc-4a9"/>
      </symbol>
      <symbol id="sm-978">
         <name>putc</name>
         <value>0x3b3d</value>
         <object_component_ref idref="oc-2fa"/>
      </symbol>
      <symbol id="sm-979">
         <name>fputc</name>
         <value>0x3b3d</value>
         <object_component_ref idref="oc-2fa"/>
      </symbol>
      <symbol id="sm-97a">
         <name>putchar</name>
         <value>0x3bc1</value>
         <object_component_ref idref="oc-2fa"/>
      </symbol>
      <symbol id="sm-99c">
         <name>puts</name>
         <value>0x2911</value>
         <object_component_ref idref="oc-300"/>
      </symbol>
      <symbol id="sm-99d">
         <name>fputs</name>
         <value>0x2805</value>
         <object_component_ref idref="oc-300"/>
      </symbol>
      <symbol id="sm-9aa">
         <name>frexp</name>
         <value>0x5557</value>
         <object_component_ref idref="oc-4be"/>
      </symbol>
      <symbol id="sm-9b7">
         <name>__aeabi_i2d</name>
         <value>0x54a5</value>
         <object_component_ref idref="oc-4b4"/>
      </symbol>
      <symbol id="sm-9c8">
         <name>ldexp</name>
         <value>0x4c45</value>
         <object_component_ref idref="oc-4c4"/>
      </symbol>
      <symbol id="sm-a1a">
         <name>open</name>
         <value>0x1b83</value>
         <object_component_ref idref="oc-47a"/>
      </symbol>
      <symbol id="sm-a1b">
         <name>add_device</name>
         <value>0x1ca5</value>
         <object_component_ref idref="oc-47a"/>
      </symbol>
      <symbol id="sm-a1c">
         <name>remove_device</name>
         <value>0x1b37</value>
         <object_component_ref idref="oc-47a"/>
      </symbol>
      <symbol id="sm-a1d">
         <name>lseek</name>
         <value>0x1c31</value>
         <object_component_ref idref="oc-47a"/>
      </symbol>
      <symbol id="sm-a1e">
         <name>read</name>
         <value>0x1b5f</value>
         <object_component_ref idref="oc-47a"/>
      </symbol>
      <symbol id="sm-a1f">
         <name>rename</name>
         <value>0x1af9</value>
         <object_component_ref idref="oc-47a"/>
      </symbol>
      <symbol id="sm-a20">
         <name>write</name>
         <value>0x1a45</value>
         <object_component_ref idref="oc-47a"/>
      </symbol>
      <symbol id="sm-a21">
         <name>close</name>
         <value>0x1c55</value>
         <object_component_ref idref="oc-47a"/>
      </symbol>
      <symbol id="sm-a22">
         <name>unlink</name>
         <value>0x1ad5</value>
         <object_component_ref idref="oc-47a"/>
      </symbol>
      <symbol id="sm-a31">
         <name>ltoa</name>
         <value>0x4b9d</value>
         <object_component_ref idref="oc-4ae"/>
      </symbol>
      <symbol id="sm-a41">
         <name>memccpy</name>
         <value>0x56b3</value>
         <object_component_ref idref="oc-4d0"/>
      </symbol>
      <symbol id="sm-a51">
         <name>memchr</name>
         <value>0x5639</value>
         <object_component_ref idref="oc-488"/>
      </symbol>
      <symbol id="sm-a61">
         <name>strchr</name>
         <value>0x57b1</value>
         <object_component_ref idref="oc-4ca"/>
      </symbol>
      <symbol id="sm-a70">
         <name>strcmp</name>
         <value>0x5751</value>
         <object_component_ref idref="oc-591"/>
      </symbol>
      <symbol id="sm-a7e">
         <name>strlen</name>
         <value>0x582d</value>
         <object_component_ref idref="oc-482"/>
      </symbol>
      <symbol id="sm-a8e">
         <name>strncpy</name>
         <value>0x5445</value>
         <object_component_ref idref="oc-597"/>
      </symbol>
      <symbol id="sm-aaf">
         <name>HOSTgetenv</name>
         <value>0x1f67</value>
         <object_component_ref idref="oc-61e"/>
      </symbol>
      <symbol id="sm-ab0">
         <name>HOSTrename</name>
         <value>0x1e0f</value>
         <object_component_ref idref="oc-61e"/>
      </symbol>
      <symbol id="sm-ab1">
         <name>HOSTclose</name>
         <value>0x1fa5</value>
         <object_component_ref idref="oc-61e"/>
      </symbol>
      <symbol id="sm-ab2">
         <name>HOSTunlink</name>
         <value>0x1d9d</value>
         <object_component_ref idref="oc-61e"/>
      </symbol>
      <symbol id="sm-ab3">
         <name>HOSTlseek</name>
         <value>0x1f0b</value>
         <object_component_ref idref="oc-61e"/>
      </symbol>
      <symbol id="sm-ab4">
         <name>HOSTopen</name>
         <value>0x1eb9</value>
         <object_component_ref idref="oc-61e"/>
      </symbol>
      <symbol id="sm-ab5">
         <name>HOSTclock</name>
         <value>0x1fdd</value>
         <object_component_ref idref="oc-61e"/>
      </symbol>
      <symbol id="sm-ab6">
         <name>HOSTwrite</name>
         <value>0x1d51</value>
         <object_component_ref idref="oc-61e"/>
      </symbol>
      <symbol id="sm-ab7">
         <name>HOSTread</name>
         <value>0x1e6d</value>
         <object_component_ref idref="oc-61e"/>
      </symbol>
      <symbol id="sm-ab8">
         <name>HOSTtime</name>
         <value>0x1dd5</value>
         <object_component_ref idref="oc-61e"/>
      </symbol>
      <symbol id="sm-ad3">
         <name>__TI_readmsg</name>
         <value>0x44d3</value>
         <object_component_ref idref="oc-66e"/>
      </symbol>
      <symbol id="sm-ad4">
         <name>C$$IO$$</name>
         <value>0x44cf</value>
         <object_component_ref idref="oc-66e"/>
      </symbol>
      <symbol id="sm-ad5">
         <name>__CIOBUF_</name>
         <value>0x20007670</value>
         <object_component_ref idref="oc-6a7"/>
      </symbol>
      <symbol id="sm-ad6">
         <name>__TI_writemsg</name>
         <value>0x44a1</value>
         <object_component_ref idref="oc-66e"/>
      </symbol>
      <symbol id="sm-b00">
         <name>__aeabi_uldivmod</name>
         <value>0x2025</value>
         <object_component_ref idref="oc-490"/>
      </symbol>
      <symbol id="sm-b21">
         <name>_Dscale</name>
         <value>0x2c99</value>
         <object_component_ref idref="oc-5c2"/>
      </symbol>
      <symbol id="sm-b35">
         <name>_Dunscale</name>
         <value>0x4509</value>
         <object_component_ref idref="oc-5ba"/>
      </symbol>
      <symbol id="sm-b44">
         <name>_Feraise</name>
         <value>0x5475</value>
         <object_component_ref idref="oc-5c8"/>
      </symbol>
      <symbol id="sm-b54">
         <name>_Rteps</name>
         <value>0x20007ba8</value>
         <object_component_ref idref="oc-63d"/>
      </symbol>
      <symbol id="sm-b55">
         <name>_Zero</name>
         <value>0x20007bc0</value>
         <object_component_ref idref="oc-63d"/>
      </symbol>
      <symbol id="sm-b56">
         <name>_Hugeval</name>
         <value>0x20007b68</value>
         <object_component_ref idref="oc-63d"/>
      </symbol>
      <symbol id="sm-b57">
         <name>_Snan</name>
         <value>0x20007b98</value>
         <object_component_ref idref="oc-63d"/>
      </symbol>
      <symbol id="sm-b58">
         <name>_Nan</name>
         <value>0x20007b88</value>
         <object_component_ref idref="oc-63d"/>
      </symbol>
      <symbol id="sm-b59">
         <name>_Inf</name>
         <value>0x20007b78</value>
         <object_component_ref idref="oc-63d"/>
      </symbol>
      <symbol id="sm-b5a">
         <name>_Xbig</name>
         <value>0x20007bb8</value>
         <object_component_ref idref="oc-63d"/>
      </symbol>
      <symbol id="sm-b5b">
         <name>_Eps</name>
         <value>0x20007b58</value>
         <object_component_ref idref="oc-63d"/>
      </symbol>
      <symbol id="sm-b5c">
         <name>_Denorm</name>
         <value>0x20007b48</value>
         <object_component_ref idref="oc-63d"/>
      </symbol>
      <symbol id="sm-b7a">
         <name>__TI_wrt_ok</name>
         <value>0x38bd</value>
         <object_component_ref idref="oc-46e"/>
      </symbol>
      <symbol id="sm-b7b">
         <name>__TI_rd_ok</name>
         <value>0x391f</value>
         <object_component_ref idref="oc-46e"/>
      </symbol>
      <symbol id="sm-b99">
         <name>feraiseexcept</name>
         <value>0x53b1</value>
         <object_component_ref idref="oc-642"/>
      </symbol>
      <symbol id="sm-b9a">
         <name>_Tls_setup__Fenv</name>
         <value>0x20007c48</value>
         <object_component_ref idref="oc-696"/>
      </symbol>
      <symbol id="sm-b9b">
         <name>_Fenv</name>
         <value>0x20007c44</value>
         <object_component_ref idref="oc-696"/>
      </symbol>
      <symbol id="sm-bb5">
         <name>__TI_doflush</name>
         <value>0x351d</value>
         <object_component_ref idref="oc-474"/>
      </symbol>
      <symbol id="sm-bb6">
         <name>fflush</name>
         <value>0x3569</value>
         <object_component_ref idref="oc-474"/>
      </symbol>
      <symbol id="sm-bc8">
         <name>fseek</name>
         <value>0x4571</value>
         <object_component_ref idref="oc-57e"/>
      </symbol>
      <symbol id="sm-bdc">
         <name>raise</name>
         <value>0x54d3</value>
         <object_component_ref idref="oc-690"/>
      </symbol>
      <symbol id="sm-bf8">
         <name>setvbuf</name>
         <value>0x336d</value>
         <object_component_ref idref="oc-584"/>
      </symbol>
      <symbol id="sm-c12">
         <name>signal</name>
         <value>0x5131</value>
         <object_component_ref idref="oc-6b2"/>
      </symbol>
      <symbol id="sm-c20">
         <name>strcpy</name>
         <value>0x5819</value>
         <object_component_ref idref="oc-674"/>
      </symbol>
      <symbol id="sm-c35">
         <name>_Dnorm</name>
         <value>0x36a5</value>
         <object_component_ref idref="oc-633"/>
      </symbol>
      <symbol id="sm-c6c">
         <name>__TI_cleanup</name>
         <value>0x22e1</value>
         <object_component_ref idref="oc-607"/>
      </symbol>
      <symbol id="sm-c6d">
         <name>freopen</name>
         <value>0x230d</value>
         <object_component_ref idref="oc-607"/>
      </symbol>
      <symbol id="sm-c6e">
         <name>fopen</name>
         <value>0x2337</value>
         <object_component_ref idref="oc-607"/>
      </symbol>
      <symbol id="sm-ce0">
         <name>_sys_memory</name>
         <value>0x20007e60</value>
         <object_component_ref idref="oc-2a"/>
      </symbol>
      <symbol id="sm-ce1">
         <name>free</name>
         <value>0x144f</value>
         <object_component_ref idref="oc-601"/>
      </symbol>
      <symbol id="sm-ce2">
         <name>realloc</name>
         <value>0x1511</value>
         <object_component_ref idref="oc-601"/>
      </symbol>
      <symbol id="sm-ce3">
         <name>memalign</name>
         <value>0x161d</value>
         <object_component_ref idref="oc-601"/>
      </symbol>
      <symbol id="sm-ce4">
         <name>calloc</name>
         <value>0x1701</value>
         <object_component_ref idref="oc-601"/>
      </symbol>
      <symbol id="sm-ce5">
         <name>malloc</name>
         <value>0x13e7</value>
         <object_component_ref idref="oc-601"/>
      </symbol>
      <symbol id="sm-ce6">
         <name>minit</name>
         <value>0x1359</value>
         <object_component_ref idref="oc-601"/>
      </symbol>
      <symbol id="sm-cfc">
         <name>__TI_closefile</name>
         <value>0x3aa5</value>
         <object_component_ref idref="oc-65f"/>
      </symbol>
      <symbol id="sm-cfd">
         <name>fclose</name>
         <value>0x3b0b</value>
         <object_component_ref idref="oc-65f"/>
      </symbol>
      <symbol id="sm-d68">
         <name>GPIOPinTypePWM</name>
         <value>0x588b</value>
         <object_component_ref idref="oc-39a"/>
      </symbol>
      <symbol id="sm-d69">
         <name>GPIOPinConfigure</name>
         <value>0x4f51</value>
         <object_component_ref idref="oc-353"/>
      </symbol>
      <symbol id="sm-d6a">
         <name>GPIOPinTypeI2CSCL</name>
         <value>0x5879</value>
         <object_component_ref idref="oc-359"/>
      </symbol>
      <symbol id="sm-d6b">
         <name>GPIOPinTypeI2C</name>
         <value>0x5867</value>
         <object_component_ref idref="oc-35f"/>
      </symbol>
      <symbol id="sm-d6c">
         <name>GPIOPinTypeGPIOInput</name>
         <value>0x5855</value>
         <object_component_ref idref="oc-25f"/>
      </symbol>
      <symbol id="sm-d6d">
         <name>GPIOPinTypeUART</name>
         <value>0x589d</value>
         <object_component_ref idref="oc-3c6"/>
      </symbol>
      <symbol id="sm-d6e">
         <name>GPIOPinTypeGPIOOutput</name>
         <value>0x5707</value>
         <object_component_ref idref="oc-1ca"/>
      </symbol>
      <symbol id="sm-d6f">
         <name>GPIOPinRead</name>
         <value>0x598d</value>
         <object_component_ref idref="oc-435"/>
      </symbol>
      <symbol id="sm-d70">
         <name>GPIODirModeSet</name>
         <value>0x552d</value>
         <object_component_ref idref="oc-2ad"/>
      </symbol>
      <symbol id="sm-d71">
         <name>GPIOPinWrite</name>
         <value>0x5993</value>
         <object_component_ref idref="oc-42f"/>
      </symbol>
      <symbol id="sm-d72">
         <name>GPIOPadConfigSet</name>
         <value>0x2939</value>
         <object_component_ref idref="oc-265"/>
      </symbol>
      <symbol id="sm-db3">
         <name>I2CMasterDataPut</name>
         <value>0x59b9</value>
         <object_component_ref idref="oc-378"/>
      </symbol>
      <symbol id="sm-db4">
         <name>I2CMasterInitExpClk</name>
         <value>0x4d89</value>
         <object_component_ref idref="oc-36b"/>
      </symbol>
      <symbol id="sm-db5">
         <name>I2CMasterSlaveAddrSet</name>
         <value>0x597d</value>
         <object_component_ref idref="oc-372"/>
      </symbol>
      <symbol id="sm-db6">
         <name>I2CMasterDataGet</name>
         <value>0x59b5</value>
         <object_component_ref idref="oc-535"/>
      </symbol>
      <symbol id="sm-db7">
         <name>I2CMasterControl</name>
         <value>0x59b1</value>
         <object_component_ref idref="oc-37e"/>
      </symbol>
      <symbol id="sm-db8">
         <name>I2CMasterBusy</name>
         <value>0x5975</value>
         <object_component_ref idref="oc-384"/>
      </symbol>
      <symbol id="sm-db9">
         <name>I2CMasterEnable</name>
         <value>0x5961</value>
         <object_component_ref idref="oc-529"/>
      </symbol>
      <symbol id="sm-de7">
         <name>PWMGenPeriodSet</name>
         <value>0x58e3</value>
         <object_component_ref idref="oc-3a6"/>
      </symbol>
      <symbol id="sm-de8">
         <name>PWMPulseWidthSet</name>
         <value>0x5679</value>
         <object_component_ref idref="oc-3ac"/>
      </symbol>
      <symbol id="sm-de9">
         <name>PWMOutputState</name>
         <value>0x58af</value>
         <object_component_ref idref="oc-3b8"/>
      </symbol>
      <symbol id="sm-dea">
         <name>PWMGenEnable</name>
         <value>0x5931</value>
         <object_component_ref idref="oc-3b2"/>
      </symbol>
      <symbol id="sm-deb">
         <name>PWMGenConfigure</name>
         <value>0x55f7</value>
         <object_component_ref idref="oc-3a0"/>
      </symbol>
      <symbol id="sm-e54">
         <name>SysCtlClockSet</name>
         <value>0x30ad</value>
         <object_component_ref idref="oc-135"/>
      </symbol>
      <symbol id="sm-e55">
         <name>SysCtlDelay</name>
         <value>0x599f</value>
         <object_component_ref idref="oc-1ae"/>
      </symbol>
      <symbol id="sm-e56">
         <name>SysCtlPeripheralEnable</name>
         <value>0x537d</value>
         <object_component_ref idref="oc-1c4"/>
      </symbol>
      <symbol id="sm-e57">
         <name>SysCtlClockGet</name>
         <value>0x2b89</value>
         <object_component_ref idref="oc-365"/>
      </symbol>
      <symbol id="sm-e58">
         <name>SysCtlPeripheralReady</name>
         <value>0x52d5</value>
         <object_component_ref idref="oc-394"/>
      </symbol>
      <symbol id="sm-e59">
         <name>SysCtlPeripheralReset</name>
         <value>0x4ce9</value>
         <object_component_ref idref="oc-34d"/>
      </symbol>
      <symbol id="sm-e8b">
         <name>UARTConfigSetExpClk</name>
         <value>0x4fe1</value>
         <object_component_ref idref="oc-3cc"/>
      </symbol>
      <symbol id="sm-e8c">
         <name>UARTDisable</name>
         <value>0x5619</value>
         <object_component_ref idref="oc-549"/>
      </symbol>
      <symbol id="sm-e8d">
         <name>UARTCharsAvail</name>
         <value>0x5915</value>
         <object_component_ref idref="oc-3d3"/>
      </symbol>
      <symbol id="sm-e8e">
         <name>UARTEnable</name>
         <value>0x57f1</value>
         <object_component_ref idref="oc-54f"/>
      </symbol>
      <symbol id="sm-e8f">
         <name>UARTCharGet</name>
         <value>0x596b</value>
         <object_component_ref idref="oc-3d9"/>
      </symbol>
      <symbol id="sm-e91">
         <name>__TI_static_base__</name>
         <value>0x0</value>
      </symbol>
      <symbol id="sm-e94">
         <name>SHT$$INIT_ARRAY$$Limit</name>
         <value>0x0</value>
      </symbol>
      <symbol id="sm-e95">
         <name>SHT$$INIT_ARRAY$$Base</name>
         <value>0x0</value>
      </symbol>
      <symbol id="sm-e96">
         <name>remove</name>
         <value>0x1ad5</value>
      </symbol>
   </symbol_table>
   <title>Link successful</title>
</link_info>
