<?xml version="1.0"?>
<link_info>
   <banner>TI ARM Linker PC v5.2.9</banner>
   <copyright>Copyright (c) 1996-2017 Texas Instruments Incorporated</copyright>
   <link_time>0x659815db</link_time>
   <link_errors>0x0</link_errors>
   <output_file>freertos_demo.out</output_file>
   <entry_point>
      <name>_c_int00</name>
      <address>0x53e5</address>
   </entry_point>
   <input_file_list>
      <input_file id="fl-2">
         <path>.\</path>
         <kind>object</kind>
         <file>buzzer_pwm.obj</file>
         <name>buzzer_pwm.obj</name>
      </input_file>
      <input_file id="fl-3">
         <path>.\</path>
         <kind>object</kind>
         <file>freertos_demo.obj</file>
         <name>freertos_demo.obj</name>
      </input_file>
      <input_file id="fl-4">
         <path>.\</path>
         <kind>object</kind>
         <file>i2c_temp.obj</file>
         <name>i2c_temp.obj</name>
      </input_file>
      <input_file id="fl-5">
         <path>.\</path>
         <kind>object</kind>
         <file>keypad_task.obj</file>
         <name>keypad_task.obj</name>
      </input_file>
      <input_file id="fl-6">
         <path>.\</path>
         <kind>object</kind>
         <file>lcd_task.obj</file>
         <name>lcd_task.obj</name>
      </input_file>
      <input_file id="fl-7">
         <path>.\</path>
         <kind>object</kind>
         <file>startup_ccs.obj</file>
         <name>startup_ccs.obj</name>
      </input_file>
      <input_file id="fl-8">
         <path>.\</path>
         <kind>object</kind>
         <file>timer_funcs.obj</file>
         <name>timer_funcs.obj</name>
      </input_file>
      <input_file id="fl-9">
         <path>.\</path>
         <kind>object</kind>
         <file>uart_task.obj</file>
         <name>uart_task.obj</name>
      </input_file>
      <input_file id="fl-a">
         <path>.\drivers\</path>
         <kind>object</kind>
         <file>buttons.obj</file>
         <name>buttons.obj</name>
      </input_file>
      <input_file id="fl-b">
         <path>.\drivers\</path>
         <kind>object</kind>
         <file>rgb.obj</file>
         <name>rgb.obj</name>
      </input_file>
      <input_file id="fl-c">
         <path>.\third_party\FreeRTOS\Source\</path>
         <kind>object</kind>
         <file>list.obj</file>
         <name>list.obj</name>
      </input_file>
      <input_file id="fl-d">
         <path>.\third_party\FreeRTOS\Source\</path>
         <kind>object</kind>
         <file>queue.obj</file>
         <name>queue.obj</name>
      </input_file>
      <input_file id="fl-e">
         <path>.\third_party\FreeRTOS\Source\</path>
         <kind>object</kind>
         <file>tasks.obj</file>
         <name>tasks.obj</name>
      </input_file>
      <input_file id="fl-f">
         <path>.\third_party\FreeRTOS\Source\portable\CCS\ARM_CM4F\</path>
         <kind>object</kind>
         <file>port.obj</file>
         <name>port.obj</name>
      </input_file>
      <input_file id="fl-10">
         <path>.\third_party\FreeRTOS\Source\portable\CCS\ARM_CM4F\</path>
         <kind>object</kind>
         <file>portasm.obj</file>
         <name>portasm.obj</name>
      </input_file>
      <input_file id="fl-11">
         <path>.\third_party\FreeRTOS\Source\portable\MemMang\</path>
         <kind>object</kind>
         <file>heap_2.obj</file>
         <name>heap_2.obj</name>
      </input_file>
      <input_file id="fl-12">
         <path>.\utils\</path>
         <kind>object</kind>
         <file>uartstdio.obj</file>
         <name>uartstdio.obj</name>
      </input_file>
      <input_file id="fl-13">
         <path>.\utils\</path>
         <kind>object</kind>
         <file>ustdlib.obj</file>
         <name>ustdlib.obj</name>
      </input_file>
      <input_file id="fl-13a">
         <path>D:\MEE\SistEmbebidos\CSS\ccs\tools\compiler\ti-cgt-arm_5.2.9\lib\</path>
         <kind>archive</kind>
         <file>rtsv7M4_T_le_v4SPD16_eabi.lib</file>
         <name>boot.obj</name>
      </input_file>
      <input_file id="fl-13b">
         <path>D:\MEE\SistEmbebidos\CSS\ccs\tools\compiler\ti-cgt-arm_5.2.9\lib\</path>
         <kind>archive</kind>
         <file>rtsv7M4_T_le_v4SPD16_eabi.lib</file>
         <name>copy_decompress_none.obj</name>
      </input_file>
      <input_file id="fl-13c">
         <path>D:\MEE\SistEmbebidos\CSS\ccs\tools\compiler\ti-cgt-arm_5.2.9\lib\</path>
         <kind>archive</kind>
         <file>rtsv7M4_T_le_v4SPD16_eabi.lib</file>
         <name>copy_decompress_rle.obj</name>
      </input_file>
      <input_file id="fl-13d">
         <path>D:\MEE\SistEmbebidos\CSS\ccs\tools\compiler\ti-cgt-arm_5.2.9\lib\</path>
         <kind>archive</kind>
         <file>rtsv7M4_T_le_v4SPD16_eabi.lib</file>
         <name>copy_zero_init.obj</name>
      </input_file>
      <input_file id="fl-13e">
         <path>D:\MEE\SistEmbebidos\CSS\ccs\tools\compiler\ti-cgt-arm_5.2.9\lib\</path>
         <kind>archive</kind>
         <file>rtsv7M4_T_le_v4SPD16_eabi.lib</file>
         <name>exit.obj</name>
      </input_file>
      <input_file id="fl-13f">
         <path>D:\MEE\SistEmbebidos\CSS\ccs\tools\compiler\ti-cgt-arm_5.2.9\lib\</path>
         <kind>archive</kind>
         <file>rtsv7M4_T_le_v4SPD16_eabi.lib</file>
         <name>fd_tos_t2.obj</name>
      </input_file>
      <input_file id="fl-140">
         <path>D:\MEE\SistEmbebidos\CSS\ccs\tools\compiler\ti-cgt-arm_5.2.9\lib\</path>
         <kind>archive</kind>
         <file>rtsv7M4_T_le_v4SPD16_eabi.lib</file>
         <name>fs_tod_t2.obj</name>
      </input_file>
      <input_file id="fl-141">
         <path>D:\MEE\SistEmbebidos\CSS\ccs\tools\compiler\ti-cgt-arm_5.2.9\lib\</path>
         <kind>archive</kind>
         <file>rtsv7M4_T_le_v4SPD16_eabi.lib</file>
         <name>fs_toull_t2.obj</name>
      </input_file>
      <input_file id="fl-142">
         <path>D:\MEE\SistEmbebidos\CSS\ccs\tools\compiler\ti-cgt-arm_5.2.9\lib\</path>
         <kind>archive</kind>
         <file>rtsv7M4_T_le_v4SPD16_eabi.lib</file>
         <name>memcpy_t2.obj</name>
      </input_file>
      <input_file id="fl-143">
         <path>D:\MEE\SistEmbebidos\CSS\ccs\tools\compiler\ti-cgt-arm_5.2.9\lib\</path>
         <kind>archive</kind>
         <file>rtsv7M4_T_le_v4SPD16_eabi.lib</file>
         <name>memset_t2.obj</name>
      </input_file>
      <input_file id="fl-144">
         <path>D:\MEE\SistEmbebidos\CSS\ccs\tools\compiler\ti-cgt-arm_5.2.9\lib\</path>
         <kind>archive</kind>
         <file>rtsv7M4_T_le_v4SPD16_eabi.lib</file>
         <name>pre_init.obj</name>
      </input_file>
      <input_file id="fl-145">
         <path>D:\MEE\SistEmbebidos\CSS\ccs\tools\compiler\ti-cgt-arm_5.2.9\lib\</path>
         <kind>archive</kind>
         <file>rtsv7M4_T_le_v4SPD16_eabi.lib</file>
         <name>printf.obj</name>
      </input_file>
      <input_file id="fl-146">
         <path>D:\MEE\SistEmbebidos\CSS\ccs\tools\compiler\ti-cgt-arm_5.2.9\lib\</path>
         <kind>archive</kind>
         <file>rtsv7M4_T_le_v4SPD16_eabi.lib</file>
         <name>round.obj</name>
      </input_file>
      <input_file id="fl-147">
         <path>D:\MEE\SistEmbebidos\CSS\ccs\tools\compiler\ti-cgt-arm_5.2.9\lib\</path>
         <kind>archive</kind>
         <file>rtsv7M4_T_le_v4SPD16_eabi.lib</file>
         <name>sprintf.obj</name>
      </input_file>
      <input_file id="fl-148">
         <path>D:\MEE\SistEmbebidos\CSS\ccs\tools\compiler\ti-cgt-arm_5.2.9\lib\</path>
         <kind>archive</kind>
         <file>rtsv7M4_T_le_v4SPD16_eabi.lib</file>
         <name>stkdepth_vars.obj</name>
      </input_file>
      <input_file id="fl-149">
         <path>D:\MEE\SistEmbebidos\CSS\ccs\tools\compiler\ti-cgt-arm_5.2.9\lib\</path>
         <kind>archive</kind>
         <file>rtsv7M4_T_le_v4SPD16_eabi.lib</file>
         <name>u_divt2.obj</name>
      </input_file>
      <input_file id="fl-14a">
         <path>D:\MEE\SistEmbebidos\CSS\ccs\tools\compiler\ti-cgt-arm_5.2.9\lib\</path>
         <kind>archive</kind>
         <file>rtsv7M4_T_le_v4SPD16_eabi.lib</file>
         <name>xdint.obj</name>
      </input_file>
      <input_file id="fl-14b">
         <path>D:\MEE\SistEmbebidos\CSS\ccs\tools\compiler\ti-cgt-arm_5.2.9\lib\</path>
         <kind>archive</kind>
         <file>rtsv7M4_T_le_v4SPD16_eabi.lib</file>
         <name>_lock.obj</name>
      </input_file>
      <input_file id="fl-14c">
         <path>D:\MEE\SistEmbebidos\CSS\ccs\tools\compiler\ti-cgt-arm_5.2.9\lib\</path>
         <kind>archive</kind>
         <file>rtsv7M4_T_le_v4SPD16_eabi.lib</file>
         <name>_printfi.obj</name>
      </input_file>
      <input_file id="fl-14d">
         <path>D:\MEE\SistEmbebidos\CSS\ccs\tools\compiler\ti-cgt-arm_5.2.9\lib\</path>
         <kind>archive</kind>
         <file>rtsv7M4_T_le_v4SPD16_eabi.lib</file>
         <name>args_main.obj</name>
      </input_file>
      <input_file id="fl-14e">
         <path>D:\MEE\SistEmbebidos\CSS\ccs\tools\compiler\ti-cgt-arm_5.2.9\lib\</path>
         <kind>archive</kind>
         <file>rtsv7M4_T_le_v4SPD16_eabi.lib</file>
         <name>atoi.obj</name>
      </input_file>
      <input_file id="fl-14f">
         <path>D:\MEE\SistEmbebidos\CSS\ccs\tools\compiler\ti-cgt-arm_5.2.9\lib\</path>
         <kind>archive</kind>
         <file>rtsv7M4_T_le_v4SPD16_eabi.lib</file>
         <name>autoinit.obj</name>
      </input_file>
      <input_file id="fl-150">
         <path>D:\MEE\SistEmbebidos\CSS\ccs\tools\compiler\ti-cgt-arm_5.2.9\lib\</path>
         <kind>archive</kind>
         <file>rtsv7M4_T_le_v4SPD16_eabi.lib</file>
         <name>cpy_tbl.obj</name>
      </input_file>
      <input_file id="fl-151">
         <path>D:\MEE\SistEmbebidos\CSS\ccs\tools\compiler\ti-cgt-arm_5.2.9\lib\</path>
         <kind>archive</kind>
         <file>rtsv7M4_T_le_v4SPD16_eabi.lib</file>
         <name>ctype.obj</name>
      </input_file>
      <input_file id="fl-152">
         <path>D:\MEE\SistEmbebidos\CSS\ccs\tools\compiler\ti-cgt-arm_5.2.9\lib\</path>
         <kind>archive</kind>
         <file>rtsv7M4_T_le_v4SPD16_eabi.lib</file>
         <name>defs.obj</name>
      </input_file>
      <input_file id="fl-153">
         <path>D:\MEE\SistEmbebidos\CSS\ccs\tools\compiler\ti-cgt-arm_5.2.9\lib\</path>
         <kind>archive</kind>
         <file>rtsv7M4_T_le_v4SPD16_eabi.lib</file>
         <name>fd_add_t2.obj</name>
      </input_file>
      <input_file id="fl-154">
         <path>D:\MEE\SistEmbebidos\CSS\ccs\tools\compiler\ti-cgt-arm_5.2.9\lib\</path>
         <kind>archive</kind>
         <file>rtsv7M4_T_le_v4SPD16_eabi.lib</file>
         <name>fd_cmp_t2.obj</name>
      </input_file>
      <input_file id="fl-155">
         <path>D:\MEE\SistEmbebidos\CSS\ccs\tools\compiler\ti-cgt-arm_5.2.9\lib\</path>
         <kind>archive</kind>
         <file>rtsv7M4_T_le_v4SPD16_eabi.lib</file>
         <name>fd_div_t2.obj</name>
      </input_file>
      <input_file id="fl-156">
         <path>D:\MEE\SistEmbebidos\CSS\ccs\tools\compiler\ti-cgt-arm_5.2.9\lib\</path>
         <kind>archive</kind>
         <file>rtsv7M4_T_le_v4SPD16_eabi.lib</file>
         <name>fd_mul_t2.obj</name>
      </input_file>
      <input_file id="fl-157">
         <path>D:\MEE\SistEmbebidos\CSS\ccs\tools\compiler\ti-cgt-arm_5.2.9\lib\</path>
         <kind>archive</kind>
         <file>rtsv7M4_T_le_v4SPD16_eabi.lib</file>
         <name>fd_toi_t2.obj</name>
      </input_file>
      <input_file id="fl-158">
         <path>D:\MEE\SistEmbebidos\CSS\ccs\tools\compiler\ti-cgt-arm_5.2.9\lib\</path>
         <kind>archive</kind>
         <file>rtsv7M4_T_le_v4SPD16_eabi.lib</file>
         <name>fputc.obj</name>
      </input_file>
      <input_file id="fl-159">
         <path>D:\MEE\SistEmbebidos\CSS\ccs\tools\compiler\ti-cgt-arm_5.2.9\lib\</path>
         <kind>archive</kind>
         <file>rtsv7M4_T_le_v4SPD16_eabi.lib</file>
         <name>fputs.obj</name>
      </input_file>
      <input_file id="fl-15a">
         <path>D:\MEE\SistEmbebidos\CSS\ccs\tools\compiler\ti-cgt-arm_5.2.9\lib\</path>
         <kind>archive</kind>
         <file>rtsv7M4_T_le_v4SPD16_eabi.lib</file>
         <name>frexp.obj</name>
      </input_file>
      <input_file id="fl-15b">
         <path>D:\MEE\SistEmbebidos\CSS\ccs\tools\compiler\ti-cgt-arm_5.2.9\lib\</path>
         <kind>archive</kind>
         <file>rtsv7M4_T_le_v4SPD16_eabi.lib</file>
         <name>i_div0.obj</name>
      </input_file>
      <input_file id="fl-15c">
         <path>D:\MEE\SistEmbebidos\CSS\ccs\tools\compiler\ti-cgt-arm_5.2.9\lib\</path>
         <kind>archive</kind>
         <file>rtsv7M4_T_le_v4SPD16_eabi.lib</file>
         <name>i_tofd_t2.obj</name>
      </input_file>
      <input_file id="fl-15d">
         <path>D:\MEE\SistEmbebidos\CSS\ccs\tools\compiler\ti-cgt-arm_5.2.9\lib\</path>
         <kind>archive</kind>
         <file>rtsv7M4_T_le_v4SPD16_eabi.lib</file>
         <name>ldexp.obj</name>
      </input_file>
      <input_file id="fl-15e">
         <path>D:\MEE\SistEmbebidos\CSS\ccs\tools\compiler\ti-cgt-arm_5.2.9\lib\</path>
         <kind>archive</kind>
         <file>rtsv7M4_T_le_v4SPD16_eabi.lib</file>
         <name>lowlev.obj</name>
      </input_file>
      <input_file id="fl-15f">
         <path>D:\MEE\SistEmbebidos\CSS\ccs\tools\compiler\ti-cgt-arm_5.2.9\lib\</path>
         <kind>archive</kind>
         <file>rtsv7M4_T_le_v4SPD16_eabi.lib</file>
         <name>ltoa.obj</name>
      </input_file>
      <input_file id="fl-160">
         <path>D:\MEE\SistEmbebidos\CSS\ccs\tools\compiler\ti-cgt-arm_5.2.9\lib\</path>
         <kind>archive</kind>
         <file>rtsv7M4_T_le_v4SPD16_eabi.lib</file>
         <name>memccpy.obj</name>
      </input_file>
      <input_file id="fl-161">
         <path>D:\MEE\SistEmbebidos\CSS\ccs\tools\compiler\ti-cgt-arm_5.2.9\lib\</path>
         <kind>archive</kind>
         <file>rtsv7M4_T_le_v4SPD16_eabi.lib</file>
         <name>memchr.obj</name>
      </input_file>
      <input_file id="fl-162">
         <path>D:\MEE\SistEmbebidos\CSS\ccs\tools\compiler\ti-cgt-arm_5.2.9\lib\</path>
         <kind>archive</kind>
         <file>rtsv7M4_T_le_v4SPD16_eabi.lib</file>
         <name>strchr.obj</name>
      </input_file>
      <input_file id="fl-163">
         <path>D:\MEE\SistEmbebidos\CSS\ccs\tools\compiler\ti-cgt-arm_5.2.9\lib\</path>
         <kind>archive</kind>
         <file>rtsv7M4_T_le_v4SPD16_eabi.lib</file>
         <name>strcmp.obj</name>
      </input_file>
      <input_file id="fl-164">
         <path>D:\MEE\SistEmbebidos\CSS\ccs\tools\compiler\ti-cgt-arm_5.2.9\lib\</path>
         <kind>archive</kind>
         <file>rtsv7M4_T_le_v4SPD16_eabi.lib</file>
         <name>strlen.obj</name>
      </input_file>
      <input_file id="fl-165">
         <path>D:\MEE\SistEmbebidos\CSS\ccs\tools\compiler\ti-cgt-arm_5.2.9\lib\</path>
         <kind>archive</kind>
         <file>rtsv7M4_T_le_v4SPD16_eabi.lib</file>
         <name>strncpy.obj</name>
      </input_file>
      <input_file id="fl-166">
         <path>D:\MEE\SistEmbebidos\CSS\ccs\tools\compiler\ti-cgt-arm_5.2.9\lib\</path>
         <kind>archive</kind>
         <file>rtsv7M4_T_le_v4SPD16_eabi.lib</file>
         <name>trgdrv.obj</name>
      </input_file>
      <input_file id="fl-167">
         <path>D:\MEE\SistEmbebidos\CSS\ccs\tools\compiler\ti-cgt-arm_5.2.9\lib\</path>
         <kind>archive</kind>
         <file>rtsv7M4_T_le_v4SPD16_eabi.lib</file>
         <name>trgmsg.obj</name>
      </input_file>
      <input_file id="fl-168">
         <path>D:\MEE\SistEmbebidos\CSS\ccs\tools\compiler\ti-cgt-arm_5.2.9\lib\</path>
         <kind>archive</kind>
         <file>rtsv7M4_T_le_v4SPD16_eabi.lib</file>
         <name>ull_div_t2.obj</name>
      </input_file>
      <input_file id="fl-169">
         <path>D:\MEE\SistEmbebidos\CSS\ccs\tools\compiler\ti-cgt-arm_5.2.9\lib\</path>
         <kind>archive</kind>
         <file>rtsv7M4_T_le_v4SPD16_eabi.lib</file>
         <name>xdscale.obj</name>
      </input_file>
      <input_file id="fl-16a">
         <path>D:\MEE\SistEmbebidos\CSS\ccs\tools\compiler\ti-cgt-arm_5.2.9\lib\</path>
         <kind>archive</kind>
         <file>rtsv7M4_T_le_v4SPD16_eabi.lib</file>
         <name>xdunscal.obj</name>
      </input_file>
      <input_file id="fl-16b">
         <path>D:\MEE\SistEmbebidos\CSS\ccs\tools\compiler\ti-cgt-arm_5.2.9\lib\</path>
         <kind>archive</kind>
         <file>rtsv7M4_T_le_v4SPD16_eabi.lib</file>
         <name>xferaise.obj</name>
      </input_file>
      <input_file id="fl-16c">
         <path>D:\MEE\SistEmbebidos\CSS\ccs\tools\compiler\ti-cgt-arm_5.2.9\lib\</path>
         <kind>archive</kind>
         <file>rtsv7M4_T_le_v4SPD16_eabi.lib</file>
         <name>xvalues.obj</name>
      </input_file>
      <input_file id="fl-16d">
         <path>D:\MEE\SistEmbebidos\CSS\ccs\tools\compiler\ti-cgt-arm_5.2.9\lib\</path>
         <kind>archive</kind>
         <file>rtsv7M4_T_le_v4SPD16_eabi.lib</file>
         <name>_io_perm.obj</name>
      </input_file>
      <input_file id="fl-16e">
         <path>D:\MEE\SistEmbebidos\CSS\ccs\tools\compiler\ti-cgt-arm_5.2.9\lib\</path>
         <kind>archive</kind>
         <file>rtsv7M4_T_le_v4SPD16_eabi.lib</file>
         <name>errno.obj</name>
      </input_file>
      <input_file id="fl-16f">
         <path>D:\MEE\SistEmbebidos\CSS\ccs\tools\compiler\ti-cgt-arm_5.2.9\lib\</path>
         <kind>archive</kind>
         <file>rtsv7M4_T_le_v4SPD16_eabi.lib</file>
         <name>feraiseexcept.obj</name>
      </input_file>
      <input_file id="fl-170">
         <path>D:\MEE\SistEmbebidos\CSS\ccs\tools\compiler\ti-cgt-arm_5.2.9\lib\</path>
         <kind>archive</kind>
         <file>rtsv7M4_T_le_v4SPD16_eabi.lib</file>
         <name>fflush.obj</name>
      </input_file>
      <input_file id="fl-171">
         <path>D:\MEE\SistEmbebidos\CSS\ccs\tools\compiler\ti-cgt-arm_5.2.9\lib\</path>
         <kind>archive</kind>
         <file>rtsv7M4_T_le_v4SPD16_eabi.lib</file>
         <name>fseek.obj</name>
      </input_file>
      <input_file id="fl-172">
         <path>D:\MEE\SistEmbebidos\CSS\ccs\tools\compiler\ti-cgt-arm_5.2.9\lib\</path>
         <kind>archive</kind>
         <file>rtsv7M4_T_le_v4SPD16_eabi.lib</file>
         <name>raise.obj</name>
      </input_file>
      <input_file id="fl-173">
         <path>D:\MEE\SistEmbebidos\CSS\ccs\tools\compiler\ti-cgt-arm_5.2.9\lib\</path>
         <kind>archive</kind>
         <file>rtsv7M4_T_le_v4SPD16_eabi.lib</file>
         <name>setvbuf.obj</name>
      </input_file>
      <input_file id="fl-174">
         <path>D:\MEE\SistEmbebidos\CSS\ccs\tools\compiler\ti-cgt-arm_5.2.9\lib\</path>
         <kind>archive</kind>
         <file>rtsv7M4_T_le_v4SPD16_eabi.lib</file>
         <name>signal.obj</name>
      </input_file>
      <input_file id="fl-175">
         <path>D:\MEE\SistEmbebidos\CSS\ccs\tools\compiler\ti-cgt-arm_5.2.9\lib\</path>
         <kind>archive</kind>
         <file>rtsv7M4_T_le_v4SPD16_eabi.lib</file>
         <name>strcpy.obj</name>
      </input_file>
      <input_file id="fl-176">
         <path>D:\MEE\SistEmbebidos\CSS\ccs\tools\compiler\ti-cgt-arm_5.2.9\lib\</path>
         <kind>archive</kind>
         <file>rtsv7M4_T_le_v4SPD16_eabi.lib</file>
         <name>xdnorm.obj</name>
      </input_file>
      <input_file id="fl-177">
         <path>D:\MEE\SistEmbebidos\CSS\ccs\tools\compiler\ti-cgt-arm_5.2.9\lib\</path>
         <kind>archive</kind>
         <file>rtsv7M4_T_le_v4SPD16_eabi.lib</file>
         <name>fopen.obj</name>
      </input_file>
      <input_file id="fl-178">
         <path>D:\MEE\SistEmbebidos\CSS\ccs\tools\compiler\ti-cgt-arm_5.2.9\lib\</path>
         <kind>archive</kind>
         <file>rtsv7M4_T_le_v4SPD16_eabi.lib</file>
         <name>memory.obj</name>
      </input_file>
      <input_file id="fl-179">
         <path>D:\MEE\SistEmbebidos\CSS\ccs\tools\compiler\ti-cgt-arm_5.2.9\lib\</path>
         <kind>archive</kind>
         <file>rtsv7M4_T_le_v4SPD16_eabi.lib</file>
         <name>fclose.obj</name>
      </input_file>
      <input_file id="fl-17a">
         <path>D:\MEE\SistEmbebidos\CSS\ccs\tools\compiler\ti-cgt-arm_5.2.9\lib\</path>
         <kind>archive</kind>
         <file>rtsv7M4_T_le_v4SPD16_eabi.lib</file>
         <name>remove.obj</name>
      </input_file>
      <input_file id="fl-17b">
         <path>C:\ti\tivaware_c_series_2_1_4_178\driverlib\ccs\Debug\</path>
         <kind>archive</kind>
         <file>driverlib.lib</file>
         <name>gpio.obj</name>
      </input_file>
      <input_file id="fl-17c">
         <path>C:\ti\tivaware_c_series_2_1_4_178\driverlib\ccs\Debug\</path>
         <kind>archive</kind>
         <file>driverlib.lib</file>
         <name>i2c.obj</name>
      </input_file>
      <input_file id="fl-17d">
         <path>C:\ti\tivaware_c_series_2_1_4_178\driverlib\ccs\Debug\</path>
         <kind>archive</kind>
         <file>driverlib.lib</file>
         <name>interrupt.obj</name>
      </input_file>
      <input_file id="fl-17e">
         <path>C:\ti\tivaware_c_series_2_1_4_178\driverlib\ccs\Debug\</path>
         <kind>archive</kind>
         <file>driverlib.lib</file>
         <name>pwm.obj</name>
      </input_file>
      <input_file id="fl-17f">
         <path>C:\ti\tivaware_c_series_2_1_4_178\driverlib\ccs\Debug\</path>
         <kind>archive</kind>
         <file>driverlib.lib</file>
         <name>sysctl.obj</name>
      </input_file>
      <input_file id="fl-180">
         <path>C:\ti\tivaware_c_series_2_1_4_178\driverlib\ccs\Debug\</path>
         <kind>archive</kind>
         <file>driverlib.lib</file>
         <name>timer.obj</name>
      </input_file>
      <input_file id="fl-181">
         <path>C:\ti\tivaware_c_series_2_1_4_178\driverlib\ccs\Debug\</path>
         <kind>archive</kind>
         <file>driverlib.lib</file>
         <name>uart.obj</name>
      </input_file>
      <input_file id="fl-182">
         <path>C:\ti\tivaware_c_series_2_1_4_178\driverlib\ccs\Debug\</path>
         <kind>archive</kind>
         <file>driverlib.lib</file>
         <name>cpu.obj</name>
      </input_file>
   </input_file_list>
   <object_component_list>
      <object_component id="oc-f">
         <name>.intvecs</name>
         <load_address>0x0</load_address>
         <run_address>0x0</run_address>
         <size>0x26c</size>
         <input_file_ref idref="fl-7"/>
      </object_component>
      <object_component id="oc-34b">
         <name>.text</name>
         <load_address>0x26c</load_address>
         <run_address>0x26c</run_address>
         <size>0x10ec</size>
         <input_file_ref idref="fl-14c"/>
      </object_component>
      <object_component id="oc-1fd">
         <name>.text:LCDTask</name>
         <load_address>0x1358</load_address>
         <run_address>0x1358</run_address>
         <size>0x894</size>
         <input_file_ref idref="fl-6"/>
      </object_component>
      <object_component id="oc-695">
         <name>.text</name>
         <load_address>0x1bec</load_address>
         <run_address>0x1bec</run_address>
         <size>0x3dc</size>
         <input_file_ref idref="fl-178"/>
      </object_component>
      <object_component id="oc-4f1">
         <name>.text</name>
         <load_address>0x1fc8</load_address>
         <run_address>0x1fc8</run_address>
         <size>0x30c</size>
         <input_file_ref idref="fl-15e"/>
      </object_component>
      <object_component id="oc-6b2">
         <name>.text</name>
         <load_address>0x22d4</load_address>
         <run_address>0x22d4</run_address>
         <size>0x2d4</size>
         <input_file_ref idref="fl-166"/>
      </object_component>
      <object_component id="oc-507">
         <name>.text</name>
         <load_address>0x25a8</load_address>
         <run_address>0x25a8</run_address>
         <size>0x1f4</size>
         <input_file_ref idref="fl-168"/>
      </object_component>
      <object_component id="oc-69b">
         <name>.text</name>
         <load_address>0x279c</load_address>
         <run_address>0x279c</run_address>
         <size>0x1c4</size>
         <input_file_ref idref="fl-177"/>
      </object_component>
      <object_component id="oc-530">
         <name>.text</name>
         <load_address>0x2960</load_address>
         <run_address>0x2960</run_address>
         <size>0x1b6</size>
         <input_file_ref idref="fl-153"/>
      </object_component>
      <object_component id="oc-39">
         <name>.text:FaultISR</name>
         <load_address>0x2b16</load_address>
         <run_address>0x2b16</run_address>
         <size>0x2</size>
         <input_file_ref idref="fl-7"/>
      </object_component>
      <object_component id="oc-141">
         <name>.text:LCDTaskInit</name>
         <load_address>0x2b18</load_address>
         <run_address>0x2b18</run_address>
         <size>0x144</size>
         <input_file_ref idref="fl-6"/>
      </object_component>
      <object_component id="oc-516">
         <name>.text</name>
         <load_address>0x2c5c</load_address>
         <run_address>0x2c5c</run_address>
         <size>0x136</size>
         <input_file_ref idref="fl-155"/>
      </object_component>
      <object_component id="oc-3f">
         <name>.text:IntDefaultHandler</name>
         <load_address>0x2d92</load_address>
         <run_address>0x2d92</run_address>
         <size>0x2</size>
         <input_file_ref idref="fl-7"/>
      </object_component>
      <object_component id="oc-345">
         <name>.text</name>
         <load_address>0x2d94</load_address>
         <run_address>0x2d94</run_address>
         <size>0x134</size>
         <input_file_ref idref="fl-159"/>
      </object_component>
      <object_component id="oc-273">
         <name>.text:GPIOPadConfigSet</name>
         <load_address>0x2ec8</load_address>
         <run_address>0x2ec8</run_address>
         <size>0x132</size>
         <input_file_ref idref="fl-17b"/>
      </object_component>
      <object_component id="oc-33">
         <name>.text:NmiSR</name>
         <load_address>0x2ffa</load_address>
         <run_address>0x2ffa</run_address>
         <size>0x2</size>
         <input_file_ref idref="fl-7"/>
      </object_component>
      <object_component id="oc-371">
         <name>.text:xQueueGenericReceive</name>
         <load_address>0x2ffc</load_address>
         <run_address>0x2ffc</run_address>
         <size>0x11c</size>
         <input_file_ref idref="fl-d"/>
      </object_component>
      <object_component id="oc-2e3">
         <name>.text:SysCtlClockGet</name>
         <load_address>0x3118</load_address>
         <run_address>0x3118</run_address>
         <size>0x110</size>
         <input_file_ref idref="fl-17f"/>
      </object_component>
      <object_component id="oc-64e">
         <name>.text</name>
         <load_address>0x3228</load_address>
         <run_address>0x3228</run_address>
         <size>0x110</size>
         <input_file_ref idref="fl-169"/>
      </object_component>
      <object_component id="oc-1b7">
         <name>.text:xTaskGenericCreate</name>
         <load_address>0x3338</load_address>
         <run_address>0x3338</run_address>
         <size>0x104</size>
         <input_file_ref idref="fl-e"/>
      </object_component>
      <object_component id="oc-a9">
         <name>.text:xTaskIncrementTick</name>
         <load_address>0x343c</load_address>
         <run_address>0x343c</run_address>
         <size>0x104</size>
         <input_file_ref idref="fl-e"/>
      </object_component>
      <object_component id="oc-511">
         <name>.text</name>
         <load_address>0x3540</load_address>
         <run_address>0x3540</run_address>
         <size>0xfc</size>
         <input_file_ref idref="fl-156"/>
      </object_component>
      <object_component id="oc-135">
         <name>.text:SysCtlClockSet</name>
         <load_address>0x363c</load_address>
         <run_address>0x363c</run_address>
         <size>0xf4</size>
         <input_file_ref idref="fl-17f"/>
      </object_component>
      <object_component id="oc-1e2">
         <name>.text:xQueueGenericSend</name>
         <load_address>0x3730</load_address>
         <run_address>0x3730</run_address>
         <size>0xe8</size>
         <input_file_ref idref="fl-d"/>
      </object_component>
      <object_component id="oc-320">
         <name>.text:xTaskResumeAll</name>
         <load_address>0x3818</load_address>
         <run_address>0x3818</run_address>
         <size>0xe4</size>
         <input_file_ref idref="fl-e"/>
      </object_component>
      <object_component id="oc-610">
         <name>.text</name>
         <load_address>0x38fc</load_address>
         <run_address>0x38fc</run_address>
         <size>0xdc</size>
         <input_file_ref idref="fl-173"/>
      </object_component>
      <object_component id="oc-45">
         <name>.text</name>
         <load_address>0x39d8</load_address>
         <run_address>0x39d8</run_address>
         <size>0xd2</size>
         <input_file_ref idref="fl-10"/>
      </object_component>
      <object_component id="oc-103">
         <name>.text:vApplicationStackOverflowHook</name>
         <load_address>0x3aaa</load_address>
         <run_address>0x3aaa</run_address>
         <size>0x2</size>
         <input_file_ref idref="fl-3"/>
      </object_component>
      <object_component id="oc-4eb">
         <name>.text</name>
         <load_address>0x3aac</load_address>
         <run_address>0x3aac</run_address>
         <size>0xc8</size>
         <input_file_ref idref="fl-170"/>
      </object_component>
      <object_component id="oc-58d">
         <name>.text</name>
         <load_address>0x3b74</load_address>
         <run_address>0x3b74</run_address>
         <size>0xc0</size>
         <input_file_ref idref="fl-14a"/>
      </object_component>
      <object_component id="oc-6c7">
         <name>.text</name>
         <load_address>0x3c34</load_address>
         <run_address>0x3c34</run_address>
         <size>0xbe</size>
         <input_file_ref idref="fl-176"/>
      </object_component>
      <object_component id="oc-234">
         <name>.text:pvPortMalloc</name>
         <load_address>0x3cf4</load_address>
         <run_address>0x3cf4</run_address>
         <size>0xac</size>
         <input_file_ref idref="fl-11"/>
      </object_component>
      <object_component id="oc-4e5">
         <name>.text</name>
         <load_address>0x3da0</load_address>
         <run_address>0x3da0</run_address>
         <size>0xac</size>
         <input_file_ref idref="fl-16d"/>
      </object_component>
      <object_component id="oc-2b1">
         <name>.text:Get_Key</name>
         <load_address>0x3e4c</load_address>
         <run_address>0x3e4c</run_address>
         <size>0xa0</size>
         <input_file_ref idref="fl-5"/>
      </object_component>
      <object_component id="oc-22d">
         <name>.text:UartTaskReceive</name>
         <load_address>0x3eec</load_address>
         <run_address>0x3eec</run_address>
         <size>0xa0</size>
         <input_file_ref idref="fl-9"/>
      </object_component>
      <object_component id="oc-53">
         <name>.text</name>
         <load_address>0x3f8c</load_address>
         <run_address>0x3f8c</run_address>
         <size>0x9c</size>
         <input_file_ref idref="fl-142"/>
      </object_component>
      <object_component id="oc-6f3">
         <name>.text</name>
         <load_address>0x4028</load_address>
         <run_address>0x4028</run_address>
         <size>0x98</size>
         <input_file_ref idref="fl-179"/>
      </object_component>
      <object_component id="oc-33f">
         <name>.text</name>
         <load_address>0x40c0</load_address>
         <run_address>0x40c0</run_address>
         <size>0x98</size>
         <input_file_ref idref="fl-158"/>
      </object_component>
      <object_component id="oc-576">
         <name>.text:vTaskPriorityInherit</name>
         <load_address>0x4158</load_address>
         <run_address>0x4158</run_address>
         <size>0x94</size>
         <input_file_ref idref="fl-e"/>
      </object_component>
      <object_component id="oc-21a">
         <name>.text:configurePWM</name>
         <load_address>0x41ec</load_address>
         <run_address>0x41ec</run_address>
         <size>0x8c</size>
         <input_file_ref idref="fl-2"/>
      </object_component>
      <object_component id="oc-a2">
         <name>.text:vTaskSwitchContext</name>
         <load_address>0x4278</load_address>
         <run_address>0x4278</run_address>
         <size>0x8c</size>
         <input_file_ref idref="fl-e"/>
      </object_component>
      <object_component id="oc-38a">
         <name>.text</name>
         <load_address>0x4304</load_address>
         <run_address>0x4304</run_address>
         <size>0x88</size>
         <input_file_ref idref="fl-146"/>
      </object_component>
      <object_component id="oc-50c">
         <name>.text:__aeabi_cdcmple</name>
         <load_address>0x438c</load_address>
         <run_address>0x438c</run_address>
         <size>0x86</size>
         <input_file_ref idref="fl-154"/>
      </object_component>
      <object_component id="oc-51b">
         <name>.text:__aeabi_cdrcmple</name>
         <load_address>0x4412</load_address>
         <run_address>0x4412</run_address>
         <size>0x86</size>
         <input_file_ref idref="fl-154"/>
      </object_component>
      <object_component id="oc-23a">
         <name>.text:xQueueGenericReset</name>
         <load_address>0x4498</load_address>
         <run_address>0x4498</run_address>
         <size>0x84</size>
         <input_file_ref idref="fl-d"/>
      </object_component>
      <object_component id="oc-2b7">
         <name>.text:vTaskDelayUntil</name>
         <load_address>0x451c</load_address>
         <run_address>0x451c</run_address>
         <size>0x80</size>
         <input_file_ref idref="fl-e"/>
      </object_component>
      <object_component id="oc-2a5">
         <name>.text:Check_KPad</name>
         <load_address>0x459c</load_address>
         <run_address>0x459c</run_address>
         <size>0x7c</size>
         <input_file_ref idref="fl-5"/>
      </object_component>
      <object_component id="oc-4dd">
         <name>.text:xTaskPriorityDisinherit</name>
         <load_address>0x4618</load_address>
         <run_address>0x4618</run_address>
         <size>0x7c</size>
         <input_file_ref idref="fl-e"/>
      </object_component>
      <object_component id="oc-6c">
         <name>.text</name>
         <load_address>0x4694</load_address>
         <run_address>0x4694</run_address>
         <size>0x7a</size>
         <input_file_ref idref="fl-143"/>
      </object_component>
      <object_component id="oc-3d0">
         <name>.text:I2C_read16BitRegister</name>
         <load_address>0x4710</load_address>
         <run_address>0x4710</run_address>
         <size>0x74</size>
         <input_file_ref idref="fl-4"/>
      </object_component>
      <object_component id="oc-338">
         <name>.text:xTaskRemoveFromEventList</name>
         <load_address>0x4784</load_address>
         <run_address>0x4784</run_address>
         <size>0x74</size>
         <input_file_ref idref="fl-e"/>
      </object_component>
      <object_component id="oc-332">
         <name>.text:prvCopyDataToQueue</name>
         <load_address>0x47f8</load_address>
         <run_address>0x47f8</run_address>
         <size>0x72</size>
         <input_file_ref idref="fl-d"/>
      </object_component>
      <object_component id="oc-1e8">
         <name>.text</name>
         <load_address>0x486c</load_address>
         <run_address>0x486c</run_address>
         <size>0x70</size>
         <input_file_ref idref="fl-145"/>
      </object_component>
      <object_component id="oc-390">
         <name>.text</name>
         <load_address>0x48dc</load_address>
         <run_address>0x48dc</run_address>
         <size>0x6e</size>
         <input_file_ref idref="fl-13f"/>
      </object_component>
      <object_component id="oc-7e">
         <name>.text</name>
         <load_address>0x494c</load_address>
         <run_address>0x494c</run_address>
         <size>0x6c</size>
         <input_file_ref idref="fl-14f"/>
      </object_component>
      <object_component id="oc-5f">
         <name>.text</name>
         <load_address>0x49b8</load_address>
         <run_address>0x49b8</run_address>
         <size>0x6a</size>
         <input_file_ref idref="fl-13c"/>
      </object_component>
      <object_component id="oc-4ab">
         <name>.text:IntEnable</name>
         <load_address>0x4a24</load_address>
         <run_address>0x4a24</run_address>
         <size>0x68</size>
         <input_file_ref idref="fl-17d"/>
      </object_component>
      <object_component id="oc-702">
         <name>.text</name>
         <load_address>0x4a8c</load_address>
         <run_address>0x4a8c</run_address>
         <size>0x68</size>
         <input_file_ref idref="fl-167"/>
      </object_component>
      <object_component id="oc-646">
         <name>.text</name>
         <load_address>0x4af4</load_address>
         <run_address>0x4af4</run_address>
         <size>0x66</size>
         <input_file_ref idref="fl-16a"/>
      </object_component>
      <object_component id="oc-60a">
         <name>.text</name>
         <load_address>0x4b5c</load_address>
         <run_address>0x4b5c</run_address>
         <size>0x64</size>
         <input_file_ref idref="fl-171"/>
      </object_component>
      <object_component id="oc-32c">
         <name>.text:vTaskPlaceOnEventList</name>
         <load_address>0x4bc0</load_address>
         <run_address>0x4bc0</run_address>
         <size>0x64</size>
         <input_file_ref idref="fl-e"/>
      </object_component>
      <object_component id="oc-31a">
         <name>.text:prvUnlockQueue</name>
         <load_address>0x4c24</load_address>
         <run_address>0x4c24</run_address>
         <size>0x62</size>
         <input_file_ref idref="fl-d"/>
      </object_component>
      <object_component id="oc-213">
         <name>.text:I2cTempTask</name>
         <load_address>0x4c88</load_address>
         <run_address>0x4c88</run_address>
         <size>0x60</size>
         <input_file_ref idref="fl-4"/>
      </object_component>
      <object_component id="oc-2d7">
         <name>.text:TimerConfigure</name>
         <load_address>0x4ce8</load_address>
         <run_address>0x4ce8</run_address>
         <size>0x60</size>
         <input_file_ref idref="fl-180"/>
      </object_component>
      <object_component id="oc-402">
         <name>.text:playSong</name>
         <load_address>0x4d48</load_address>
         <run_address>0x4d48</run_address>
         <size>0x60</size>
         <input_file_ref idref="fl-2"/>
      </object_component>
      <object_component id="oc-292">
         <name>.text:prvInitialiseTaskLists</name>
         <load_address>0x4da8</load_address>
         <run_address>0x4da8</run_address>
         <size>0x60</size>
         <input_file_ref idref="fl-e"/>
      </object_component>
      <object_component id="oc-37e">
         <name>.text</name>
         <load_address>0x4e08</load_address>
         <run_address>0x4e08</run_address>
         <size>0x60</size>
         <input_file_ref idref="fl-147"/>
      </object_component>
      <object_component id="oc-15f">
         <name>.text:vTaskStartScheduler</name>
         <load_address>0x4e68</load_address>
         <run_address>0x4e68</run_address>
         <size>0x60</size>
         <input_file_ref idref="fl-e"/>
      </object_component>
      <object_component id="oc-1d0">
         <name>.text:Lcd_Init</name>
         <load_address>0x4ec8</load_address>
         <run_address>0x4ec8</run_address>
         <size>0x5e</size>
         <input_file_ref idref="fl-6"/>
      </object_component>
      <object_component id="oc-204">
         <name>.text:InitI2C0</name>
         <load_address>0x4f28</load_address>
         <run_address>0x4f28</run_address>
         <size>0x5c</size>
         <input_file_ref idref="fl-4"/>
      </object_component>
      <object_component id="oc-377">
         <name>.text:Lcd_Write_Char</name>
         <load_address>0x4f84</load_address>
         <run_address>0x4f84</run_address>
         <size>0x5c</size>
         <input_file_ref idref="fl-6"/>
      </object_component>
      <object_component id="oc-2ab">
         <name>.text:vTaskDelay</name>
         <load_address>0x4fe0</load_address>
         <run_address>0x4fe0</run_address>
         <size>0x5c</size>
         <input_file_ref idref="fl-e"/>
      </object_component>
      <object_component id="oc-4c0">
         <name>.text:xQueueGenericSendFromISR</name>
         <load_address>0x503c</load_address>
         <run_address>0x503c</run_address>
         <size>0x5c</size>
         <input_file_ref idref="fl-d"/>
      </object_component>
      <object_component id="oc-147">
         <name>.text:I2cTempTaskInit</name>
         <load_address>0x5098</load_address>
         <run_address>0x5098</run_address>
         <size>0x58</size>
         <input_file_ref idref="fl-4"/>
      </object_component>
      <object_component id="oc-1bd">
         <name>.text:KeypadTask</name>
         <load_address>0x50f0</load_address>
         <run_address>0x50f0</run_address>
         <size>0x58</size>
         <input_file_ref idref="fl-5"/>
      </object_component>
      <object_component id="oc-449">
         <name>.text:prvCheckTasksWaitingTermination</name>
         <load_address>0x5148</load_address>
         <run_address>0x5148</run_address>
         <size>0x58</size>
         <input_file_ref idref="fl-e"/>
      </object_component>
      <object_component id="oc-2c9">
         <name>.text:Lcd_Port</name>
         <load_address>0x51a0</load_address>
         <run_address>0x51a0</run_address>
         <size>0x54</size>
         <input_file_ref idref="fl-6"/>
      </object_component>
      <object_component id="oc-280">
         <name>.text:prvInitialiseTCBVariables</name>
         <load_address>0x51f4</load_address>
         <run_address>0x51f4</run_address>
         <size>0x54</size>
         <input_file_ref idref="fl-e"/>
      </object_component>
      <object_component id="oc-525">
         <name>.text</name>
         <load_address>0x5248</load_address>
         <run_address>0x5248</run_address>
         <size>0x54</size>
         <input_file_ref idref="fl-15f"/>
      </object_component>
      <object_component id="oc-314">
         <name>.text:xTaskCheckForTimeOut</name>
         <load_address>0x529c</load_address>
         <run_address>0x529c</run_address>
         <size>0x54</size>
         <input_file_ref idref="fl-e"/>
      </object_component>
      <object_component id="oc-53b">
         <name>.text</name>
         <load_address>0x52f0</load_address>
         <run_address>0x52f0</run_address>
         <size>0x52</size>
         <input_file_ref idref="fl-15d"/>
      </object_component>
      <object_component id="oc-20a">
         <name>.text:I2C_write8BitRegister</name>
         <load_address>0x5344</load_address>
         <run_address>0x5344</run_address>
         <size>0x50</size>
         <input_file_ref idref="fl-4"/>
      </object_component>
      <object_component id="oc-396">
         <name>.text:SysCtlPeripheralReset</name>
         <load_address>0x5394</load_address>
         <run_address>0x5394</run_address>
         <size>0x50</size>
         <input_file_ref idref="fl-17f"/>
      </object_component>
      <object_component id="oc-24">
         <name>.text</name>
         <load_address>0x53e4</load_address>
         <run_address>0x53e4</run_address>
         <size>0x50</size>
         <input_file_ref idref="fl-13a"/>
      </object_component>
      <object_component id="oc-301">
         <name>.text:timer_count_time</name>
         <load_address>0x5434</load_address>
         <run_address>0x5434</run_address>
         <size>0x50</size>
         <input_file_ref idref="fl-8"/>
      </object_component>
      <object_component id="oc-3ae">
         <name>.text:I2CMasterInitExpClk</name>
         <load_address>0x5484</load_address>
         <run_address>0x5484</run_address>
         <size>0x4c</size>
         <input_file_ref idref="fl-17c"/>
      </object_component>
      <object_component id="oc-1dc">
         <name>.text:Timer0A_Init</name>
         <load_address>0x54d0</load_address>
         <run_address>0x54d0</run_address>
         <size>0x4c</size>
         <input_file_ref idref="fl-8"/>
      </object_component>
      <object_component id="oc-227">
         <name>.text:UART_Init</name>
         <load_address>0x551c</load_address>
         <run_address>0x551c</run_address>
         <size>0x4c</size>
         <input_file_ref idref="fl-9"/>
      </object_component>
      <object_component id="oc-49f">
         <name>.text:_TimerIntNumberGet</name>
         <load_address>0x5568</load_address>
         <run_address>0x5568</run_address>
         <size>0x4c</size>
         <input_file_ref idref="fl-180"/>
      </object_component>
      <object_component id="oc-d8">
         <name>.text:main</name>
         <load_address>0x55b4</load_address>
         <run_address>0x55b4</run_address>
         <size>0x4c</size>
         <input_file_ref idref="fl-3"/>
      </object_component>
      <object_component id="oc-481">
         <name>.text:prvAddCurrentTaskToDelayedList</name>
         <load_address>0x5600</load_address>
         <run_address>0x5600</run_address>
         <size>0x4c</size>
         <input_file_ref idref="fl-e"/>
      </object_component>
      <object_component id="oc-54d">
         <name>.text</name>
         <load_address>0x564c</load_address>
         <run_address>0x564c</run_address>
         <size>0x4c</size>
         <input_file_ref idref="fl-14e"/>
      </object_component>
      <object_component id="oc-d0">
         <name>.text</name>
         <load_address>0x5698</load_address>
         <run_address>0x5698</run_address>
         <size>0x4c</size>
         <input_file_ref idref="fl-150"/>
      </object_component>
      <object_component id="oc-39c">
         <name>.text:GPIOPinConfigure</name>
         <load_address>0x56e4</load_address>
         <run_address>0x56e4</run_address>
         <size>0x48</size>
         <input_file_ref idref="fl-17b"/>
      </object_component>
      <object_component id="oc-520">
         <name>.text</name>
         <load_address>0x572c</load_address>
         <run_address>0x572c</run_address>
         <size>0x48</size>
         <input_file_ref idref="fl-157"/>
      </object_component>
      <object_component id="oc-40f">
         <name>.text:UARTConfigSetExpClk</name>
         <load_address>0x5774</load_address>
         <run_address>0x5774</run_address>
         <size>0x46</size>
         <input_file_ref idref="fl-181"/>
      </object_component>
      <object_component id="oc-8a">
         <name>.text</name>
         <load_address>0x57bc</load_address>
         <run_address>0x57bc</run_address>
         <size>0x44</size>
         <input_file_ref idref="fl-13e"/>
      </object_component>
      <object_component id="oc-454">
         <name>.text:vPortFree</name>
         <load_address>0x5800</load_address>
         <run_address>0x5800</run_address>
         <size>0x44</size>
         <input_file_ref idref="fl-11"/>
      </object_component>
      <object_component id="oc-2cf">
         <name>.text:Lcd_Cmd</name>
         <load_address>0x5844</load_address>
         <run_address>0x5844</run_address>
         <size>0x40</size>
         <input_file_ref idref="fl-6"/>
      </object_component>
      <object_component id="oc-153">
         <name>.text:UartTaskReceiveInit</name>
         <load_address>0x5884</load_address>
         <run_address>0x5884</run_address>
         <size>0x40</size>
         <input_file_ref idref="fl-9"/>
      </object_component>
      <object_component id="oc-746">
         <name>.text</name>
         <load_address>0x58c4</load_address>
         <run_address>0x58c4</run_address>
         <size>0x40</size>
         <input_file_ref idref="fl-174"/>
      </object_component>
      <object_component id="oc-247">
         <name>.text:xPortStartScheduler</name>
         <load_address>0x5904</load_address>
         <run_address>0x5904</run_address>
         <size>0x40</size>
         <input_file_ref idref="fl-f"/>
      </object_component>
      <object_component id="oc-1b1">
         <name>.text:GPIO_Keypad_Init</name>
         <load_address>0x5944</load_address>
         <run_address>0x5944</run_address>
         <size>0x3c</size>
         <input_file_ref idref="fl-5"/>
      </object_component>
      <object_component id="oc-159">
         <name>.text:xQueueGenericCreate</name>
         <load_address>0x5980</load_address>
         <run_address>0x5980</run_address>
         <size>0x3c</size>
         <input_file_ref idref="fl-d"/>
      </object_component>
      <object_component id="oc-27a">
         <name>.text:prvAllocateTCBAndStack</name>
         <load_address>0x59bc</load_address>
         <run_address>0x59bc</run_address>
         <size>0x3a</size>
         <input_file_ref idref="fl-e"/>
      </object_component>
      <object_component id="oc-14d">
         <name>.text:BuzzerTaskInit</name>
         <load_address>0x59f8</load_address>
         <run_address>0x59f8</run_address>
         <size>0x38</size>
         <input_file_ref idref="fl-2"/>
      </object_component>
      <object_component id="oc-13b">
         <name>.text:KeypadTaskInit</name>
         <load_address>0x5a30</load_address>
         <run_address>0x5a30</run_address>
         <size>0x38</size>
         <input_file_ref idref="fl-5"/>
      </object_component>
      <object_component id="oc-3d7">
         <name>.text:SysCtlPeripheralReady</name>
         <load_address>0x5a68</load_address>
         <run_address>0x5a68</run_address>
         <size>0x38</size>
         <input_file_ref idref="fl-17f"/>
      </object_component>
      <object_component id="oc-385">
         <name>.text</name>
         <load_address>0x5aa0</load_address>
         <run_address>0x5aa0</run_address>
         <size>0x38</size>
         <input_file_ref idref="fl-140"/>
      </object_component>
      <object_component id="oc-4d6">
         <name>.text:vListInsert</name>
         <load_address>0x5ad8</load_address>
         <run_address>0x5ad8</run_address>
         <size>0x38</size>
         <input_file_ref idref="fl-c"/>
      </object_component>
      <object_component id="oc-4a5">
         <name>.text:IntRegister</name>
         <load_address>0x5b10</load_address>
         <run_address>0x5b10</run_address>
         <size>0x34</size>
         <input_file_ref idref="fl-17d"/>
      </object_component>
      <object_component id="oc-1c4">
         <name>.text:SysCtlPeripheralEnable</name>
         <load_address>0x5b44</load_address>
         <run_address>0x5b44</run_address>
         <size>0x34</size>
         <input_file_ref idref="fl-17f"/>
      </object_component>
      <object_component id="oc-6d6">
         <name>.text</name>
         <load_address>0x5b78</load_address>
         <run_address>0x5b78</run_address>
         <size>0x34</size>
         <input_file_ref idref="fl-16f"/>
      </object_component>
      <object_component id="oc-220">
         <name>.text:BuzzerTask</name>
         <load_address>0x5bac</load_address>
         <run_address>0x5bac</run_address>
         <size>0x30</size>
         <input_file_ref idref="fl-2"/>
      </object_component>
      <object_component id="oc-423">
         <name>.text:prvHeapInit</name>
         <load_address>0x5bdc</load_address>
         <run_address>0x5bdc</run_address>
         <size>0x30</size>
         <input_file_ref idref="fl-11"/>
      </object_component>
      <object_component id="oc-623">
         <name>.text</name>
         <load_address>0x5c0c</load_address>
         <run_address>0x5c0c</run_address>
         <size>0x30</size>
         <input_file_ref idref="fl-165"/>
      </object_component>
      <object_component id="oc-654">
         <name>.text</name>
         <load_address>0x5c3c</load_address>
         <run_address>0x5c3c</run_address>
         <size>0x30</size>
         <input_file_ref idref="fl-16b"/>
      </object_component>
      <object_component id="oc-52b">
         <name>.text</name>
         <load_address>0x5c6c</load_address>
         <run_address>0x5c6c</run_address>
         <size>0x2e</size>
         <input_file_ref idref="fl-15c"/>
      </object_component>
      <object_component id="oc-724">
         <name>.text</name>
         <load_address>0x5c9a</load_address>
         <run_address>0x5c9a</run_address>
         <size>0x2e</size>
         <input_file_ref idref="fl-172"/>
      </object_component>
      <object_component id="oc-4a">
         <name>.text:xPortSysTickHandler</name>
         <load_address>0x5cc8</load_address>
         <run_address>0x5cc8</run_address>
         <size>0x2c</size>
         <input_file_ref idref="fl-f"/>
      </object_component>
      <object_component id="oc-2c1">
         <name>.text:GPIODirModeSet</name>
         <load_address>0x5cf4</load_address>
         <run_address>0x5cf4</run_address>
         <size>0x2a</size>
         <input_file_ref idref="fl-17b"/>
      </object_component>
      <object_component id="oc-535">
         <name>.text</name>
         <load_address>0x5d1e</load_address>
         <run_address>0x5d1e</run_address>
         <size>0x2a</size>
         <input_file_ref idref="fl-15a"/>
      </object_component>
      <object_component id="oc-10d">
         <name>.text:prvResetNextTaskUnblockTime</name>
         <load_address>0x5d48</load_address>
         <run_address>0x5d48</run_address>
         <size>0x28</size>
         <input_file_ref idref="fl-e"/>
      </object_component>
      <object_component id="oc-286">
         <name>.text:pxPortInitialiseStack</name>
         <load_address>0x5d70</load_address>
         <run_address>0x5d70</run_address>
         <size>0x28</size>
         <input_file_ref idref="fl-f"/>
      </object_component>
      <object_component id="oc-57c">
         <name>.text:prvCopyDataFromQueue</name>
         <load_address>0x5d98</load_address>
         <run_address>0x5d98</run_address>
         <size>0x26</size>
         <input_file_ref idref="fl-d"/>
      </object_component>
      <object_component id="oc-36b">
         <name>.text:Lcd_Set_Cursor</name>
         <load_address>0x5dbe</load_address>
         <run_address>0x5dbe</run_address>
         <size>0x22</size>
         <input_file_ref idref="fl-6"/>
      </object_component>
      <object_component id="oc-3e3">
         <name>.text:PWMGenConfigure</name>
         <load_address>0x5de0</load_address>
         <run_address>0x5de0</run_address>
         <size>0x22</size>
         <input_file_ref idref="fl-17e"/>
      </object_component>
      <object_component id="oc-5bc">
         <name>.text:UARTDisable</name>
         <load_address>0x5e04</load_address>
         <run_address>0x5e04</run_address>
         <size>0x20</size>
         <input_file_ref idref="fl-181"/>
      </object_component>
      <object_component id="oc-4ff">
         <name>.text</name>
         <load_address>0x5e24</load_address>
         <run_address>0x5e24</run_address>
         <size>0x20</size>
         <input_file_ref idref="fl-161"/>
      </object_component>
      <object_component id="oc-113">
         <name>.text:uxListRemove</name>
         <load_address>0x5e44</load_address>
         <run_address>0x5e44</run_address>
         <size>0x20</size>
         <input_file_ref idref="fl-c"/>
      </object_component>
      <object_component id="oc-3ef">
         <name>.text:PWMPulseWidthSet</name>
         <load_address>0x5e64</load_address>
         <run_address>0x5e64</run_address>
         <size>0x1e</size>
         <input_file_ref idref="fl-17e"/>
      </object_component>
      <object_component id="oc-326">
         <name>.text:prvIsQueueFull</name>
         <load_address>0x5e82</load_address>
         <run_address>0x5e82</run_address>
         <size>0x1c</size>
         <input_file_ref idref="fl-d"/>
      </object_component>
      <object_component id="oc-547">
         <name>.text</name>
         <load_address>0x5e9e</load_address>
         <run_address>0x5e9e</run_address>
         <size>0x1c</size>
         <input_file_ref idref="fl-160"/>
      </object_component>
      <object_component id="oc-28c">
         <name>.text:vPortEnterCritical</name>
         <load_address>0x5ebc</load_address>
         <run_address>0x5ebc</run_address>
         <size>0x1c</size>
         <input_file_ref idref="fl-f"/>
      </object_component>
      <object_component id="oc-570">
         <name>.text:prvIsQueueEmpty</name>
         <load_address>0x5ed8</load_address>
         <run_address>0x5ed8</run_address>
         <size>0x1a</size>
         <input_file_ref idref="fl-d"/>
      </object_component>
      <object_component id="oc-1ca">
         <name>.text:GPIOPinTypeGPIOOutput</name>
         <load_address>0x5ef2</load_address>
         <run_address>0x5ef2</run_address>
         <size>0x18</size>
         <input_file_ref idref="fl-17b"/>
      </object_component>
      <object_component id="oc-2ef">
         <name>.text:TimerIntRegister</name>
         <load_address>0x5f0a</load_address>
         <run_address>0x5f0a</run_address>
         <size>0x18</size>
         <input_file_ref idref="fl-180"/>
      </object_component>
      <object_component id="oc-582">
         <name>.text:pvTaskIncrementMutexHeldCount</name>
         <load_address>0x5f24</load_address>
         <run_address>0x5f24</run_address>
         <size>0x18</size>
         <input_file_ref idref="fl-e"/>
      </object_component>
      <object_component id="oc-84">
         <name>.text</name>
         <load_address>0x5f3c</load_address>
         <run_address>0x5f3c</run_address>
         <size>0x18</size>
         <input_file_ref idref="fl-14d"/>
      </object_component>
      <object_component id="oc-61d">
         <name>.text</name>
         <load_address>0x5f54</load_address>
         <run_address>0x5f54</run_address>
         <size>0x18</size>
         <input_file_ref idref="fl-163"/>
      </object_component>
      <object_component id="oc-119">
         <name>.text:vListInsertEnd</name>
         <load_address>0x5f6c</load_address>
         <run_address>0x5f6c</run_address>
         <size>0x18</size>
         <input_file_ref idref="fl-c"/>
      </object_component>
      <object_component id="oc-298">
         <name>.text:vPortExitCritical</name>
         <load_address>0x5f84</load_address>
         <run_address>0x5f84</run_address>
         <size>0x18</size>
         <input_file_ref idref="fl-f"/>
      </object_component>
      <object_component id="oc-308">
         <name>.text:vTaskSetTimeOutState</name>
         <load_address>0x5f9c</load_address>
         <run_address>0x5f9c</run_address>
         <size>0x18</size>
         <input_file_ref idref="fl-e"/>
      </object_component>
      <object_component id="oc-541">
         <name>.text</name>
         <load_address>0x5fb4</load_address>
         <run_address>0x5fb4</run_address>
         <size>0x16</size>
         <input_file_ref idref="fl-162"/>
      </object_component>
      <object_component id="oc-431">
         <name>.text:vListInitialise</name>
         <load_address>0x5fca</load_address>
         <run_address>0x5fca</run_address>
         <size>0x16</size>
         <input_file_ref idref="fl-c"/>
      </object_component>
      <object_component id="oc-365">
         <name>.text:Lcd_Write_String</name>
         <load_address>0x5fe0</load_address>
         <run_address>0x5fe0</run_address>
         <size>0x14</size>
         <input_file_ref idref="fl-6"/>
      </object_component>
      <object_component id="oc-5c2">
         <name>.text:UARTEnable</name>
         <load_address>0x5ff4</load_address>
         <run_address>0x5ff4</run_address>
         <size>0x14</size>
         <input_file_ref idref="fl-181"/>
      </object_component>
      <object_component id="oc-170">
         <name>.text</name>
         <load_address>0x6008</load_address>
         <run_address>0x6008</run_address>
         <size>0x14</size>
         <input_file_ref idref="fl-14b"/>
      </object_component>
      <object_component id="oc-708">
         <name>.text</name>
         <load_address>0x601c</load_address>
         <run_address>0x601c</run_address>
         <size>0x14</size>
         <input_file_ref idref="fl-175"/>
      </object_component>
      <object_component id="oc-4f9">
         <name>.text</name>
         <load_address>0x6030</load_address>
         <run_address>0x6030</run_address>
         <size>0x14</size>
         <input_file_ref idref="fl-164"/>
      </object_component>
      <object_component id="oc-43f">
         <name>.text:vPortSetupTimerInterrupt</name>
         <load_address>0x6044</load_address>
         <run_address>0x6044</run_address>
         <size>0x14</size>
         <input_file_ref idref="fl-f"/>
      </object_component>
      <object_component id="oc-26d">
         <name>.text:GPIOPinTypeGPIOInput</name>
         <load_address>0x6058</load_address>
         <run_address>0x6058</run_address>
         <size>0x12</size>
         <input_file_ref idref="fl-17b"/>
      </object_component>
      <object_component id="oc-3a8">
         <name>.text:GPIOPinTypeI2C</name>
         <load_address>0x606a</load_address>
         <run_address>0x606a</run_address>
         <size>0x12</size>
         <input_file_ref idref="fl-17b"/>
      </object_component>
      <object_component id="oc-3a2">
         <name>.text:GPIOPinTypeI2CSCL</name>
         <load_address>0x607c</load_address>
         <run_address>0x607c</run_address>
         <size>0x12</size>
         <input_file_ref idref="fl-17b"/>
      </object_component>
      <object_component id="oc-3dd">
         <name>.text:GPIOPinTypePWM</name>
         <load_address>0x608e</load_address>
         <run_address>0x608e</run_address>
         <size>0x12</size>
         <input_file_ref idref="fl-17b"/>
      </object_component>
      <object_component id="oc-409">
         <name>.text:GPIOPinTypeUART</name>
         <load_address>0x60a0</load_address>
         <run_address>0x60a0</run_address>
         <size>0x12</size>
         <input_file_ref idref="fl-17b"/>
      </object_component>
      <object_component id="oc-3fb">
         <name>.text:PWMOutputState</name>
         <load_address>0x60b2</load_address>
         <run_address>0x60b2</run_address>
         <size>0x12</size>
         <input_file_ref idref="fl-17e"/>
      </object_component>
      <object_component id="oc-2e9">
         <name>.text:TimerLoadSet</name>
         <load_address>0x60c4</load_address>
         <run_address>0x60c4</run_address>
         <size>0x12</size>
         <input_file_ref idref="fl-180"/>
      </object_component>
      <object_component id="oc-5dd">
         <name>.text:prvDeleteTCB</name>
         <load_address>0x60d6</load_address>
         <run_address>0x60d6</run_address>
         <size>0x12</size>
         <input_file_ref idref="fl-e"/>
      </object_component>
      <object_component id="oc-2fb">
         <name>.text:IntMasterEnable</name>
         <load_address>0x60e8</load_address>
         <run_address>0x60e8</run_address>
         <size>0x10</size>
         <input_file_ref idref="fl-17d"/>
      </object_component>
      <object_component id="oc-1d6">
         <name>.text:Lcd_Clear</name>
         <load_address>0x60f8</load_address>
         <run_address>0x60f8</run_address>
         <size>0x10</size>
         <input_file_ref idref="fl-6"/>
      </object_component>
      <object_component id="oc-3e9">
         <name>.text:PWMGenPeriodSet</name>
         <load_address>0x6108</load_address>
         <run_address>0x6108</run_address>
         <size>0x10</size>
         <input_file_ref idref="fl-17e"/>
      </object_component>
      <object_component id="oc-462">
         <name>.text:prvTaskExitError</name>
         <load_address>0x6118</load_address>
         <run_address>0x6118</run_address>
         <size>0x10</size>
         <input_file_ref idref="fl-f"/>
      </object_component>
      <object_component id="oc-30e">
         <name>.text:vTaskSuspendAll</name>
         <load_address>0x6128</load_address>
         <run_address>0x6128</run_address>
         <size>0x10</size>
         <input_file_ref idref="fl-e"/>
      </object_component>
      <object_component id="oc-2dd">
         <name>.text:TimerEnable</name>
         <load_address>0x6138</load_address>
         <run_address>0x6138</run_address>
         <size>0xe</size>
         <input_file_ref idref="fl-180"/>
      </object_component>
      <object_component id="oc-416">
         <name>.text:UARTCharsAvail</name>
         <load_address>0x6146</load_address>
         <run_address>0x6146</run_address>
         <size>0xe</size>
         <input_file_ref idref="fl-181"/>
      </object_component>
      <object_component id="oc-12">
         <name>.text:decompress:none</name>
         <load_address>0x6154</load_address>
         <run_address>0x6154</run_address>
         <size>0xe</size>
         <input_file_ref idref="fl-13b"/>
      </object_component>
      <object_component id="oc-4b3">
         <name>.text:CPUcpsie</name>
         <load_address>0x6162</load_address>
         <run_address>0x6162</run_address>
         <size>0xc</size>
         <input_file_ref idref="fl-182"/>
      </object_component>
      <object_component id="oc-3f5">
         <name>.text:PWMGenEnable</name>
         <load_address>0x616e</load_address>
         <run_address>0x616e</run_address>
         <size>0xc</size>
         <input_file_ref idref="fl-17e"/>
      </object_component>
      <object_component id="oc-1e">
         <name>.text:decompress:ZI</name>
         <load_address>0x617a</load_address>
         <run_address>0x617a</run_address>
         <size>0xc</size>
         <input_file_ref idref="fl-13d"/>
      </object_component>
      <object_component id="oc-4cd">
         <name>.text:vTaskMissedYield</name>
         <load_address>0x6188</load_address>
         <run_address>0x6188</run_address>
         <size>0xc</size>
         <input_file_ref idref="fl-e"/>
      </object_component>
      <object_component id="oc-29f">
         <name>.text:xTaskGetTickCount</name>
         <load_address>0x6194</load_address>
         <run_address>0x6194</run_address>
         <size>0xc</size>
         <input_file_ref idref="fl-e"/>
      </object_component>
      <object_component id="oc-59c">
         <name>.text:I2CMasterEnable</name>
         <load_address>0x61a0</load_address>
         <run_address>0x61a0</run_address>
         <size>0xa</size>
         <input_file_ref idref="fl-17c"/>
      </object_component>
      <object_component id="oc-41c">
         <name>.text:UARTCharGet</name>
         <load_address>0x61aa</load_address>
         <run_address>0x61aa</run_address>
         <size>0xa</size>
         <input_file_ref idref="fl-181"/>
      </object_component>
      <object_component id="oc-3c7">
         <name>.text:I2CMasterBusy</name>
         <load_address>0x61b4</load_address>
         <run_address>0x61b4</run_address>
         <size>0x8</size>
         <input_file_ref idref="fl-17c"/>
      </object_component>
      <object_component id="oc-3b5">
         <name>.text:I2CMasterSlaveAddrSet</name>
         <load_address>0x61bc</load_address>
         <run_address>0x61bc</run_address>
         <size>0x8</size>
         <input_file_ref idref="fl-17c"/>
      </object_component>
      <object_component id="oc-2f5">
         <name>.text:TimerIntEnable</name>
         <load_address>0x61c4</load_address>
         <run_address>0x61c4</run_address>
         <size>0x8</size>
         <input_file_ref idref="fl-180"/>
      </object_component>
      <object_component id="oc-24d">
         <name>.text:prvIdleTask</name>
         <load_address>0x61cc</load_address>
         <run_address>0x61cc</run_address>
         <size>0x8</size>
         <input_file_ref idref="fl-e"/>
      </object_component>
      <object_component id="oc-478">
         <name>.text:GPIOPinRead</name>
         <load_address>0x61d4</load_address>
         <run_address>0x61d4</run_address>
         <size>0x6</size>
         <input_file_ref idref="fl-17b"/>
      </object_component>
      <object_component id="oc-472">
         <name>.text:GPIOPinWrite</name>
         <load_address>0x61da</load_address>
         <run_address>0x61da</run_address>
         <size>0x6</size>
         <input_file_ref idref="fl-17b"/>
      </object_component>
      <object_component id="oc-2d">
         <name>.text:ResetISR</name>
         <load_address>0x61e0</load_address>
         <run_address>0x61e0</run_address>
         <size>0x6</size>
         <input_file_ref idref="fl-7"/>
      </object_component>
      <object_component id="oc-1ae">
         <name>.text:SysCtlDelay</name>
         <load_address>0x61e6</load_address>
         <run_address>0x61e6</run_address>
         <size>0x6</size>
         <input_file_ref idref="fl-17f"/>
      </object_component>
      <object_component id="oc-18">
         <name>.text:decompress:rle24</name>
         <load_address>0x61ec</load_address>
         <run_address>0x61ec</run_address>
         <size>0x6</size>
         <input_file_ref idref="fl-13c"/>
      </object_component>
      <object_component id="oc-45b">
         <name>.text:vListInitialiseItem</name>
         <load_address>0x61f2</load_address>
         <run_address>0x61f2</run_address>
         <size>0x6</size>
         <input_file_ref idref="fl-c"/>
      </object_component>
      <object_component id="oc-3c1">
         <name>.text:I2CMasterControl</name>
         <load_address>0x61f8</load_address>
         <run_address>0x61f8</run_address>
         <size>0x4</size>
         <input_file_ref idref="fl-17c"/>
      </object_component>
      <object_component id="oc-5a8">
         <name>.text:I2CMasterDataGet</name>
         <load_address>0x61fc</load_address>
         <run_address>0x61fc</run_address>
         <size>0x4</size>
         <input_file_ref idref="fl-17c"/>
      </object_component>
      <object_component id="oc-3bb">
         <name>.text:I2CMasterDataPut</name>
         <load_address>0x6200</load_address>
         <run_address>0x6200</run_address>
         <size>0x4</size>
         <input_file_ref idref="fl-17c"/>
      </object_component>
      <object_component id="oc-4ba">
         <name>.text:TimerIntClear</name>
         <load_address>0x6204</load_address>
         <run_address>0x6204</run_address>
         <size>0x4</size>
         <input_file_ref idref="fl-180"/>
      </object_component>
      <object_component id="oc-78">
         <name>.text</name>
         <load_address>0x6208</load_address>
         <run_address>0x6208</run_address>
         <size>0x4</size>
         <input_file_ref idref="fl-144"/>
      </object_component>
      <object_component id="oc-660">
         <name>.const:.string:_ctypes_</name>
         <load_address>0x620c</load_address>
         <run_address>0x620c</run_address>
         <size>0x101</size>
         <input_file_ref idref="fl-151"/>
      </object_component>
      <object_component id="oc-596">
         <name>.const:g_pui32GPIOBaseAddrs</name>
         <load_address>0x6310</load_address>
         <run_address>0x6310</run_address>
         <size>0x90</size>
         <input_file_ref idref="fl-17b"/>
      </object_component>
      <object_component id="oc-5fe">
         <name>.const</name>
         <load_address>0x63a0</load_address>
         <run_address>0x63a0</run_address>
         <size>0x70</size>
         <input_file_ref idref="fl-17d"/>
      </object_component>
      <object_component id="oc-49a">
         <name>.const:g_pui32Xtals</name>
         <load_address>0x6410</load_address>
         <run_address>0x6410</run_address>
         <size>0x6c</size>
         <input_file_ref idref="fl-17f"/>
      </object_component>
      <object_component id="oc-5f2">
         <name>.const:g_ppui32TimerIntMap</name>
         <load_address>0x647c</load_address>
         <run_address>0x647c</run_address>
         <size>0x60</size>
         <input_file_ref idref="fl-180"/>
      </object_component>
      <object_component id="oc-5f5">
         <name>.const:g_ppui32TimerIntMapSnowflake</name>
         <load_address>0x64dc</load_address>
         <run_address>0x64dc</run_address>
         <size>0x40</size>
         <input_file_ref idref="fl-180"/>
      </object_component>
      <object_component id="oc-674">
         <name>.const</name>
         <load_address>0x651c</load_address>
         <run_address>0x651c</run_address>
         <size>0x30</size>
         <input_file_ref idref="fl-14a"/>
      </object_component>
      <object_component id="oc-5b7">
         <name>.const</name>
         <load_address>0x654c</load_address>
         <run_address>0x654c</run_address>
         <size>0x20</size>
         <input_file_ref idref="fl-2"/>
      </object_component>
      <object_component id="oc-48d">
         <name>.const</name>
         <load_address>0x656c</load_address>
         <run_address>0x656c</run_address>
         <size>0x10</size>
         <input_file_ref idref="fl-5"/>
      </object_component>
      <object_component id="oc-9f">
         <name>.const</name>
         <load_address>0x657c</load_address>
         <run_address>0x657c</run_address>
         <size>0x4</size>
         <input_file_ref idref="fl-f"/>
      </object_component>
      <object_component id="oc-797">
         <name>.cinit..data.load</name>
         <load_address>0x6580</load_address>
         <run_address>0x6580</run_address>
         <size>0xc6</size>
      </object_component>
      <object_component id="oc-794">
         <name>__TI_handler_table</name>
         <load_address>0x6648</load_address>
         <run_address>0x6648</run_address>
         <size>0xc</size>
      </object_component>
      <object_component id="oc-798">
         <name>.cinit..bss.load</name>
         <load_address>0x6658</load_address>
         <run_address>0x6658</run_address>
         <size>0x8</size>
      </object_component>
      <object_component id="oc-796">
         <name>.cinit..vtable.load</name>
         <load_address>0x6660</load_address>
         <run_address>0x6660</run_address>
         <size>0x8</size>
      </object_component>
      <object_component id="oc-795">
         <name>__TI_cinit_table</name>
         <load_address>0x6668</load_address>
         <run_address>0x6668</run_address>
         <size>0x18</size>
      </object_component>
      <object_component id="oc-5f9">
         <name>.vtable</name>
         <uninitialized>true</uninitialized>
         <run_address>0x20000000</run_address>
         <size>0x26c</size>
         <input_file_ref idref="fl-17d"/>
      </object_component>
      <object_component id="oc-2a">
         <name>.sysmem</name>
         <uninitialized>true</uninitialized>
         <run_address>0x200059d0</run_address>
         <size>0x8</size>
         <input_file_ref idref="fl-178"/>
      </object_component>
      <object_component id="oc-79a">
         <name>.sysmem</name>
         <uninitialized>true</uninitialized>
         <run_address>0x200059d0</run_address>
         <size>0x0</size>
      </object_component>
      <object_component id="oc-29">
         <name>.stack</name>
         <uninitialized>true</uninitialized>
         <run_address>0x200057d0</run_address>
         <size>0x0</size>
         <input_file_ref idref="fl-13a"/>
      </object_component>
      <object_component id="oc-799">
         <name>.stack</name>
         <uninitialized>true</uninitialized>
         <run_address>0x200057d0</run_address>
         <size>0x0</size>
      </object_component>
      <object_component id="oc-109">
         <name>.bss:pxReadyTasksLists</name>
         <uninitialized>true</uninitialized>
         <run_address>0x2000508c</run_address>
         <size>0x140</size>
         <input_file_ref idref="fl-e"/>
      </object_component>
      <object_component id="oc-5cc">
         <name>.bss:ucHeap</name>
         <uninitialized>true</uninitialized>
         <run_address>0x2000026c</run_address>
         <size>0x4e20</size>
         <input_file_ref idref="fl-11"/>
      </object_component>
      <object_component id="oc-734">
         <name>.bss:__TI_tmpnams</name>
         <uninitialized>true</uninitialized>
         <run_address>0x200052ec</run_address>
         <size>0xa0</size>
         <input_file_ref idref="fl-152"/>
      </object_component>
      <object_component id="oc-73b">
         <name>.bss:__CIOBUF_</name>
         <uninitialized>true</uninitialized>
         <run_address>0x200051cc</run_address>
         <size>0x120</size>
         <input_file_ref idref="fl-167"/>
      </object_component>
      <object_component id="oc-37d">
         <name>.common:date</name>
         <uninitialized>true</uninitialized>
         <run_address>0x200053f0</run_address>
         <size>0x12</size>
      </object_component>
      <object_component id="oc-165">
         <name>.common:g_BuzzerSemaphore</name>
         <uninitialized>true</uninitialized>
         <run_address>0x2000541c</run_address>
         <size>0x4</size>
      </object_component>
      <object_component id="oc-1f3">
         <name>.common:g_pI2cTempQueue</name>
         <uninitialized>true</uninitialized>
         <run_address>0x20005420</run_address>
         <size>0x4</size>
      </object_component>
      <object_component id="oc-47f">
         <name>.common:i</name>
         <uninitialized>true</uninitialized>
         <run_address>0x20005445</run_address>
         <size>0x1</size>
      </object_component>
      <object_component id="oc-48b">
         <name>.common:cur_Col</name>
         <uninitialized>true</uninitialized>
         <run_address>0x2000540b</run_address>
         <size>0x1</size>
      </object_component>
      <object_component id="oc-48c">
         <name>.common:cur_Row</name>
         <uninitialized>true</uninitialized>
         <run_address>0x20005444</run_address>
         <size>0x1</size>
      </object_component>
      <object_component id="oc-2bd">
         <name>.common:Test</name>
         <uninitialized>true</uninitialized>
         <run_address>0x2000540a</run_address>
         <size>0x1</size>
      </object_component>
      <object_component id="oc-47e">
         <name>.common:idk</name>
         <uninitialized>true</uninitialized>
         <run_address>0x20005428</run_address>
         <size>0x4</size>
      </object_component>
      <object_component id="oc-2be">
         <name>.common:temp</name>
         <uninitialized>true</uninitialized>
         <run_address>0x20005446</run_address>
         <size>0x1</size>
      </object_component>
      <object_component id="oc-1ee">
         <name>.common:g_pKeypadQueue</name>
         <uninitialized>true</uninitialized>
         <run_address>0x20005424</run_address>
         <size>0x4</size>
      </object_component>
      <object_component id="oc-1f6">
         <name>.common:uart_queue</name>
         <uninitialized>true</uninitialized>
         <run_address>0x20005438</run_address>
         <size>0x4</size>
      </object_component>
      <object_component id="oc-1f9">
         <name>.common:uart_queue_counter</name>
         <uninitialized>true</uninitialized>
         <run_address>0x2000543c</run_address>
         <size>0x4</size>
      </object_component>
      <object_component id="oc-1fa">
         <name>.common:xTimerQueue</name>
         <uninitialized>true</uninitialized>
         <run_address>0x20005440</run_address>
         <size>0x4</size>
      </object_component>
      <object_component id="oc-384">
         <name>.common:packet_temp</name>
         <uninitialized>true</uninitialized>
[...]
      </symbol>
      <symbol id="sm-9ba">
         <name>__aeabi_ddiv</name>
         <value>0x2c5d</value>
         <object_component_ref idref="oc-516"/>
      </symbol>
      <symbol id="sm-9d1">
         <name>__aeabi_dmul</name>
         <value>0x3541</value>
         <object_component_ref idref="oc-511"/>
      </symbol>
      <symbol id="sm-9df">
         <name>__aeabi_d2iz</name>
         <value>0x572d</value>
         <object_component_ref idref="oc-520"/>
      </symbol>
      <symbol id="sm-9f6">
         <name>putc</name>
         <value>0x40c1</value>
         <object_component_ref idref="oc-33f"/>
      </symbol>
      <symbol id="sm-9f7">
         <name>fputc</name>
         <value>0x40c1</value>
         <object_component_ref idref="oc-33f"/>
      </symbol>
      <symbol id="sm-9f8">
         <name>putchar</name>
         <value>0x4145</value>
         <object_component_ref idref="oc-33f"/>
      </symbol>
      <symbol id="sm-a1a">
         <name>puts</name>
         <value>0x2ea1</value>
         <object_component_ref idref="oc-345"/>
      </symbol>
      <symbol id="sm-a1b">
         <name>fputs</name>
         <value>0x2d95</value>
         <object_component_ref idref="oc-345"/>
      </symbol>
      <symbol id="sm-a28">
         <name>frexp</name>
         <value>0x5d1f</value>
         <object_component_ref idref="oc-535"/>
      </symbol>
      <symbol id="sm-a35">
         <name>__aeabi_i2d</name>
         <value>0x5c6d</value>
         <object_component_ref idref="oc-52b"/>
      </symbol>
      <symbol id="sm-a46">
         <name>ldexp</name>
         <value>0x52f1</value>
         <object_component_ref idref="oc-53b"/>
      </symbol>
      <symbol id="sm-a98">
         <name>open</name>
         <value>0x2107</value>
         <object_component_ref idref="oc-4f1"/>
      </symbol>
      <symbol id="sm-a99">
         <name>add_device</name>
         <value>0x2229</value>
         <object_component_ref idref="oc-4f1"/>
      </symbol>
      <symbol id="sm-a9a">
         <name>remove_device</name>
         <value>0x20bb</value>
         <object_component_ref idref="oc-4f1"/>
      </symbol>
      <symbol id="sm-a9b">
         <name>lseek</name>
         <value>0x21b5</value>
         <object_component_ref idref="oc-4f1"/>
      </symbol>
      <symbol id="sm-a9c">
         <name>read</name>
         <value>0x20e3</value>
         <object_component_ref idref="oc-4f1"/>
      </symbol>
      <symbol id="sm-a9d">
         <name>rename</name>
         <value>0x207d</value>
         <object_component_ref idref="oc-4f1"/>
      </symbol>
      <symbol id="sm-a9e">
         <name>write</name>
         <value>0x1fc9</value>
         <object_component_ref idref="oc-4f1"/>
      </symbol>
      <symbol id="sm-a9f">
         <name>close</name>
         <value>0x21d9</value>
         <object_component_ref idref="oc-4f1"/>
      </symbol>
      <symbol id="sm-aa0">
         <name>unlink</name>
         <value>0x2059</value>
         <object_component_ref idref="oc-4f1"/>
      </symbol>
      <symbol id="sm-aaf">
         <name>ltoa</name>
         <value>0x5249</value>
         <object_component_ref idref="oc-525"/>
      </symbol>
      <symbol id="sm-abf">
         <name>memccpy</name>
         <value>0x5e9f</value>
         <object_component_ref idref="oc-547"/>
      </symbol>
      <symbol id="sm-acf">
         <name>memchr</name>
         <value>0x5e25</value>
         <object_component_ref idref="oc-4ff"/>
      </symbol>
      <symbol id="sm-adf">
         <name>strchr</name>
         <value>0x5fb5</value>
         <object_component_ref idref="oc-541"/>
      </symbol>
      <symbol id="sm-aee">
         <name>strcmp</name>
         <value>0x5f55</value>
         <object_component_ref idref="oc-61d"/>
      </symbol>
      <symbol id="sm-afc">
         <name>strlen</name>
         <value>0x6031</value>
         <object_component_ref idref="oc-4f9"/>
      </symbol>
      <symbol id="sm-b0c">
         <name>strncpy</name>
         <value>0x5c0d</value>
         <object_component_ref idref="oc-623"/>
      </symbol>
      <symbol id="sm-b2d">
         <name>HOSTgetenv</name>
         <value>0x24eb</value>
         <object_component_ref idref="oc-6b2"/>
      </symbol>
      <symbol id="sm-b2e">
         <name>HOSTrename</name>
         <value>0x2393</value>
         <object_component_ref idref="oc-6b2"/>
      </symbol>
      <symbol id="sm-b2f">
         <name>HOSTclose</name>
         <value>0x2529</value>
         <object_component_ref idref="oc-6b2"/>
      </symbol>
      <symbol id="sm-b30">
         <name>HOSTunlink</name>
         <value>0x2321</value>
         <object_component_ref idref="oc-6b2"/>
      </symbol>
      <symbol id="sm-b31">
         <name>HOSTlseek</name>
         <value>0x248f</value>
         <object_component_ref idref="oc-6b2"/>
      </symbol>
      <symbol id="sm-b32">
         <name>HOSTopen</name>
         <value>0x243d</value>
         <object_component_ref idref="oc-6b2"/>
      </symbol>
      <symbol id="sm-b33">
         <name>HOSTclock</name>
         <value>0x2561</value>
         <object_component_ref idref="oc-6b2"/>
      </symbol>
      <symbol id="sm-b34">
         <name>HOSTwrite</name>
         <value>0x22d5</value>
         <object_component_ref idref="oc-6b2"/>
      </symbol>
      <symbol id="sm-b35">
         <name>HOSTread</name>
         <value>0x23f1</value>
         <object_component_ref idref="oc-6b2"/>
      </symbol>
      <symbol id="sm-b36">
         <name>HOSTtime</name>
         <value>0x2359</value>
         <object_component_ref idref="oc-6b2"/>
      </symbol>
      <symbol id="sm-b51">
         <name>__TI_readmsg</name>
         <value>0x4abf</value>
         <object_component_ref idref="oc-702"/>
      </symbol>
      <symbol id="sm-b52">
         <name>C$$IO$$</name>
         <value>0x4abb</value>
         <object_component_ref idref="oc-702"/>
      </symbol>
      <symbol id="sm-b53">
         <name>__CIOBUF_</name>
         <value>0x200051cc</value>
         <object_component_ref idref="oc-73b"/>
      </symbol>
      <symbol id="sm-b54">
         <name>__TI_writemsg</name>
         <value>0x4a8d</value>
         <object_component_ref idref="oc-702"/>
      </symbol>
      <symbol id="sm-b7e">
         <name>__aeabi_uldivmod</name>
         <value>0x25a9</value>
         <object_component_ref idref="oc-507"/>
      </symbol>
      <symbol id="sm-b9f">
         <name>_Dscale</name>
         <value>0x3229</value>
         <object_component_ref idref="oc-64e"/>
      </symbol>
      <symbol id="sm-bb3">
         <name>_Dunscale</name>
         <value>0x4af5</value>
         <object_component_ref idref="oc-646"/>
      </symbol>
      <symbol id="sm-bc2">
         <name>_Feraise</name>
         <value>0x5c3d</value>
         <object_component_ref idref="oc-654"/>
      </symbol>
      <symbol id="sm-bd2">
         <name>_Rteps</name>
         <value>0x20005718</value>
         <object_component_ref idref="oc-6d1"/>
      </symbol>
      <symbol id="sm-bd3">
         <name>_Zero</name>
         <value>0x20005730</value>
         <object_component_ref idref="oc-6d1"/>
      </symbol>
      <symbol id="sm-bd4">
         <name>_Hugeval</name>
         <value>0x200056d8</value>
         <object_component_ref idref="oc-6d1"/>
      </symbol>
      <symbol id="sm-bd5">
         <name>_Snan</name>
         <value>0x20005708</value>
         <object_component_ref idref="oc-6d1"/>
      </symbol>
      <symbol id="sm-bd6">
         <name>_Nan</name>
         <value>0x200056f8</value>
         <object_component_ref idref="oc-6d1"/>
      </symbol>
      <symbol id="sm-bd7">
         <name>_Inf</name>
         <value>0x200056e8</value>
         <object_component_ref idref="oc-6d1"/>
      </symbol>
      <symbol id="sm-bd8">
         <name>_Xbig</name>
         <value>0x20005728</value>
         <object_component_ref idref="oc-6d1"/>
      </symbol>
      <symbol id="sm-bd9">
         <name>_Eps</name>
         <value>0x200056c8</value>
         <object_component_ref idref="oc-6d1"/>
      </symbol>
      <symbol id="sm-bda">
         <name>_Denorm</name>
         <value>0x200056b8</value>
         <object_component_ref idref="oc-6d1"/>
      </symbol>
      <symbol id="sm-bf8">
         <name>__TI_wrt_ok</name>
         <value>0x3da1</value>
         <object_component_ref idref="oc-4e5"/>
      </symbol>
      <symbol id="sm-bf9">
         <name>__TI_rd_ok</name>
         <value>0x3e03</value>
         <object_component_ref idref="oc-4e5"/>
      </symbol>
      <symbol id="sm-c01">
         <name>_Errno</name>
         <value>0x200057c0</value>
         <object_component_ref idref="oc-6dc"/>
      </symbol>
      <symbol id="sm-c1f">
         <name>feraiseexcept</name>
         <value>0x5b79</value>
         <object_component_ref idref="oc-6d6"/>
      </symbol>
      <symbol id="sm-c20">
         <name>_Tls_setup__Fenv</name>
         <value>0x200057b8</value>
         <object_component_ref idref="oc-72a"/>
      </symbol>
      <symbol id="sm-c21">
         <name>_Fenv</name>
         <value>0x200057b4</value>
         <object_component_ref idref="oc-72a"/>
      </symbol>
      <symbol id="sm-c3b">
         <name>__TI_doflush</name>
         <value>0x3aad</value>
         <object_component_ref idref="oc-4eb"/>
      </symbol>
      <symbol id="sm-c3c">
         <name>fflush</name>
         <value>0x3af9</value>
         <object_component_ref idref="oc-4eb"/>
      </symbol>
      <symbol id="sm-c4e">
         <name>fseek</name>
         <value>0x4b5d</value>
         <object_component_ref idref="oc-60a"/>
      </symbol>
      <symbol id="sm-c62">
         <name>raise</name>
         <value>0x5c9b</value>
         <object_component_ref idref="oc-724"/>
      </symbol>
      <symbol id="sm-c7e">
         <name>setvbuf</name>
         <value>0x38fd</value>
         <object_component_ref idref="oc-610"/>
      </symbol>
      <symbol id="sm-c98">
         <name>signal</name>
         <value>0x58c5</value>
         <object_component_ref idref="oc-746"/>
      </symbol>
      <symbol id="sm-ca6">
         <name>strcpy</name>
         <value>0x601d</value>
         <object_component_ref idref="oc-708"/>
      </symbol>
      <symbol id="sm-cbb">
         <name>_Dnorm</name>
         <value>0x3c35</value>
         <object_component_ref idref="oc-6c7"/>
      </symbol>
      <symbol id="sm-cf2">
         <name>__TI_cleanup</name>
         <value>0x2865</value>
         <object_component_ref idref="oc-69b"/>
      </symbol>
      <symbol id="sm-cf3">
         <name>freopen</name>
         <value>0x2891</value>
         <object_component_ref idref="oc-69b"/>
      </symbol>
      <symbol id="sm-cf4">
         <name>fopen</name>
         <value>0x28bb</value>
         <object_component_ref idref="oc-69b"/>
      </symbol>
      <symbol id="sm-d66">
         <name>_sys_memory</name>
         <value>0x200059d0</value>
         <object_component_ref idref="oc-2a"/>
      </symbol>
      <symbol id="sm-d67">
         <name>free</name>
         <value>0x1ce3</value>
         <object_component_ref idref="oc-695"/>
      </symbol>
      <symbol id="sm-d68">
         <name>realloc</name>
         <value>0x1da5</value>
         <object_component_ref idref="oc-695"/>
      </symbol>
      <symbol id="sm-d69">
         <name>memalign</name>
         <value>0x1eb1</value>
         <object_component_ref idref="oc-695"/>
      </symbol>
      <symbol id="sm-d6a">
         <name>calloc</name>
         <value>0x1f95</value>
         <object_component_ref idref="oc-695"/>
      </symbol>
      <symbol id="sm-d6b">
         <name>malloc</name>
         <value>0x1c7b</value>
         <object_component_ref idref="oc-695"/>
      </symbol>
      <symbol id="sm-d6c">
         <name>minit</name>
         <value>0x1bed</value>
         <object_component_ref idref="oc-695"/>
      </symbol>
      <symbol id="sm-d82">
         <name>__TI_closefile</name>
         <value>0x4029</value>
         <object_component_ref idref="oc-6f3"/>
      </symbol>
      <symbol id="sm-d83">
         <name>fclose</name>
         <value>0x408f</value>
         <object_component_ref idref="oc-6f3"/>
      </symbol>
      <symbol id="sm-dee">
         <name>GPIOPinTypePWM</name>
         <value>0x608f</value>
         <object_component_ref idref="oc-3dd"/>
      </symbol>
      <symbol id="sm-def">
         <name>GPIOPinConfigure</name>
         <value>0x56e5</value>
         <object_component_ref idref="oc-39c"/>
      </symbol>
      <symbol id="sm-df0">
         <name>GPIOPinTypeI2CSCL</name>
         <value>0x607d</value>
         <object_component_ref idref="oc-3a2"/>
      </symbol>
      <symbol id="sm-df1">
         <name>GPIOPinTypeI2C</name>
         <value>0x606b</value>
         <object_component_ref idref="oc-3a8"/>
      </symbol>
      <symbol id="sm-df2">
         <name>GPIOPinTypeGPIOInput</name>
         <value>0x6059</value>
         <object_component_ref idref="oc-26d"/>
      </symbol>
      <symbol id="sm-df3">
         <name>GPIOPinTypeUART</name>
         <value>0x60a1</value>
         <object_component_ref idref="oc-409"/>
      </symbol>
      <symbol id="sm-df4">
         <name>GPIOPinTypeGPIOOutput</name>
         <value>0x5ef3</value>
         <object_component_ref idref="oc-1ca"/>
      </symbol>
      <symbol id="sm-df5">
         <name>GPIOPinRead</name>
         <value>0x61d5</value>
         <object_component_ref idref="oc-478"/>
      </symbol>
      <symbol id="sm-df6">
         <name>GPIODirModeSet</name>
         <value>0x5cf5</value>
         <object_component_ref idref="oc-2c1"/>
      </symbol>
      <symbol id="sm-df7">
         <name>GPIOPinWrite</name>
         <value>0x61db</value>
         <object_component_ref idref="oc-472"/>
      </symbol>
      <symbol id="sm-df8">
         <name>GPIOPadConfigSet</name>
         <value>0x2ec9</value>
         <object_component_ref idref="oc-273"/>
      </symbol>
      <symbol id="sm-e39">
         <name>I2CMasterDataPut</name>
         <value>0x6201</value>
         <object_component_ref idref="oc-3bb"/>
      </symbol>
      <symbol id="sm-e3a">
         <name>I2CMasterInitExpClk</name>
         <value>0x5485</value>
         <object_component_ref idref="oc-3ae"/>
      </symbol>
      <symbol id="sm-e3b">
         <name>I2CMasterSlaveAddrSet</name>
         <value>0x61bd</value>
         <object_component_ref idref="oc-3b5"/>
      </symbol>
      <symbol id="sm-e3c">
         <name>I2CMasterDataGet</name>
         <value>0x61fd</value>
         <object_component_ref idref="oc-5a8"/>
      </symbol>
      <symbol id="sm-e3d">
         <name>I2CMasterControl</name>
         <value>0x61f9</value>
         <object_component_ref idref="oc-3c1"/>
      </symbol>
      <symbol id="sm-e3e">
         <name>I2CMasterBusy</name>
         <value>0x61b5</value>
         <object_component_ref idref="oc-3c7"/>
      </symbol>
      <symbol id="sm-e3f">
         <name>I2CMasterEnable</name>
         <value>0x61a1</value>
         <object_component_ref idref="oc-59c"/>
      </symbol>
      <symbol id="sm-e81">
         <name>IntEnable</name>
         <value>0x4a25</value>
         <object_component_ref idref="oc-4ab"/>
      </symbol>
      <symbol id="sm-e82">
         <name>IntRegister</name>
         <value>0x5b11</value>
         <object_component_ref idref="oc-4a5"/>
      </symbol>
      <symbol id="sm-e83">
         <name>g_pfnRAMVectors</name>
         <value>0x20000000</value>
         <object_component_ref idref="oc-5f9"/>
      </symbol>
      <symbol id="sm-e84">
         <name>IntMasterEnable</name>
         <value>0x60e9</value>
         <object_component_ref idref="oc-2fb"/>
      </symbol>
      <symbol id="sm-eb1">
         <name>PWMGenPeriodSet</name>
         <value>0x6109</value>
         <object_component_ref idref="oc-3e9"/>
      </symbol>
      <symbol id="sm-eb2">
         <name>PWMPulseWidthSet</name>
         <value>0x5e65</value>
         <object_component_ref idref="oc-3ef"/>
      </symbol>
      <symbol id="sm-eb3">
         <name>PWMOutputState</name>
         <value>0x60b3</value>
         <object_component_ref idref="oc-3fb"/>
      </symbol>
      <symbol id="sm-eb4">
         <name>PWMGenEnable</name>
         <value>0x616f</value>
         <object_component_ref idref="oc-3f5"/>
      </symbol>
      <symbol id="sm-eb5">
         <name>PWMGenConfigure</name>
         <value>0x5de1</value>
         <object_component_ref idref="oc-3e3"/>
      </symbol>
      <symbol id="sm-f1e">
         <name>SysCtlClockSet</name>
         <value>0x363d</value>
         <object_component_ref idref="oc-135"/>
      </symbol>
      <symbol id="sm-f1f">
         <name>SysCtlDelay</name>
         <value>0x61e7</value>
         <object_component_ref idref="oc-1ae"/>
      </symbol>
      <symbol id="sm-f20">
         <name>SysCtlPeripheralEnable</name>
         <value>0x5b45</value>
         <object_component_ref idref="oc-1c4"/>
      </symbol>
      <symbol id="sm-f21">
         <name>SysCtlClockGet</name>
         <value>0x3119</value>
         <object_component_ref idref="oc-2e3"/>
      </symbol>
      <symbol id="sm-f22">
         <name>SysCtlPeripheralReady</name>
         <value>0x5a69</value>
         <object_component_ref idref="oc-3d7"/>
      </symbol>
      <symbol id="sm-f23">
         <name>SysCtlPeripheralReset</name>
         <value>0x5395</value>
         <object_component_ref idref="oc-396"/>
      </symbol>
      <symbol id="sm-f7e">
         <name>TimerLoadSet</name>
         <value>0x60c5</value>
         <object_component_ref idref="oc-2e9"/>
      </symbol>
      <symbol id="sm-f7f">
         <name>TimerIntRegister</name>
         <value>0x5f0b</value>
         <object_component_ref idref="oc-2ef"/>
      </symbol>
      <symbol id="sm-f80">
         <name>TimerEnable</name>
         <value>0x6139</value>
         <object_component_ref idref="oc-2dd"/>
      </symbol>
      <symbol id="sm-f81">
         <name>TimerIntEnable</name>
         <value>0x61c5</value>
         <object_component_ref idref="oc-2f5"/>
      </symbol>
      <symbol id="sm-f82">
         <name>TimerConfigure</name>
         <value>0x4ce9</value>
         <object_component_ref idref="oc-2d7"/>
      </symbol>
      <symbol id="sm-f83">
         <name>TimerIntClear</name>
         <value>0x6205</value>
         <object_component_ref idref="oc-4ba"/>
      </symbol>
      <symbol id="sm-fb5">
         <name>UARTConfigSetExpClk</name>
         <value>0x5775</value>
         <object_component_ref idref="oc-40f"/>
      </symbol>
      <symbol id="sm-fb6">
         <name>UARTDisable</name>
         <value>0x5e05</value>
         <object_component_ref idref="oc-5bc"/>
      </symbol>
      <symbol id="sm-fb7">
         <name>UARTCharsAvail</name>
         <value>0x6147</value>
         <object_component_ref idref="oc-416"/>
      </symbol>
      <symbol id="sm-fb8">
         <name>UARTEnable</name>
         <value>0x5ff5</value>
         <object_component_ref idref="oc-5c2"/>
      </symbol>
      <symbol id="sm-fb9">
         <name>UARTCharGet</name>
         <value>0x61ab</value>
         <object_component_ref idref="oc-41c"/>
      </symbol>
      <symbol id="sm-fc3">
         <name>CPUcpsie</name>
         <value>0x6163</value>
         <object_component_ref idref="oc-4b3"/>
      </symbol>
      <symbol id="sm-fc4">
         <name>__TI_static_base__</name>
         <value>0x0</value>
      </symbol>
      <symbol id="sm-fc7">
         <name>SHT$$INIT_ARRAY$$Limit</name>
         <value>0x0</value>
      </symbol>
      <symbol id="sm-fc8">
         <name>SHT$$INIT_ARRAY$$Base</name>
         <value>0x0</value>
      </symbol>
      <symbol id="sm-fc9">
         <name>remove</name>
         <value>0x2059</value>
      </symbol>
   </symbol_table>
   <title>Link successful</title>
</link_info>
