******************************************************************************
                  TI ARM Linker PC v5.2.9                      
******************************************************************************
>> Linked Tue Jan 02 18:55:59 2024

OUTPUT FILE NAME:   <freertos_demo.out>
ENTRY POINT SYMBOL: "_c_int00"  address: 00005179


MEMORY CONFIGURATION

         name            origin    length      used     unused   attr    fill
----------------------  --------  ---------  --------  --------  ----  --------
  FLASH                 00000000   00040000  00006414  00039bec  R  X
  SRAM                  20000000   00008000  000059cd  00002633  RW X


SEGMENT ALLOCATION MAP

run origin  load origin   length   init length attrs members
----------  ----------- ---------- ----------- ----- -------
00000000    00000000    00006418   00006418    r-x
  00000000    00000000    0000026c   0000026c    r-- .intvecs
  0000026c    0000026c    00005d34   00005d34    r-x .text
  00005fa0    00005fa0    00000374   00000374    r-- .const
  00006318    00006318    00000100   00000100    r-- .cinit
20000000    20000000    000059d0   00000000    rw-
  20000000    20000000    0000026c   00000000    rw- .vtable
  2000026c    2000026c    000051d1   00000000    rw- .bss
  20005440    20005440    00000388   00000000    rw- .data
  200057c8    200057c8    00000200   00000000    rw- .stack
  200059c8    200059c8    00000008   00000000    rw- .sysmem


SECTION ALLOCATION MAP

 output                                  attributes/
section   page    origin      length       input sections
--------  ----  ----------  ----------   ----------------
.intvecs   0    00000000    0000026c     
                  00000000    0000026c     startup_ccs.obj (.intvecs)

.text      0    0000026c    00005d34     
                  0000026c    000010ec     rtsv7M4_T_le_v4SPD16_eabi.lib : _printfi.obj (.text)
                  00001358    0000062c     lcd_task.obj (.text:LCDTask)
                  00001984    000003dc     rtsv7M4_T_le_v4SPD16_eabi.lib : memory.obj (.text)
                  00001d60    0000030c                                   : lowlev.obj (.text)
                  0000206c    000002d4                                   : trgdrv.obj (.text)
                  00002340    000001f4                                   : ull_div_t2.obj (.text)
                  00002534    000001c4                                   : fopen.obj (.text)
                  000026f8    000001b6                                   : fd_add_t2.obj (.text)
                  000028ae    00000002     startup_ccs.obj (.text:FaultISR)
                  000028b0    00000144     lcd_task.obj (.text:LCDTaskInit)
                  000029f4    00000136     rtsv7M4_T_le_v4SPD16_eabi.lib : fd_div_t2.obj (.text)
                  00002b2a    00000002     startup_ccs.obj (.text:IntDefaultHandler)
                  00002b2c    00000134     rtsv7M4_T_le_v4SPD16_eabi.lib : fputs.obj (.text)
                  00002c60    00000132     driverlib.lib : gpio.obj (.text:GPIOPadConfigSet)
                  00002d92    00000002     startup_ccs.obj (.text:NmiSR)
                  00002d94    0000011c     queue.obj (.text:xQueueGenericReceive)
                  00002eb0    00000110     driverlib.lib : sysctl.obj (.text:SysCtlClockGet)
                  00002fc0    00000110     rtsv7M4_T_le_v4SPD16_eabi.lib : xdscale.obj (.text)
                  000030d0    00000104     tasks.obj (.text:xTaskGenericCreate)
                  000031d4    00000104     tasks.obj (.text:xTaskIncrementTick)
                  000032d8    000000fc     rtsv7M4_T_le_v4SPD16_eabi.lib : fd_mul_t2.obj (.text)
                  000033d4    000000f4     driverlib.lib : sysctl.obj (.text:SysCtlClockSet)
                  000034c8    000000e8     queue.obj (.text:xQueueGenericSend)
                  000035b0    000000e4     tasks.obj (.text:xTaskResumeAll)
                  00003694    000000dc     rtsv7M4_T_le_v4SPD16_eabi.lib : setvbuf.obj (.text)
                  00003770    000000d2     portasm.obj (.text)
                  00003842    00000002     freertos_demo.obj (.text:vApplicationStackOverflowHook)
                  00003844    000000c8     rtsv7M4_T_le_v4SPD16_eabi.lib : fflush.obj (.text)
                  0000390c    000000c0                                   : xdint.obj (.text)
                  000039cc    000000be                                   : xdnorm.obj (.text)
                  00003a8a    00000002     --HOLE-- [fill = 0]
                  00003a8c    000000ac     heap_2.obj (.text:pvPortMalloc)
                  00003b38    000000ac     rtsv7M4_T_le_v4SPD16_eabi.lib : _io_perm.obj (.text)
                  00003be4    000000a0     keypad_task.obj (.text:Get_Key)
                  00003c84    000000a0     uart_task.obj (.text:UartTaskReceive)
                  00003d24    0000009c     rtsv7M4_T_le_v4SPD16_eabi.lib : memcpy_t2.obj (.text)
                  00003dc0    00000098                                   : fclose.obj (.text)
                  00003e58    00000098                                   : fputc.obj (.text)
                  00003ef0    00000094     tasks.obj (.text:vTaskPriorityInherit)
                  00003f84    0000008c     buzzer_pwm.obj (.text:configurePWM)
                  00004010    0000008c     tasks.obj (.text:vTaskSwitchContext)
                  0000409c    00000088     rtsv7M4_T_le_v4SPD16_eabi.lib : round.obj (.text)
                  00004124    00000086                                   : fd_cmp_t2.obj (.text:__aeabi_cdcmple)
                  000041aa    00000086                                   : fd_cmp_t2.obj (.text:__aeabi_cdrcmple)
                  00004230    00000084     queue.obj (.text:xQueueGenericReset)
                  000042b4    00000080     tasks.obj (.text:vTaskDelayUntil)
                  00004334    0000007c     keypad_task.obj (.text:Check_KPad)
                  000043b0    0000007c     tasks.obj (.text:xTaskPriorityDisinherit)
                  0000442c    0000007a     rtsv7M4_T_le_v4SPD16_eabi.lib : memset_t2.obj (.text)
                  000044a6    00000002     --HOLE-- [fill = 0]
                  000044a8    00000074     i2c_temp.obj (.text:I2C_read16BitRegister)
                  0000451c    00000074     tasks.obj (.text:xTaskRemoveFromEventList)
                  00004590    00000072     queue.obj (.text:prvCopyDataToQueue)
                  00004602    00000002     --HOLE-- [fill = 0]
                  00004604    00000070     rtsv7M4_T_le_v4SPD16_eabi.lib : printf.obj (.text)
                  00004674    0000006e                                   : fd_tos_t2.obj (.text)
                  000046e2    00000002     --HOLE-- [fill = 0]
                  000046e4    0000006c                                   : autoinit.obj (.text)
                  00004750    0000006a                                   : copy_decompress_rle.obj (.text)
                  000047ba    00000002     --HOLE-- [fill = 0]
                  000047bc    00000068     driverlib.lib : interrupt.obj (.text:IntEnable)
                  00004824    00000068     rtsv7M4_T_le_v4SPD16_eabi.lib : trgmsg.obj (.text)
                  0000488c    00000066                                   : xdunscal.obj (.text)
                  000048f2    00000002     --HOLE-- [fill = 0]
                  000048f4    00000064                                   : fseek.obj (.text)
                  00004958    00000064     tasks.obj (.text:vTaskPlaceOnEventList)
                  000049bc    00000062     queue.obj (.text:prvUnlockQueue)
                  00004a1e    00000002     --HOLE-- [fill = 0]
                  00004a20    00000060     i2c_temp.obj (.text:I2cTempTask)
                  00004a80    00000060     driverlib.lib : timer.obj (.text:TimerConfigure)
                  00004ae0    00000060     buzzer_pwm.obj (.text:playSong)
                  00004b40    00000060     tasks.obj (.text:prvInitialiseTaskLists)
                  00004ba0    00000060     rtsv7M4_T_le_v4SPD16_eabi.lib : sprintf.obj (.text)
                  00004c00    00000060     tasks.obj (.text:vTaskStartScheduler)
                  00004c60    0000005e     lcd_task.obj (.text:Lcd_Init)
                  00004cbe    00000002     --HOLE-- [fill = 0]
                  00004cc0    0000005c     i2c_temp.obj (.text:InitI2C0)
                  00004d1c    0000005c     lcd_task.obj (.text:Lcd_Write_Char)
                  00004d78    0000005c     tasks.obj (.text:vTaskDelay)
                  00004dd4    0000005c     queue.obj (.text:xQueueGenericSendFromISR)
                  00004e30    00000058     i2c_temp.obj (.text:I2cTempTaskInit)
                  00004e88    00000058     tasks.obj (.text:prvCheckTasksWaitingTermination)
                  00004ee0    00000054     keypad_task.obj (.text:KeypadTask)
                  00004f34    00000054     lcd_task.obj (.text:Lcd_Port)
                  00004f88    00000054     tasks.obj (.text:prvInitialiseTCBVariables)
                  00004fdc    00000054     rtsv7M4_T_le_v4SPD16_eabi.lib : ltoa.obj (.text)
                  00005030    00000054     tasks.obj (.text:xTaskCheckForTimeOut)
                  00005084    00000052     rtsv7M4_T_le_v4SPD16_eabi.lib : ldexp.obj (.text)
                  000050d6    00000002     --HOLE-- [fill = 0]
                  000050d8    00000050     i2c_temp.obj (.text:I2C_write8BitRegister)
                  00005128    00000050     driverlib.lib : sysctl.obj (.text:SysCtlPeripheralReset)
                  00005178    00000050     rtsv7M4_T_le_v4SPD16_eabi.lib : boot.obj (.text)
                  000051c8    00000050     timer_funcs.obj (.text:timer_count_time)
                  00005218    0000004c     driverlib.lib : i2c.obj (.text:I2CMasterInitExpClk)
                  00005264    0000004c     timer_funcs.obj (.text:Timer0A_Init)
                  000052b0    0000004c     uart_task.obj (.text:UART_Init)
                  000052fc    0000004c     driverlib.lib : timer.obj (.text:_TimerIntNumberGet)
                  00005348    0000004c     freertos_demo.obj (.text:main)
                  00005394    0000004c     tasks.obj (.text:prvAddCurrentTaskToDelayedList)
                  000053e0    0000004c     rtsv7M4_T_le_v4SPD16_eabi.lib : atoi.obj (.text)
                  0000542c    0000004c                                   : cpy_tbl.obj (.text)
                  00005478    00000048     driverlib.lib : gpio.obj (.text:GPIOPinConfigure)
                  000054c0    00000048     rtsv7M4_T_le_v4SPD16_eabi.lib : fd_toi_t2.obj (.text)
                  00005508    00000046     driverlib.lib : uart.obj (.text:UARTConfigSetExpClk)
                  0000554e    00000002     --HOLE-- [fill = 0]
                  00005550    00000044     rtsv7M4_T_le_v4SPD16_eabi.lib : exit.obj (.text)
                  00005594    00000044     heap_2.obj (.text:vPortFree)
                  000055d8    00000040     lcd_task.obj (.text:Lcd_Cmd)
                  00005618    00000040     uart_task.obj (.text:UartTaskReceiveInit)
                  00005658    00000040     rtsv7M4_T_le_v4SPD16_eabi.lib : signal.obj (.text)
                  00005698    00000040     port.obj (.text:xPortStartScheduler)
                  000056d8    0000003c     keypad_task.obj (.text:GPIO_Keypad_Init)
                  00005714    0000003c     queue.obj (.text:xQueueGenericCreate)
                  00005750    0000003a     tasks.obj (.text:prvAllocateTCBAndStack)
                  0000578a    00000002     --HOLE-- [fill = 0]
                  0000578c    00000038     buzzer_pwm.obj (.text:BuzzerTaskInit)
                  000057c4    00000038     keypad_task.obj (.text:KeypadTaskInit)
                  000057fc    00000038     driverlib.lib : sysctl.obj (.text:SysCtlPeripheralReady)
                  00005834    00000038     rtsv7M4_T_le_v4SPD16_eabi.lib : fs_tod_t2.obj (.text)
                  0000586c    00000038     list.obj (.text:vListInsert)
                  000058a4    00000034     driverlib.lib : interrupt.obj (.text:IntRegister)
                  000058d8    00000034                   : sysctl.obj (.text:SysCtlPeripheralEnable)
                  0000590c    00000034     rtsv7M4_T_le_v4SPD16_eabi.lib : feraiseexcept.obj (.text)
                  00005940    00000030     buzzer_pwm.obj (.text:BuzzerTask)
                  00005970    00000030     heap_2.obj (.text:prvHeapInit)
                  000059a0    00000030     rtsv7M4_T_le_v4SPD16_eabi.lib : strncpy.obj (.text)
                  000059d0    00000030                                   : xferaise.obj (.text)
                  00005a00    0000002e                                   : i_tofd_t2.obj (.text)
                  00005a2e    0000002e                                   : raise.obj (.text)
                  00005a5c    0000002c     port.obj (.text:xPortSysTickHandler)
                  00005a88    0000002a     driverlib.lib : gpio.obj (.text:GPIODirModeSet)
                  00005ab2    0000002a     rtsv7M4_T_le_v4SPD16_eabi.lib : frexp.obj (.text)
                  00005adc    00000028     tasks.obj (.text:prvResetNextTaskUnblockTime)
                  00005b04    00000028     port.obj (.text:pxPortInitialiseStack)
                  00005b2c    00000026     queue.obj (.text:prvCopyDataFromQueue)
                  00005b52    00000022     lcd_task.obj (.text:Lcd_Set_Cursor)
                  00005b74    00000022     driverlib.lib : pwm.obj (.text:PWMGenConfigure)
                  00005b96    00000002     --HOLE-- [fill = 0]
                  00005b98    00000020                   : uart.obj (.text:UARTDisable)
                  00005bb8    00000020     rtsv7M4_T_le_v4SPD16_eabi.lib : memchr.obj (.text)
                  00005bd8    00000020     list.obj (.text:uxListRemove)
                  00005bf8    0000001e     driverlib.lib : pwm.obj (.text:PWMPulseWidthSet)
                  00005c16    0000001c     queue.obj (.text:prvIsQueueFull)
                  00005c32    0000001c     rtsv7M4_T_le_v4SPD16_eabi.lib : memccpy.obj (.text)
                  00005c4e    00000002     --HOLE-- [fill = 0]
                  00005c50    0000001c     port.obj (.text:vPortEnterCritical)
                  00005c6c    0000001a     queue.obj (.text:prvIsQueueEmpty)
                  00005c86    00000018     driverlib.lib : gpio.obj (.text:GPIOPinTypeGPIOOutput)
                  00005c9e    00000018                   : timer.obj (.text:TimerIntRegister)
                  00005cb6    00000002     --HOLE-- [fill = 0]
                  00005cb8    00000018     tasks.obj (.text:pvTaskIncrementMutexHeldCount)
                  00005cd0    00000018     rtsv7M4_T_le_v4SPD16_eabi.lib : args_main.obj (.text)
                  00005ce8    00000018                                   : strcmp.obj (.text)
                  00005d00    00000018     list.obj (.text:vListInsertEnd)
                  00005d18    00000018     port.obj (.text:vPortExitCritical)
                  00005d30    00000018     tasks.obj (.text:vTaskSetTimeOutState)
                  00005d48    00000016     rtsv7M4_T_le_v4SPD16_eabi.lib : strchr.obj (.text)
                  00005d5e    00000016     list.obj (.text:vListInitialise)
                  00005d74    00000014     lcd_task.obj (.text:Lcd_Write_String)
                  00005d88    00000014     driverlib.lib : uart.obj (.text:UARTEnable)
                  00005d9c    00000014     rtsv7M4_T_le_v4SPD16_eabi.lib : _lock.obj (.text)
                  00005db0    00000014                                   : strcpy.obj (.text)
                  00005dc4    00000014                                   : strlen.obj (.text)
                  00005dd8    00000014     port.obj (.text:vPortSetupTimerInterrupt)
                  00005dec    00000012     driverlib.lib : gpio.obj (.text:GPIOPinTypeGPIOInput)
                  00005dfe    00000012                   : gpio.obj (.text:GPIOPinTypeI2C)
                  00005e10    00000012                   : gpio.obj (.text:GPIOPinTypeI2CSCL)
                  00005e22    00000012                   : gpio.obj (.text:GPIOPinTypePWM)
                  00005e34    00000012                   : gpio.obj (.text:GPIOPinTypeUART)
                  00005e46    00000012                   : pwm.obj (.text:PWMOutputState)
                  00005e58    00000012                   : timer.obj (.text:TimerLoadSet)
                  00005e6a    00000012     tasks.obj (.text:prvDeleteTCB)
                  00005e7c    00000010     driverlib.lib : interrupt.obj (.text:IntMasterEnable)
                  00005e8c    00000010     lcd_task.obj (.text:Lcd_Clear)
                  00005e9c    00000010     driverlib.lib : pwm.obj (.text:PWMGenPeriodSet)
                  00005eac    00000010     port.obj (.text:prvTaskExitError)
                  00005ebc    00000010     tasks.obj (.text:vTaskSuspendAll)
                  00005ecc    0000000e     driverlib.lib : timer.obj (.text:TimerEnable)
                  00005eda    0000000e                   : uart.obj (.text:UARTCharsAvail)
                  00005ee8    0000000e     rtsv7M4_T_le_v4SPD16_eabi.lib : copy_decompress_none.obj (.text:decompress:none)
                  00005ef6    0000000c     driverlib.lib : cpu.obj (.text:CPUcpsie)
                  00005f02    0000000c                   : pwm.obj (.text:PWMGenEnable)
                  00005f0e    0000000c     rtsv7M4_T_le_v4SPD16_eabi.lib : copy_zero_init.obj (.text:decompress:ZI)
                  00005f1a    00000002     --HOLE-- [fill = 0]
                  00005f1c    0000000c     tasks.obj (.text:vTaskMissedYield)
                  00005f28    0000000c     tasks.obj (.text:xTaskGetTickCount)
                  00005f34    0000000a     driverlib.lib : i2c.obj (.text:I2CMasterEnable)
                  00005f3e    0000000a                   : uart.obj (.text:UARTCharGet)
                  00005f48    00000008                   : i2c.obj (.text:I2CMasterBusy)
                  00005f50    00000008                   : i2c.obj (.text:I2CMasterSlaveAddrSet)
                  00005f58    00000008                   : timer.obj (.text:TimerIntEnable)
                  00005f60    00000008     tasks.obj (.text:prvIdleTask)
                  00005f68    00000006     driverlib.lib : gpio.obj (.text:GPIOPinRead)
                  00005f6e    00000006                   : gpio.obj (.text:GPIOPinWrite)
                  00005f74    00000006     startup_ccs.obj (.text:ResetISR)
                  00005f7a    00000006     driverlib.lib : sysctl.obj (.text:SysCtlDelay)
                  00005f80    00000006     rtsv7M4_T_le_v4SPD16_eabi.lib : copy_decompress_rle.obj (.text:decompress:rle24)
                  00005f86    00000006     list.obj (.text:vListInitialiseItem)
                  00005f8c    00000004     driverlib.lib : i2c.obj (.text:I2CMasterControl)
                  00005f90    00000004                   : i2c.obj (.text:I2CMasterDataGet)
                  00005f94    00000004                   : i2c.obj (.text:I2CMasterDataPut)
                  00005f98    00000004                   : timer.obj (.text:TimerIntClear)
                  00005f9c    00000004     rtsv7M4_T_le_v4SPD16_eabi.lib : pre_init.obj (.text)

.const     0    00005fa0    00000374     
                  00005fa0    00000101     rtsv7M4_T_le_v4SPD16_eabi.lib : ctype.obj (.const:.string:_ctypes_)
                  000060a1    00000003     --HOLE-- [fill = 0]
                  000060a4    00000090     driverlib.lib : gpio.obj (.const:g_pui32GPIOBaseAddrs)
                  00006134    00000070                   : interrupt.obj (.const)
                  000061a4    0000006c                   : sysctl.obj (.const:g_pui32Xtals)
                  00006210    00000060                   : timer.obj (.const:g_ppui32TimerIntMap)
                  00006270    00000040                   : timer.obj (.const:g_ppui32TimerIntMapSnowflake)
                  000062b0    00000030     rtsv7M4_T_le_v4SPD16_eabi.lib : xdint.obj (.const)
                  000062e0    00000020     buzzer_pwm.obj (.const)
                  00006300    00000010     keypad_task.obj (.const)
                  00006310    00000004     port.obj (.const)

.cinit     0    00006318    00000100     
                  00006318    000000c6     (.cinit..data.load) [load image, compression = rle]
                  000063de    00000002     --HOLE-- [fill = 0]
                  000063e0    0000000c     (__TI_handler_table)
                  000063ec    00000004     --HOLE-- [fill = 0]
                  000063f0    00000008     (.cinit..bss.load) [load image, compression = zero_init]
                  000063f8    00000008     (.cinit..vtable.load) [load image, compression = zero_init]
                  00006400    00000018     (__TI_cinit_table)

.init_array 
*          0    00000000    00000000     UNINITIALIZED

.vtable    0    20000000    0000026c     UNINITIALIZED
                  20000000    0000026c     driverlib.lib : interrupt.obj (.vtable)

.bss       0    2000026c    000051d1     UNINITIALIZED
                  2000026c    00004e20     heap_2.obj (.bss:ucHeap)
                  2000508c    00000140     tasks.obj (.bss:pxReadyTasksLists)
                  200051cc    00000120     rtsv7M4_T_le_v4SPD16_eabi.lib : trgmsg.obj (.bss:__CIOBUF_)
                  200052ec    000000a0                                   : defs.obj (.bss:__TI_tmpnams)
                  2000538c    00000014     (.common:xDelayedTaskList1)
                  200053a0    00000014     (.common:xDelayedTaskList2)
                  200053b4    00000014     (.common:xPendingReadyList)
                  200053c8    00000014     (.common:xSuspendedTaskList)
                  200053dc    00000014     (.common:xTasksWaitingTermination)
                  200053f0    0000000c     (.common:date)
                  200053fc    00000008     (.common:parmbuf)
                  20005404    00000008     (.common:xEnd)
                  2000540c    00000008     (.common:xStart)
                  20005414    00000004     (.common:g_BuzzerSemaphore)
                  20005418    00000004     (.common:g_pI2cTempQueue)
                  2000541c    00000004     (.common:g_pKeypadQueue)
                  20005420    00000004     (.common:idk)
                  20005424    00000004     (.common:pxDelayedTaskList)
                  20005428    00000004     (.common:pxOverflowDelayedTaskList)
                  2000542c    00000004     (.common:uart_queue)
                  20005430    00000004     (.common:uart_queue_counter)
                  20005434    00000004     (.common:xTimerQueue)
                  20005438    00000001     (.common:Test)
                  20005439    00000001     (.common:cur_Col)
                  2000543a    00000001     (.common:cur_Row)
                  2000543b    00000001     (.common:i)
                  2000543c    00000001     (.common:temp)

.TI.noinit 
*          0    2000026c    00000000     UNINITIALIZED

.data      0    20005440    00000388     UNINITIALIZED
                  20005440    000000f0     rtsv7M4_T_le_v4SPD16_eabi.lib : defs.obj (.data:_ftable)
                  20005530    000000d0                                   : lowlev.obj (.data)
                  20005600    000000b0                                   : signal.obj (.data:sigtable)
                  200056b0    00000080                                   : xvalues.obj (.data)
                  20005730    00000030     tasks.obj (.data)
                  20005760    00000010     rtsv7M4_T_le_v4SPD16_eabi.lib : defs.obj (.data)
                  20005770    0000000c     i2c_temp.obj (.data)
                  2000577c    0000000c     rtsv7M4_T_le_v4SPD16_eabi.lib : memory.obj (.data)
                  20005788    0000000a     keypad_task.obj (.data)
                  20005792    00000002     --HOLE--
                  20005794    00000008     heap_2.obj (.data)
                  2000579c    00000008     rtsv7M4_T_le_v4SPD16_eabi.lib : _lock.obj (.data)
                  200057a4    00000008                                   : exit.obj (.data)
                  200057ac    00000008                                   : feraiseexcept.obj (.data)
                  200057b4    00000004     port.obj (.data)
                  200057b8    00000004     rtsv7M4_T_le_v4SPD16_eabi.lib : errno.obj (.data)
                  200057bc    00000004                                   : fopen.obj (.data)
                  200057c0    00000004                                   : stkdepth_vars.obj (.data)
                  200057c4    00000004     timer_funcs.obj (.data)

.TI.persistent 
*          0    20005440    00000000     UNINITIALIZED

.stack     0    200057c8    00000200     UNINITIALIZED
                  200057c8    00000200     --HOLE--

.sysmem    0    200059c8    00000008     UNINITIALIZED
                  200059c8    00000008     rtsv7M4_T_le_v4SPD16_eabi.lib : memory.obj (.sysmem)


LINKER GENERATED COPY TABLES

__TI_cinit_table @ 00006400 records: 3, size/record: 8, table size: 24
	.data: load addr=00006318, load size=000000c6 bytes, run addr=20005440, run size=00000388 bytes, compression=rle
	.bss: load addr=000063f0, load size=00000008 bytes, run addr=2000026c, run size=000051d1 bytes, compression=zero_init
	.vtable: load addr=000063f8, load size=00000008 bytes, run addr=20000000, run size=0000026c bytes, compression=zero_init


LINKER GENERATED HANDLER TABLE

__TI_handler_table @ 000063e0 records: 3, size/record: 4, table size: 12
	index: 0, handler: __TI_zero_init
	index: 1, handler: __TI_decompress_rle24
	index: 2, handler: __TI_decompress_none


GLOBAL SYMBOLS: SORTED ALPHABETICALLY BY Name 

address   name                         
-------   ----                         
0000578d  BuzzerTaskInit               
00005551  C$$EXIT                      
00004853  C$$IO$$                      
00005ef7  CPUcpsie                     
00004335  Check_KPad                   
2000578c  ColPins                      
00005a89  GPIODirModeSet               
00002c61  GPIOPadConfigSet             
00005479  GPIOPinConfigure             
00005f69  GPIOPinRead                  
00005ded  GPIOPinTypeGPIOInput         
00005c87  GPIOPinTypeGPIOOutput        
00005dff  GPIOPinTypeI2C               
00005e11  GPIOPinTypeI2CSCL            
00005e23  GPIOPinTypePWM               
00005e35  GPIOPinTypeUART              
00005f6f  GPIOPinWrite                 
000056d9  GPIO_Keypad_Init             
00003be5  Get_Key                      
000022f9  HOSTclock                    
000022c1  HOSTclose                    
00002283  HOSTgetenv                   
00002227  HOSTlseek                    
000021d5  HOSTopen                     
00002189  HOSTread                     
0000212b  HOSTrename                   
000020f1  HOSTtime                     
000020b9  HOSTunlink                   
0000206d  HOSTwrite                    
00005f49  I2CMasterBusy                
00005f8d  I2CMasterControl             
00005f91  I2CMasterDataGet             
00005f95  I2CMasterDataPut             
00005f35  I2CMasterEnable              
00005219  I2CMasterInitExpClk          
00005f51  I2CMasterSlaveAddrSet        
000044a9  I2C_read16BitRegister        
000050d9  I2C_write8BitRegister        
00004e31  I2cTempTaskInit              
00004cc1  InitI2C0                     
000047bd  IntEnable                    
00005e7d  IntMasterEnable              
000058a5  IntRegister                  
20005790  K_pressed                    
00006300  Keypad                       
000057c5  KeypadTaskInit               
000028b1  LCDTaskInit                  
00005e8d  Lcd_Clear                    
000055d9  Lcd_Cmd                      
00004c61  Lcd_Init                     
00004f35  Lcd_Port                     
00005b53  Lcd_Set_Cursor               
00004d1d  Lcd_Write_Char               
00005d75  Lcd_Write_String             
00005b75  PWMGenConfigure              
00005f03  PWMGenEnable                 
00005e9d  PWMGenPeriodSet              
00005e47  PWMOutputState               
00005bf9  PWMPulseWidthSet             
00005f75  ResetISR                     
20005788  RowPins                      
UNDEFED   SHT$$INIT_ARRAY$$Base        
UNDEFED   SHT$$INIT_ARRAY$$Limit       
00002eb1  SysCtlClockGet               
000033d5  SysCtlClockSet               
00005f7b  SysCtlDelay                  
000058d9  SysCtlPeripheralEnable       
000057fd  SysCtlPeripheralReady        
00005129  SysCtlPeripheralReset        
20005438  Test                         
00005265  Timer0A_Init                 
00004a81  TimerConfigure               
00005ecd  TimerEnable                  
00005f99  TimerIntClear                
00005f59  TimerIntEnable               
00005c9f  TimerIntRegister             
00005e59  TimerLoadSet                 
00005f3f  UARTCharGet                  
00005edb  UARTCharsAvail               
00005509  UARTConfigSetExpClk          
00005b99  UARTDisable                  
00005d89  UARTEnable                   
000052b1  UART_Init                    
00005619  UartTaskReceiveInit          
200056b0  _Denorm                      
0000390d  _Dint                        
000039cd  _Dnorm                       
00002fc1  _Dscale                      
0000488d  _Dunscale                    
200056c0  _Eps                         
200057b8  _Errno                       
200057ac  _Fenv                        
000059d1  _Feraise                     
200056d0  _Hugeval                     
200056e0  _Inf                         
200056f0  _Nan                         
20005710  _Rteps                       
20005700  _Snan                        
200057b0  _Tls_setup__Fenv             
20005720  _Xbig                        
20005728  _Zero                        
200051cc  __CIOBUF_                    
200059c8  __STACK_END                  
00000200  __STACK_SIZE                 
200059c8  __STACK_TOP                  
00000008  __SYSMEM_SIZE                
00006400  __TI_CINIT_Base              
00006418  __TI_CINIT_Limit             
000063e0  __TI_Handler_Table_Base      
000063ec  __TI_Handler_Table_Limit     
000046e5  __TI_auto_init               
000025fd  __TI_cleanup                 
200057a4  __TI_cleanup_ptr             
00003dc1  __TI_closefile               
00005ee9  __TI_decompress_none         
00005f81  __TI_decompress_rle24        
00003845  __TI_doflush                 
200057a8  __TI_dtors_ptr               
20005760  __TI_ft_end                  
0000104f  __TI_printfi                 
00003b9b  __TI_rd_ok                   
00004857  __TI_readmsg                 
00000000  __TI_static_base__           
200052ec  __TI_tmpnams                 
00004825  __TI_writemsg                
00003b39  __TI_wrt_ok                  
00005f0f  __TI_zero_init               
00004125  __aeabi_cdcmpeq              
00004125  __aeabi_cdcmple              
000041ab  __aeabi_cdrcmple             
00004675  __aeabi_d2f                  
000054c1  __aeabi_d2iz                 
00002703  __aeabi_dadd                 
000029f5  __aeabi_ddiv                 
000032d9  __aeabi_dmul                 
000026f9  __aeabi_dsub                 
00005835  __aeabi_f2d                  
00005a01  __aeabi_i2d                  
0000442d  __aeabi_memclr               
0000442d  __aeabi_memclr4              
0000442d  __aeabi_memclr8              
00003d25  __aeabi_memcpy               
00003d25  __aeabi_memcpy4              
00003d25  __aeabi_memcpy8              
0000442f  __aeabi_memset               
0000442f  __aeabi_memset4              
0000442f  __aeabi_memset8              
2000576c  __aeabi_stderr               
20005764  __aeabi_stdin                
20005768  __aeabi_stdout               
00002341  __aeabi_uldivmod             
ffffffff  __binit__                    
ffffffff  __c_args__                   
200057c8  __stack                      
00005cd1  _args_main                   
00005179  _c_int00                     
00005fa0  _ctypes_                     
20005440  _ftable                      
2000579c  _lock                        
00005dab  _nop                         
00005da3  _register_lock               
00005d9d  _register_unlock             
200059c8  _sys_memory                  
00005f9d  _system_pre_init             
200057a0  _unlock                      
00005555  abort                        
00001fc1  add_device                   
000053e1  atoi                         
ffffffff  binit                        
00001d2d  calloc                       
00001f71  close                        
20005778  command_tmp101               
00003f85  configurePWM                 
0000542d  copy_in                      
20005791  count                        
200057c4  counter                      
20005439  cur_Col                      
2000543a  cur_Row                      
200053f0  date                         
0000555d  exit                         
00003e27  fclose                       
0000590d  feraiseexcept                
00003891  fflush                       
00002653  fopen                        
00003e59  fputc                        
00002b2d  fputs                        
00001a7b  free                         
00002629  freopen                      
00005ab3  frexp                        
000048f5  fseek                        
20005414  g_BuzzerSemaphore            
20005418  g_pI2cTempQueue              
2000541c  g_pKeypadQueue               
20000000  g_pfnRAMVectors              
00000000  g_pfnVectors                 
2000543b  i                            
20005420  idk                          
00005085  ldexp                        
00001f4d  lseek                        
00004fdd  ltoa                         
00005349  main                         
200057c0  main_func_sp                 
00001a13  malloc                       
00001c49  memalign                     
00005c33  memccpy                      
00005bb9  memchr                       
00003d25  memcpy                       
00004435  memset                       
00001985  minit                        
00001e9f  open                         
00004ae1  playSong                     
0000460d  printf                       
00003e59  putc                         
00003edd  putchar                      
00002c39  puts                         
00003a8d  pvPortMalloc                 
00005cb9  pvTaskIncrementMutexHeldCount
20005730  pxCurrentTCB                 
00005b05  pxPortInitialiseStack        
00005a2f  raise                        
00001e7b  read                         
00001b3d  realloc                      
00001df1  remove                       
00001e53  remove_device                
00001e15  rename                       
0000409d  round                        
00003695  setvbuf                      
00005659  signal                       
00004ba1  sprintf                      
00005d49  strchr                       
00005ce9  strcmp                       
00005db1  strcpy                       
00005dc5  strlen                       
000059a1  strncpy                      
2000543c  temp                         
20005770  temperature                  
20005774  temperature_conv             
000051c9  timer_count_time             
2000542c  uart_queue                   
20005430  uart_queue_counter           
00006310  ulMaxSyscallInterruptPriority
00003781  ulPortGetIPSR                
00001df1  unlink                       
00005bd9  uxListRemove                 
00003843  vApplicationStackOverflowHook
00005d5f  vListInitialise              
00005f87  vListInitialiseItem          
0000586d  vListInsert                  
00005d01  vListInsertEnd               
00003835  vPortEnableVFP               
00005c51  vPortEnterCritical           
00005d19  vPortExitCritical            
00005595  vPortFree                    
000037f9  vPortSVCHandler              
00005dd9  vPortSetupTimerInterrupt     
00003819  vPortStartFirstTask          
00004d79  vTaskDelay                   
000042b5  vTaskDelayUntil              
00005f1d  vTaskMissedYield             
00004959  vTaskPlaceOnEventList        
00003ef1  vTaskPriorityInherit         
00005d31  vTaskSetTimeOutState         
00004c01  vTaskStartScheduler          
00005ebd  vTaskSuspendAll              
00004011  vTaskSwitchContext           
00001d61  write                        
00003799  xPortPendSVHandler           
00005699  xPortStartScheduler          
00005a5d  xPortSysTickHandler          
00005715  xQueueGenericCreate          
00002d95  xQueueGenericReceive         
00004231  xQueueGenericReset           
000034c9  xQueueGenericSend            
00004dd5  xQueueGenericSendFromISR     
00005031  xTaskCheckForTimeOut         
000030d1  xTaskGenericCreate           
00005f29  xTaskGetTickCount            
000031d5  xTaskIncrementTick           
000043b1  xTaskPriorityDisinherit      
0000451d  xTaskRemoveFromEventList     
000035b1  xTaskResumeAll               
20005434  xTimerQueue                  


GLOBAL SYMBOLS: SORTED BY Symbol Address 

address   name                         
-------   ----                         
00000000  __TI_static_base__           
00000000  g_pfnVectors                 
00000008  __SYSMEM_SIZE                
00000200  __STACK_SIZE                 
0000104f  __TI_printfi                 
00001985  minit                        
00001a13  malloc                       
00001a7b  free                         
00001b3d  realloc                      
00001c49  memalign                     
00001d2d  calloc                       
00001d61  write                        
00001df1  remove                       
00001df1  unlink                       
00001e15  rename                       
00001e53  remove_device                
00001e7b  read                         
00001e9f  open                         
00001f4d  lseek                        
00001f71  close                        
00001fc1  add_device                   
0000206d  HOSTwrite                    
000020b9  HOSTunlink                   
000020f1  HOSTtime                     
0000212b  HOSTrename                   
00002189  HOSTread                     
000021d5  HOSTopen                     
00002227  HOSTlseek                    
00002283  HOSTgetenv                   
000022c1  HOSTclose                    
000022f9  HOSTclock                    
00002341  __aeabi_uldivmod             
000025fd  __TI_cleanup                 
00002629  freopen                      
00002653  fopen                        
000026f9  __aeabi_dsub                 
00002703  __aeabi_dadd                 
000028b1  LCDTaskInit                  
000029f5  __aeabi_ddiv                 
00002b2d  fputs                        
00002c39  puts                         
00002c61  GPIOPadConfigSet             
00002d95  xQueueGenericReceive         
00002eb1  SysCtlClockGet               
00002fc1  _Dscale                      
000030d1  xTaskGenericCreate           
000031d5  xTaskIncrementTick           
000032d9  __aeabi_dmul                 
000033d5  SysCtlClockSet               
000034c9  xQueueGenericSend            
000035b1  xTaskResumeAll               
00003695  setvbuf                      
00003781  ulPortGetIPSR                
00003799  xPortPendSVHandler           
000037f9  vPortSVCHandler              
00003819  vPortStartFirstTask          
00003835  vPortEnableVFP               
00003843  vApplicationStackOverflowHook
00003845  __TI_doflush                 
00003891  fflush                       
0000390d  _Dint                        
000039cd  _Dnorm                       
00003a8d  pvPortMalloc                 
00003b39  __TI_wrt_ok                  
00003b9b  __TI_rd_ok                   
00003be5  Get_Key                      
00003d25  __aeabi_memcpy               
00003d25  __aeabi_memcpy4              
00003d25  __aeabi_memcpy8              
00003d25  memcpy                       
00003dc1  __TI_closefile               
00003e27  fclose                       
00003e59  fputc                        
00003e59  putc                         
00003edd  putchar                      
00003ef1  vTaskPriorityInherit         
00003f85  configurePWM                 
00004011  vTaskSwitchContext           
0000409d  round                        
00004125  __aeabi_cdcmpeq              
00004125  __aeabi_cdcmple              
000041ab  __aeabi_cdrcmple             
00004231  xQueueGenericReset           
000042b5  vTaskDelayUntil              
00004335  Check_KPad                   
000043b1  xTaskPriorityDisinherit      
0000442d  __aeabi_memclr               
0000442d  __aeabi_memclr4              
0000442d  __aeabi_memclr8              
0000442f  __aeabi_memset               
0000442f  __aeabi_memset4              
0000442f  __aeabi_memset8              
00004435  memset                       
000044a9  I2C_read16BitRegister        
0000451d  xTaskRemoveFromEventList     
0000460d  printf                       
00004675  __aeabi_d2f                  
000046e5  __TI_auto_init               
000047bd  IntEnable                    
00004825  __TI_writemsg                
00004853  C$$IO$$                      
00004857  __TI_readmsg                 
0000488d  _Dunscale                    
000048f5  fseek                        
00004959  vTaskPlaceOnEventList        
00004a81  TimerConfigure               
00004ae1  playSong                     
00004ba1  sprintf                      
00004c01  vTaskStartScheduler          
00004c61  Lcd_Init                     
00004cc1  InitI2C0                     
00004d1d  Lcd_Write_Char               
00004d79  vTaskDelay                   
00004dd5  xQueueGenericSendFromISR     
00004e31  I2cTempTaskInit              
00004f35  Lcd_Port                     
00004fdd  ltoa                         
00005031  xTaskCheckForTimeOut         
00005085  ldexp                        
000050d9  I2C_write8BitRegister        
00005129  SysCtlPeripheralReset        
00005179  _c_int00                     
000051c9  timer_count_time             
00005219  I2CMasterInitExpClk          
00005265  Timer0A_Init                 
000052b1  UART_Init                    
00005349  main                         
000053e1  atoi                         
0000542d  copy_in                      
00005479  GPIOPinConfigure             
000054c1  __aeabi_d2iz                 
00005509  UARTConfigSetExpClk          
00005551  C$$EXIT                      
00005555  abort                        
0000555d  exit                         
00005595  vPortFree                    
000055d9  Lcd_Cmd                      
00005619  UartTaskReceiveInit          
00005659  signal                       
00005699  xPortStartScheduler          
000056d9  GPIO_Keypad_Init             
00005715  xQueueGenericCreate          
0000578d  BuzzerTaskInit               
000057c5  KeypadTaskInit               
000057fd  SysCtlPeripheralReady        
00005835  __aeabi_f2d                  
0000586d  vListInsert                  
000058a5  IntRegister                  
000058d9  SysCtlPeripheralEnable       
0000590d  feraiseexcept                
000059a1  strncpy                      
000059d1  _Feraise                     
00005a01  __aeabi_i2d                  
00005a2f  raise                        
00005a5d  xPortSysTickHandler          
00005a89  GPIODirModeSet               
00005ab3  frexp                        
00005b05  pxPortInitialiseStack        
00005b53  Lcd_Set_Cursor               
00005b75  PWMGenConfigure              
00005b99  UARTDisable                  
00005bb9  memchr                       
00005bd9  uxListRemove                 
00005bf9  PWMPulseWidthSet             
00005c33  memccpy                      
00005c51  vPortEnterCritical           
00005c87  GPIOPinTypeGPIOOutput        
00005c9f  TimerIntRegister             
00005cb9  pvTaskIncrementMutexHeldCount
00005cd1  _args_main                   
00005ce9  strcmp                       
00005d01  vListInsertEnd               
00005d19  vPortExitCritical            
00005d31  vTaskSetTimeOutState         
00005d49  strchr                       
00005d5f  vListInitialise              
00005d75  Lcd_Write_String             
00005d89  UARTEnable                   
00005d9d  _register_unlock             
00005da3  _register_lock               
00005dab  _nop                         
00005db1  strcpy                       
00005dc5  strlen                       
00005dd9  vPortSetupTimerInterrupt     
00005ded  GPIOPinTypeGPIOInput         
00005dff  GPIOPinTypeI2C               
00005e11  GPIOPinTypeI2CSCL            
00005e23  GPIOPinTypePWM               
00005e35  GPIOPinTypeUART              
00005e47  PWMOutputState               
00005e59  TimerLoadSet                 
00005e7d  IntMasterEnable              
00005e8d  Lcd_Clear                    
00005e9d  PWMGenPeriodSet              
00005ebd  vTaskSuspendAll              
00005ecd  TimerEnable                  
00005edb  UARTCharsAvail               
00005ee9  __TI_decompress_none         
00005ef7  CPUcpsie                     
00005f03  PWMGenEnable                 
00005f0f  __TI_zero_init               
00005f1d  vTaskMissedYield             
00005f29  xTaskGetTickCount            
00005f35  I2CMasterEnable              
00005f3f  UARTCharGet                  
00005f49  I2CMasterBusy                
00005f51  I2CMasterSlaveAddrSet        
00005f59  TimerIntEnable               
00005f69  GPIOPinRead                  
00005f6f  GPIOPinWrite                 
00005f75  ResetISR                     
00005f7b  SysCtlDelay                  
00005f81  __TI_decompress_rle24        
00005f87  vListInitialiseItem          
00005f8d  I2CMasterControl             
00005f91  I2CMasterDataGet             
00005f95  I2CMasterDataPut             
00005f99  TimerIntClear                
00005f9d  _system_pre_init             
00005fa0  _ctypes_                     
00006300  Keypad                       
00006310  ulMaxSyscallInterruptPriority
000063e0  __TI_Handler_Table_Base      
000063ec  __TI_Handler_Table_Limit     
00006400  __TI_CINIT_Base              
00006418  __TI_CINIT_Limit             
20000000  g_pfnRAMVectors              
200051cc  __CIOBUF_                    
200052ec  __TI_tmpnams                 
200053f0  date                         
20005414  g_BuzzerSemaphore            
20005418  g_pI2cTempQueue              
2000541c  g_pKeypadQueue               
20005420  idk                          
2000542c  uart_queue                   
20005430  uart_queue_counter           
20005434  xTimerQueue                  
20005438  Test                         
20005439  cur_Col                      
2000543a  cur_Row                      
2000543b  i                            
2000543c  temp                         
20005440  _ftable                      
200056b0  _Denorm                      
200056c0  _Eps                         
200056d0  _Hugeval                     
200056e0  _Inf                         
200056f0  _Nan                         
20005700  _Snan                        
20005710  _Rteps                       
20005720  _Xbig                        
20005728  _Zero                        
20005730  pxCurrentTCB                 
20005760  __TI_ft_end                  
20005764  __aeabi_stdin                
20005768  __aeabi_stdout               
2000576c  __aeabi_stderr               
20005770  temperature                  
20005774  temperature_conv             
20005778  command_tmp101               
20005788  RowPins                      
2000578c  ColPins                      
20005790  K_pressed                    
20005791  count                        
2000579c  _lock                        
200057a0  _unlock                      
200057a4  __TI_cleanup_ptr             
200057a8  __TI_dtors_ptr               
200057ac  _Fenv                        
200057b0  _Tls_setup__Fenv             
200057b8  _Errno                       
200057c0  main_func_sp                 
200057c4  counter                      
200057c8  __stack                      
200059c8  __STACK_END                  
200059c8  __STACK_TOP                  
200059c8  _sys_memory                  
ffffffff  __binit__                    
ffffffff  __c_args__                   
ffffffff  binit                        
UNDEFED   SHT$$INIT_ARRAY$$Base        
UNDEFED   SHT$$INIT_ARRAY$$Limit       

[282 symbols]
