<?xml version="1.0"?>
<link_info>
   <banner>TI ARM Linker PC v5.2.9</banner>
   <copyright>Copyright (c) 1996-2017 Texas Instruments Incorporated</copyright>
   <link_time>0x659b0749</link_time>
   <link_errors>0x0</link_errors>
   <output_file>GroundStation_Group6.out</output_file>
   <entry_point>
      <name>_c_int00</name>
      <address>0x5b45</address>
   </entry_point>
   <input_file_list>
      <input_file id="fl-2">
         <path>.\</path>
         <kind>object</kind>
         <file>buzzer_pwm.obj</file>
         <name>buzzer_pwm.obj</name>
      </input_file>
      <input_file id="fl-3">
         <path>.\</path>
         <kind>object</kind>
         <file>groundstation_starter.obj</file>
         <name>groundstation_starter.obj</name>
      </input_file>
      <input_file id="fl-4">
         <path>.\</path>
         <kind>object</kind>
         <file>i2c_temp.obj</file>
         <name>i2c_temp.obj</name>
      </input_file>
      <input_file id="fl-5">
         <path>.\</path>
         <kind>object</kind>
         <file>keypad_task.obj</file>
         <name>keypad_task.obj</name>
      </input_file>
      <input_file id="fl-6">
         <path>.\</path>
         <kind>object</kind>
         <file>lcd_task.obj</file>
         <name>lcd_task.obj</name>
      </input_file>
      <input_file id="fl-7">
         <path>.\</path>
         <kind>object</kind>
         <file>startup_ccs.obj</file>
         <name>startup_ccs.obj</name>
      </input_file>
      <input_file id="fl-8">
         <path>.\</path>
         <kind>object</kind>
         <file>timer_funcs.obj</file>
         <name>timer_funcs.obj</name>
      </input_file>
      <input_file id="fl-9">
         <path>.\</path>
         <kind>object</kind>
         <file>uart_task.obj</file>
         <name>uart_task.obj</name>
      </input_file>
      <input_file id="fl-a">
         <path>.\drivers\</path>
         <kind>object</kind>
         <file>buttons.obj</file>
         <name>buttons.obj</name>
      </input_file>
      <input_file id="fl-b">
         <path>.\drivers\</path>
         <kind>object</kind>
         <file>rgb.obj</file>
         <name>rgb.obj</name>
      </input_file>
      <input_file id="fl-c">
         <path>.\third_party\FreeRTOS\Source\</path>
         <kind>object</kind>
         <file>list.obj</file>
         <name>list.obj</name>
      </input_file>
      <input_file id="fl-d">
         <path>.\third_party\FreeRTOS\Source\</path>
         <kind>object</kind>
         <file>queue.obj</file>
         <name>queue.obj</name>
      </input_file>
      <input_file id="fl-e">
         <path>.\third_party\FreeRTOS\Source\</path>
         <kind>object</kind>
         <file>tasks.obj</file>
         <name>tasks.obj</name>
      </input_file>
      <input_file id="fl-f">
         <path>.\third_party\FreeRTOS\Source\portable\CCS\ARM_CM4F\</path>
         <kind>object</kind>
         <file>port.obj</file>
         <name>port.obj</name>
      </input_file>
      <input_file id="fl-10">
         <path>.\third_party\FreeRTOS\Source\portable\CCS\ARM_CM4F\</path>
         <kind>object</kind>
         <file>portasm.obj</file>
         <name>portasm.obj</name>
      </input_file>
      <input_file id="fl-11">
         <path>.\third_party\FreeRTOS\Source\portable\MemMang\</path>
         <kind>object</kind>
         <file>heap_2.obj</file>
         <name>heap_2.obj</name>
      </input_file>
      <input_file id="fl-12">
         <path>.\utils\</path>
         <kind>object</kind>
         <file>uartstdio.obj</file>
         <name>uartstdio.obj</name>
      </input_file>
      <input_file id="fl-13">
         <path>.\utils\</path>
         <kind>object</kind>
         <file>ustdlib.obj</file>
         <name>ustdlib.obj</name>
      </input_file>
      <input_file id="fl-13a">
         <path>D:\MEE\SistEmbebidos\CSS\ccs\tools\compiler\ti-cgt-arm_5.2.9\lib\</path>
         <kind>archive</kind>
         <file>rtsv7M4_T_le_v4SPD16_eabi.lib</file>
         <name>boot.obj</name>
      </input_file>
      <input_file id="fl-13b">
         <path>D:\MEE\SistEmbebidos\CSS\ccs\tools\compiler\ti-cgt-arm_5.2.9\lib\</path>
         <kind>archive</kind>
         <file>rtsv7M4_T_le_v4SPD16_eabi.lib</file>
         <name>copy_decompress_none.obj</name>
      </input_file>
      <input_file id="fl-13c">
         <path>D:\MEE\SistEmbebidos\CSS\ccs\tools\compiler\ti-cgt-arm_5.2.9\lib\</path>
         <kind>archive</kind>
         <file>rtsv7M4_T_le_v4SPD16_eabi.lib</file>
         <name>copy_decompress_rle.obj</name>
      </input_file>
      <input_file id="fl-13d">
         <path>D:\MEE\SistEmbebidos\CSS\ccs\tools\compiler\ti-cgt-arm_5.2.9\lib\</path>
         <kind>archive</kind>
         <file>rtsv7M4_T_le_v4SPD16_eabi.lib</file>
         <name>copy_zero_init.obj</name>
      </input_file>
      <input_file id="fl-13e">
         <path>D:\MEE\SistEmbebidos\CSS\ccs\tools\compiler\ti-cgt-arm_5.2.9\lib\</path>
         <kind>archive</kind>
         <file>rtsv7M4_T_le_v4SPD16_eabi.lib</file>
         <name>exit.obj</name>
      </input_file>
      <input_file id="fl-13f">
         <path>D:\MEE\SistEmbebidos\CSS\ccs\tools\compiler\ti-cgt-arm_5.2.9\lib\</path>
         <kind>archive</kind>
         <file>rtsv7M4_T_le_v4SPD16_eabi.lib</file>
         <name>fd_tos_t2.obj</name>
      </input_file>
      <input_file id="fl-140">
         <path>D:\MEE\SistEmbebidos\CSS\ccs\tools\compiler\ti-cgt-arm_5.2.9\lib\</path>
         <kind>archive</kind>
         <file>rtsv7M4_T_le_v4SPD16_eabi.lib</file>
         <name>fs_tod_t2.obj</name>
      </input_file>
      <input_file id="fl-141">
         <path>D:\MEE\SistEmbebidos\CSS\ccs\tools\compiler\ti-cgt-arm_5.2.9\lib\</path>
         <kind>archive</kind>
         <file>rtsv7M4_T_le_v4SPD16_eabi.lib</file>
         <name>fs_toull_t2.obj</name>
      </input_file>
      <input_file id="fl-142">
         <path>D:\MEE\SistEmbebidos\CSS\ccs\tools\compiler\ti-cgt-arm_5.2.9\lib\</path>
         <kind>archive</kind>
         <file>rtsv7M4_T_le_v4SPD16_eabi.lib</file>
         <name>memcpy_t2.obj</name>
      </input_file>
      <input_file id="fl-143">
         <path>D:\MEE\SistEmbebidos\CSS\ccs\tools\compiler\ti-cgt-arm_5.2.9\lib\</path>
         <kind>archive</kind>
         <file>rtsv7M4_T_le_v4SPD16_eabi.lib</file>
         <name>memset_t2.obj</name>
      </input_file>
      <input_file id="fl-144">
         <path>D:\MEE\SistEmbebidos\CSS\ccs\tools\compiler\ti-cgt-arm_5.2.9\lib\</path>
         <kind>archive</kind>
         <file>rtsv7M4_T_le_v4SPD16_eabi.lib</file>
         <name>pre_init.obj</name>
      </input_file>
      <input_file id="fl-145">
         <path>D:\MEE\SistEmbebidos\CSS\ccs\tools\compiler\ti-cgt-arm_5.2.9\lib\</path>
         <kind>archive</kind>
         <file>rtsv7M4_T_le_v4SPD16_eabi.lib</file>
         <name>printf.obj</name>
      </input_file>
      <input_file id="fl-146">
         <path>D:\MEE\SistEmbebidos\CSS\ccs\tools\compiler\ti-cgt-arm_5.2.9\lib\</path>
         <kind>archive</kind>
         <file>rtsv7M4_T_le_v4SPD16_eabi.lib</file>
         <name>round.obj</name>
      </input_file>
      <input_file id="fl-147">
         <path>D:\MEE\SistEmbebidos\CSS\ccs\tools\compiler\ti-cgt-arm_5.2.9\lib\</path>
         <kind>archive</kind>
         <file>rtsv7M4_T_le_v4SPD16_eabi.lib</file>
         <name>sprintf.obj</name>
      </input_file>
      <input_file id="fl-148">
         <path>D:\MEE\SistEmbebidos\CSS\ccs\tools\compiler\ti-cgt-arm_5.2.9\lib\</path>
         <kind>archive</kind>
         <file>rtsv7M4_T_le_v4SPD16_eabi.lib</file>
         <name>stkdepth_vars.obj</name>
      </input_file>
      <input_file id="fl-149">
         <path>D:\MEE\SistEmbebidos\CSS\ccs\tools\compiler\ti-cgt-arm_5.2.9\lib\</path>
         <kind>archive</kind>
         <file>rtsv7M4_T_le_v4SPD16_eabi.lib</file>
         <name>u_divt2.obj</name>
      </input_file>
      <input_file id="fl-14a">
         <path>D:\MEE\SistEmbebidos\CSS\ccs\tools\compiler\ti-cgt-arm_5.2.9\lib\</path>
         <kind>archive</kind>
         <file>rtsv7M4_T_le_v4SPD16_eabi.lib</file>
         <name>xdint.obj</name>
      </input_file>
      <input_file id="fl-14b">
         <path>D:\MEE\SistEmbebidos\CSS\ccs\tools\compiler\ti-cgt-arm_5.2.9\lib\</path>
         <kind>archive</kind>
         <file>rtsv7M4_T_le_v4SPD16_eabi.lib</file>
         <name>_lock.obj</name>
      </input_file>
      <input_file id="fl-14c">
         <path>D:\MEE\SistEmbebidos\CSS\ccs\tools\compiler\ti-cgt-arm_5.2.9\lib\</path>
         <kind>archive</kind>
         <file>rtsv7M4_T_le_v4SPD16_eabi.lib</file>
         <name>_printfi.obj</name>
      </input_file>
      <input_file id="fl-14d">
         <path>D:\MEE\SistEmbebidos\CSS\ccs\tools\compiler\ti-cgt-arm_5.2.9\lib\</path>
         <kind>archive</kind>
         <file>rtsv7M4_T_le_v4SPD16_eabi.lib</file>
         <name>args_main.obj</name>
      </input_file>
      <input_file id="fl-14e">
         <path>D:\MEE\SistEmbebidos\CSS\ccs\tools\compiler\ti-cgt-arm_5.2.9\lib\</path>
         <kind>archive</kind>
         <file>rtsv7M4_T_le_v4SPD16_eabi.lib</file>
         <name>atoi.obj</name>
      </input_file>
      <input_file id="fl-14f">
         <path>D:\MEE\SistEmbebidos\CSS\ccs\tools\compiler\ti-cgt-arm_5.2.9\lib\</path>
         <kind>archive</kind>
         <file>rtsv7M4_T_le_v4SPD16_eabi.lib</file>
         <name>autoinit.obj</name>
      </input_file>
      <input_file id="fl-150">
         <path>D:\MEE\SistEmbebidos\CSS\ccs\tools\compiler\ti-cgt-arm_5.2.9\lib\</path>
         <kind>archive</kind>
         <file>rtsv7M4_T_le_v4SPD16_eabi.lib</file>
         <name>cpy_tbl.obj</name>
      </input_file>
      <input_file id="fl-151">
         <path>D:\MEE\SistEmbebidos\CSS\ccs\tools\compiler\ti-cgt-arm_5.2.9\lib\</path>
         <kind>archive</kind>
         <file>rtsv7M4_T_le_v4SPD16_eabi.lib</file>
         <name>ctype.obj</name>
      </input_file>
      <input_file id="fl-152">
         <path>D:\MEE\SistEmbebidos\CSS\ccs\tools\compiler\ti-cgt-arm_5.2.9\lib\</path>
         <kind>archive</kind>
         <file>rtsv7M4_T_le_v4SPD16_eabi.lib</file>
         <name>defs.obj</name>
      </input_file>
      <input_file id="fl-153">
         <path>D:\MEE\SistEmbebidos\CSS\ccs\tools\compiler\ti-cgt-arm_5.2.9\lib\</path>
         <kind>archive</kind>
         <file>rtsv7M4_T_le_v4SPD16_eabi.lib</file>
         <name>fd_add_t2.obj</name>
      </input_file>
      <input_file id="fl-154">
         <path>D:\MEE\SistEmbebidos\CSS\ccs\tools\compiler\ti-cgt-arm_5.2.9\lib\</path>
         <kind>archive</kind>
         <file>rtsv7M4_T_le_v4SPD16_eabi.lib</file>
         <name>fd_cmp_t2.obj</name>
      </input_file>
      <input_file id="fl-155">
         <path>D:\MEE\SistEmbebidos\CSS\ccs\tools\compiler\ti-cgt-arm_5.2.9\lib\</path>
         <kind>archive</kind>
         <file>rtsv7M4_T_le_v4SPD16_eabi.lib</file>
         <name>fd_div_t2.obj</name>
      </input_file>
      <input_file id="fl-156">
         <path>D:\MEE\SistEmbebidos\CSS\ccs\tools\compiler\ti-cgt-arm_5.2.9\lib\</path>
         <kind>archive</kind>
         <file>rtsv7M4_T_le_v4SPD16_eabi.lib</file>
         <name>fd_mul_t2.obj</name>
      </input_file>
      <input_file id="fl-157">
         <path>D:\MEE\SistEmbebidos\CSS\ccs\tools\compiler\ti-cgt-arm_5.2.9\lib\</path>
         <kind>archive</kind>
         <file>rtsv7M4_T_le_v4SPD16_eabi.lib</file>
         <name>fd_toi_t2.obj</name>
      </input_file>
      <input_file id="fl-158">
         <path>D:\MEE\SistEmbebidos\CSS\ccs\tools\compiler\ti-cgt-arm_5.2.9\lib\</path>
         <kind>archive</kind>
         <file>rtsv7M4_T_le_v4SPD16_eabi.lib</file>
         <name>fputc.obj</name>
      </input_file>
      <input_file id="fl-159">
         <path>D:\MEE\SistEmbebidos\CSS\ccs\tools\compiler\ti-cgt-arm_5.2.9\lib\</path>
         <kind>archive</kind>
         <file>rtsv7M4_T_le_v4SPD16_eabi.lib</file>
         <name>fputs.obj</name>
      </input_file>
      <input_file id="fl-15a">
         <path>D:\MEE\SistEmbebidos\CSS\ccs\tools\compiler\ti-cgt-arm_5.2.9\lib\</path>
         <kind>archive</kind>
         <file>rtsv7M4_T_le_v4SPD16_eabi.lib</file>
         <name>frexp.obj</name>
      </input_file>
      <input_file id="fl-15b">
         <path>D:\MEE\SistEmbebidos\CSS\ccs\tools\compiler\ti-cgt-arm_5.2.9\lib\</path>
         <kind>archive</kind>
         <file>rtsv7M4_T_le_v4SPD16_eabi.lib</file>
         <name>i_div0.obj</name>
      </input_file>
      <input_file id="fl-15c">
         <path>D:\MEE\SistEmbebidos\CSS\ccs\tools\compiler\ti-cgt-arm_5.2.9\lib\</path>
         <kind>archive</kind>
         <file>rtsv7M4_T_le_v4SPD16_eabi.lib</file>
         <name>i_tofd_t2.obj</name>
      </input_file>
      <input_file id="fl-15d">
         <path>D:\MEE\SistEmbebidos\CSS\ccs\tools\compiler\ti-cgt-arm_5.2.9\lib\</path>
         <kind>archive</kind>
         <file>rtsv7M4_T_le_v4SPD16_eabi.lib</file>
         <name>ldexp.obj</name>
      </input_file>
      <input_file id="fl-15e">
         <path>D:\MEE\SistEmbebidos\CSS\ccs\tools\compiler\ti-cgt-arm_5.2.9\lib\</path>
         <kind>archive</kind>
         <file>rtsv7M4_T_le_v4SPD16_eabi.lib</file>
         <name>lowlev.obj</name>
      </input_file>
      <input_file id="fl-15f">
         <path>D:\MEE\SistEmbebidos\CSS\ccs\tools\compiler\ti-cgt-arm_5.2.9\lib\</path>
         <kind>archive</kind>
         <file>rtsv7M4_T_le_v4SPD16_eabi.lib</file>
         <name>ltoa.obj</name>
      </input_file>
      <input_file id="fl-160">
         <path>D:\MEE\SistEmbebidos\CSS\ccs\tools\compiler\ti-cgt-arm_5.2.9\lib\</path>
         <kind>archive</kind>
         <file>rtsv7M4_T_le_v4SPD16_eabi.lib</file>
         <name>memccpy.obj</name>
      </input_file>
      <input_file id="fl-161">
         <path>D:\MEE\SistEmbebidos\CSS\ccs\tools\compiler\ti-cgt-arm_5.2.9\lib\</path>
         <kind>archive</kind>
         <file>rtsv7M4_T_le_v4SPD16_eabi.lib</file>
         <name>memchr.obj</name>
      </input_file>
      <input_file id="fl-162">
         <path>D:\MEE\SistEmbebidos\CSS\ccs\tools\compiler\ti-cgt-arm_5.2.9\lib\</path>
         <kind>archive</kind>
         <file>rtsv7M4_T_le_v4SPD16_eabi.lib</file>
         <name>strchr.obj</name>
      </input_file>
      <input_file id="fl-163">
         <path>D:\MEE\SistEmbebidos\CSS\ccs\tools\compiler\ti-cgt-arm_5.2.9\lib\</path>
         <kind>archive</kind>
         <file>rtsv7M4_T_le_v4SPD16_eabi.lib</file>
         <name>strcmp.obj</name>
      </input_file>
      <input_file id="fl-164">
         <path>D:\MEE\SistEmbebidos\CSS\ccs\tools\compiler\ti-cgt-arm_5.2.9\lib\</path>
         <kind>archive</kind>
         <file>rtsv7M4_T_le_v4SPD16_eabi.lib</file>
         <name>strlen.obj</name>
      </input_file>
      <input_file id="fl-165">
         <path>D:\MEE\SistEmbebidos\CSS\ccs\tools\compiler\ti-cgt-arm_5.2.9\lib\</path>
         <kind>archive</kind>
         <file>rtsv7M4_T_le_v4SPD16_eabi.lib</file>
         <name>strncpy.obj</name>
      </input_file>
      <input_file id="fl-166">
         <path>D:\MEE\SistEmbebidos\CSS\ccs\tools\compiler\ti-cgt-arm_5.2.9\lib\</path>
         <kind>archive</kind>
         <file>rtsv7M4_T_le_v4SPD16_eabi.lib</file>
         <name>trgdrv.obj</name>
      </input_file>
      <input_file id="fl-167">
         <path>D:\MEE\SistEmbebidos\CSS\ccs\tools\compiler\ti-cgt-arm_5.2.9\lib\</path>
         <kind>archive</kind>
         <file>rtsv7M4_T_le_v4SPD16_eabi.lib</file>
         <name>trgmsg.obj</name>
      </input_file>
      <input_file id="fl-168">
         <path>D:\MEE\SistEmbebidos\CSS\ccs\tools\compiler\ti-cgt-arm_5.2.9\lib\</path>
         <kind>archive</kind>
         <file>rtsv7M4_T_le_v4SPD16_eabi.lib</file>
         <name>ull_div_t2.obj</name>
      </input_file>
      <input_file id="fl-169">
         <path>D:\MEE\SistEmbebidos\CSS\ccs\tools\compiler\ti-cgt-arm_5.2.9\lib\</path>
         <kind>archive</kind>
         <file>rtsv7M4_T_le_v4SPD16_eabi.lib</file>
         <name>xdscale.obj</name>
      </input_file>
      <input_file id="fl-16a">
         <path>D:\MEE\SistEmbebidos\CSS\ccs\tools\compiler\ti-cgt-arm_5.2.9\lib\</path>
         <kind>archive</kind>
         <file>rtsv7M4_T_le_v4SPD16_eabi.lib</file>
         <name>xdunscal.obj</name>
      </input_file>
      <input_file id="fl-16b">
         <path>D:\MEE\SistEmbebidos\CSS\ccs\tools\compiler\ti-cgt-arm_5.2.9\lib\</path>
         <kind>archive</kind>
         <file>rtsv7M4_T_le_v4SPD16_eabi.lib</file>
         <name>xferaise.obj</name>
      </input_file>
      <input_file id="fl-16c">
         <path>D:\MEE\SistEmbebidos\CSS\ccs\tools\compiler\ti-cgt-arm_5.2.9\lib\</path>
         <kind>archive</kind>
         <file>rtsv7M4_T_le_v4SPD16_eabi.lib</file>
         <name>xvalues.obj</name>
      </input_file>
      <input_file id="fl-16d">
         <path>D:\MEE\SistEmbebidos\CSS\ccs\tools\compiler\ti-cgt-arm_5.2.9\lib\</path>
         <kind>archive</kind>
         <file>rtsv7M4_T_le_v4SPD16_eabi.lib</file>
         <name>_io_perm.obj</name>
      </input_file>
      <input_file id="fl-16e">
         <path>D:\MEE\SistEmbebidos\CSS\ccs\tools\compiler\ti-cgt-arm_5.2.9\lib\</path>
         <kind>archive</kind>
         <file>rtsv7M4_T_le_v4SPD16_eabi.lib</file>
         <name>errno.obj</name>
      </input_file>
      <input_file id="fl-16f">
         <path>D:\MEE\SistEmbebidos\CSS\ccs\tools\compiler\ti-cgt-arm_5.2.9\lib\</path>
         <kind>archive</kind>
         <file>rtsv7M4_T_le_v4SPD16_eabi.lib</file>
         <name>feraiseexcept.obj</name>
      </input_file>
      <input_file id="fl-170">
         <path>D:\MEE\SistEmbebidos\CSS\ccs\tools\compiler\ti-cgt-arm_5.2.9\lib\</path>
         <kind>archive</kind>
         <file>rtsv7M4_T_le_v4SPD16_eabi.lib</file>
         <name>fflush.obj</name>
      </input_file>
      <input_file id="fl-171">
         <path>D:\MEE\SistEmbebidos\CSS\ccs\tools\compiler\ti-cgt-arm_5.2.9\lib\</path>
         <kind>archive</kind>
         <file>rtsv7M4_T_le_v4SPD16_eabi.lib</file>
         <name>fseek.obj</name>
      </input_file>
      <input_file id="fl-172">
         <path>D:\MEE\SistEmbebidos\CSS\ccs\tools\compiler\ti-cgt-arm_5.2.9\lib\</path>
         <kind>archive</kind>
         <file>rtsv7M4_T_le_v4SPD16_eabi.lib</file>
         <name>raise.obj</name>
      </input_file>
      <input_file id="fl-173">
         <path>D:\MEE\SistEmbebidos\CSS\ccs\tools\compiler\ti-cgt-arm_5.2.9\lib\</path>
         <kind>archive</kind>
         <file>rtsv7M4_T_le_v4SPD16_eabi.lib</file>
         <name>setvbuf.obj</name>
      </input_file>
      <input_file id="fl-174">
         <path>D:\MEE\SistEmbebidos\CSS\ccs\tools\compiler\ti-cgt-arm_5.2.9\lib\</path>
         <kind>archive</kind>
         <file>rtsv7M4_T_le_v4SPD16_eabi.lib</file>
         <name>signal.obj</name>
      </input_file>
      <input_file id="fl-175">
         <path>D:\MEE\SistEmbebidos\CSS\ccs\tools\compiler\ti-cgt-arm_5.2.9\lib\</path>
         <kind>archive</kind>
         <file>rtsv7M4_T_le_v4SPD16_eabi.lib</file>
         <name>strcpy.obj</name>
      </input_file>
      <input_file id="fl-176">
         <path>D:\MEE\SistEmbebidos\CSS\ccs\tools\compiler\ti-cgt-arm_5.2.9\lib\</path>
         <kind>archive</kind>
         <file>rtsv7M4_T_le_v4SPD16_eabi.lib</file>
         <name>xdnorm.obj</name>
      </input_file>
      <input_file id="fl-177">
         <path>D:\MEE\SistEmbebidos\CSS\ccs\tools\compiler\ti-cgt-arm_5.2.9\lib\</path>
         <kind>archive</kind>
         <file>rtsv7M4_T_le_v4SPD16_eabi.lib</file>
         <name>fopen.obj</name>
      </input_file>
      <input_file id="fl-178">
         <path>D:\MEE\SistEmbebidos\CSS\ccs\tools\compiler\ti-cgt-arm_5.2.9\lib\</path>
         <kind>archive</kind>
         <file>rtsv7M4_T_le_v4SPD16_eabi.lib</file>
         <name>memory.obj</name>
      </input_file>
      <input_file id="fl-179">
         <path>D:\MEE\SistEmbebidos\CSS\ccs\tools\compiler\ti-cgt-arm_5.2.9\lib\</path>
         <kind>archive</kind>
         <file>rtsv7M4_T_le_v4SPD16_eabi.lib</file>
         <name>fclose.obj</name>
      </input_file>
      <input_file id="fl-17a">
         <path>D:\MEE\SistEmbebidos\CSS\ccs\tools\compiler\ti-cgt-arm_5.2.9\lib\</path>
         <kind>archive</kind>
         <file>rtsv7M4_T_le_v4SPD16_eabi.lib</file>
         <name>remove.obj</name>
      </input_file>
      <input_file id="fl-17b">
         <path>C:\ti\tivaware_c_series_2_1_4_178\driverlib\ccs\Debug\</path>
         <kind>archive</kind>
         <file>driverlib.lib</file>
         <name>gpio.obj</name>
      </input_file>
      <input_file id="fl-17c">
         <path>C:\ti\tivaware_c_series_2_1_4_178\driverlib\ccs\Debug\</path>
         <kind>archive</kind>
         <file>driverlib.lib</file>
         <name>i2c.obj</name>
      </input_file>
      <input_file id="fl-17d">
         <path>C:\ti\tivaware_c_series_2_1_4_178\driverlib\ccs\Debug\</path>
         <kind>archive</kind>
         <file>driverlib.lib</file>
         <name>interrupt.obj</name>
      </input_file>
      <input_file id="fl-17e">
         <path>C:\ti\tivaware_c_series_2_1_4_178\driverlib\ccs\Debug\</path>
         <kind>archive</kind>
         <file>driverlib.lib</file>
         <name>pwm.obj</name>
      </input_file>
      <input_file id="fl-17f">
         <path>C:\ti\tivaware_c_series_2_1_4_178\driverlib\ccs\Debug\</path>
         <kind>archive</kind>
         <file>driverlib.lib</file>
         <name>sysctl.obj</name>
      </input_file>
      <input_file id="fl-180">
         <path>C:\ti\tivaware_c_series_2_1_4_178\driverlib\ccs\Debug\</path>
         <kind>archive</kind>
         <file>driverlib.lib</file>
         <name>timer.obj</name>
      </input_file>
      <input_file id="fl-181">
         <path>C:\ti\tivaware_c_series_2_1_4_178\driverlib\ccs\Debug\</path>
         <kind>archive</kind>
         <file>driverlib.lib</file>
         <name>uart.obj</name>
      </input_file>
      <input_file id="fl-182">
         <path>C:\ti\tivaware_c_series_2_1_4_178\driverlib\ccs\Debug\</path>
         <kind>archive</kind>
         <file>driverlib.lib</file>
         <name>cpu.obj</name>
      </input_file>
   </input_file_list>
   <object_component_list>
      <object_component id="oc-f">
         <name>.intvecs</name>
         <load_address>0x0</load_address>
         <run_address>0x0</run_address>
         <size>0x26c</size>
         <input_file_ref idref="fl-7"/>
      </object_component>
      <object_component id="oc-3ff">
         <name>.text</name>
         <load_address>0x26c</load_address>
         <run_address>0x26c</run_address>
         <size>0x10ec</size>
         <input_file_ref idref="fl-14c"/>
      </object_component>
      <object_component id="oc-234">
         <name>.text:LCDTask</name>
         <load_address>0x1358</load_address>
         <run_address>0x1358</run_address>
         <size>0xd38</size>
         <input_file_ref idref="fl-6"/>
      </object_component>
      <object_component id="oc-6ee">
         <name>.text</name>
         <load_address>0x2090</load_address>
         <run_address>0x2090</run_address>
         <size>0x3dc</size>
         <input_file_ref idref="fl-178"/>
      </object_component>
      <object_component id="oc-57e">
         <name>.text</name>
         <load_address>0x246c</load_address>
         <run_address>0x246c</run_address>
         <size>0x30c</size>
         <input_file_ref idref="fl-15e"/>
      </object_component>
      <object_component id="oc-70b">
         <name>.text</name>
         <load_address>0x2778</load_address>
         <run_address>0x2778</run_address>
         <size>0x2d4</size>
         <input_file_ref idref="fl-166"/>
      </object_component>
      <object_component id="oc-594">
         <name>.text</name>
         <load_address>0x2a4c</load_address>
         <run_address>0x2a4c</run_address>
         <size>0x1f4</size>
         <input_file_ref idref="fl-168"/>
      </object_component>
      <object_component id="oc-6f4">
         <name>.text</name>
         <load_address>0x2c40</load_address>
         <run_address>0x2c40</run_address>
         <size>0x1c4</size>
         <input_file_ref idref="fl-177"/>
      </object_component>
      <object_component id="oc-5bd">
         <name>.text</name>
         <load_address>0x2e04</load_address>
         <run_address>0x2e04</run_address>
         <size>0x1b6</size>
         <input_file_ref idref="fl-153"/>
      </object_component>
      <object_component id="oc-39">
         <name>.text:FaultISR</name>
         <load_address>0x2fba</load_address>
         <run_address>0x2fba</run_address>
         <size>0x2</size>
         <input_file_ref idref="fl-7"/>
      </object_component>
      <object_component id="oc-265">
         <name>.text:UartTaskReceive</name>
         <load_address>0x2fbc</load_address>
         <run_address>0x2fbc</run_address>
         <size>0x19c</size>
         <input_file_ref idref="fl-9"/>
      </object_component>
      <object_component id="oc-153">
         <name>.text:LCDTaskInit</name>
         <load_address>0x3158</load_address>
         <run_address>0x3158</run_address>
         <size>0x144</size>
         <input_file_ref idref="fl-6"/>
      </object_component>
      <object_component id="oc-5a3">
         <name>.text</name>
         <load_address>0x329c</load_address>
         <run_address>0x329c</run_address>
         <size>0x136</size>
         <input_file_ref idref="fl-155"/>
      </object_component>
      <object_component id="oc-3f">
         <name>.text:IntDefaultHandler</name>
         <load_address>0x33d2</load_address>
         <run_address>0x33d2</run_address>
         <size>0x2</size>
         <input_file_ref idref="fl-7"/>
      </object_component>
      <object_component id="oc-3f9">
         <name>.text</name>
         <load_address>0x33d4</load_address>
         <run_address>0x33d4</run_address>
         <size>0x134</size>
         <input_file_ref idref="fl-159"/>
      </object_component>
      <object_component id="oc-2d2">
         <name>.text:GPIOPadConfigSet</name>
         <load_address>0x3508</load_address>
         <run_address>0x3508</run_address>
         <size>0x132</size>
         <input_file_ref idref="fl-17b"/>
      </object_component>
      <object_component id="oc-33">
         <name>.text:NmiSR</name>
         <load_address>0x363a</load_address>
         <run_address>0x363a</run_address>
         <size>0x2</size>
         <input_file_ref idref="fl-7"/>
      </object_component>
      <object_component id="oc-385">
         <name>.text:xQueueGenericReceive</name>
         <load_address>0x363c</load_address>
         <run_address>0x363c</run_address>
         <size>0x11c</size>
         <input_file_ref idref="fl-d"/>
      </object_component>
      <object_component id="oc-32a">
         <name>.text:SysCtlClockGet</name>
         <load_address>0x3758</load_address>
         <run_address>0x3758</run_address>
         <size>0x110</size>
         <input_file_ref idref="fl-17f"/>
      </object_component>
      <object_component id="oc-6b4">
         <name>.text</name>
         <load_address>0x3868</load_address>
         <run_address>0x3868</run_address>
         <size>0x110</size>
         <input_file_ref idref="fl-169"/>
      </object_component>
      <object_component id="oc-1cb">
         <name>.text:xTaskGenericCreate</name>
         <load_address>0x3978</load_address>
         <run_address>0x3978</run_address>
         <size>0x104</size>
         <input_file_ref idref="fl-e"/>
      </object_component>
      <object_component id="oc-a9">
         <name>.text:xTaskIncrementTick</name>
         <load_address>0x3a7c</load_address>
         <run_address>0x3a7c</run_address>
         <size>0x104</size>
         <input_file_ref idref="fl-e"/>
      </object_component>
      <object_component id="oc-59e">
         <name>.text</name>
         <load_address>0x3b80</load_address>
         <run_address>0x3b80</run_address>
         <size>0xfc</size>
         <input_file_ref idref="fl-156"/>
      </object_component>
      <object_component id="oc-135">
         <name>.text:SysCtlClockSet</name>
         <load_address>0x3c7c</load_address>
         <run_address>0x3c7c</run_address>
         <size>0xf4</size>
         <input_file_ref idref="fl-17f"/>
      </object_component>
      <object_component id="oc-219">
         <name>.text:xQueueGenericSend</name>
         <load_address>0x3d70</load_address>
         <run_address>0x3d70</run_address>
         <size>0xe8</size>
         <input_file_ref idref="fl-d"/>
      </object_component>
      <object_component id="oc-433">
         <name>.text:temperature_display</name>
         <load_address>0x3e58</load_address>
         <run_address>0x3e58</run_address>
         <size>0xe4</size>
         <input_file_ref idref="fl-6"/>
      </object_component>
      <object_component id="oc-29e">
         <name>.text:xTaskResumeAll</name>
         <load_address>0x3f3c</load_address>
         <run_address>0x3f3c</run_address>
         <size>0xe4</size>
         <input_file_ref idref="fl-e"/>
      </object_component>
      <object_component id="oc-676">
         <name>.text</name>
         <load_address>0x4020</load_address>
         <run_address>0x4020</run_address>
         <size>0xdc</size>
         <input_file_ref idref="fl-173"/>
      </object_component>
      <object_component id="oc-45">
         <name>.text</name>
         <load_address>0x40fc</load_address>
         <run_address>0x40fc</run_address>
         <size>0xd2</size>
         <input_file_ref idref="fl-10"/>
      </object_component>
      <object_component id="oc-103">
         <name>.text:vApplicationStackOverflowHook</name>
         <load_address>0x41ce</load_address>
         <run_address>0x41ce</run_address>
         <size>0x2</size>
         <input_file_ref idref="fl-3"/>
      </object_component>
      <object_component id="oc-578">
         <name>.text</name>
         <load_address>0x41d0</load_address>
         <run_address>0x41d0</run_address>
         <size>0xc8</size>
         <input_file_ref idref="fl-170"/>
      </object_component>
      <object_component id="oc-6d7">
         <name>.text</name>
         <load_address>0x4298</load_address>
         <run_address>0x4298</run_address>
         <size>0xc0</size>
         <input_file_ref idref="fl-14a"/>
      </object_component>
      <object_component id="oc-720">
         <name>.text</name>
         <load_address>0x4358</load_address>
         <run_address>0x4358</run_address>
         <size>0xbe</size>
         <input_file_ref idref="fl-176"/>
      </object_component>
      <object_component id="oc-1b2">
         <name>.text:pvPortMalloc</name>
         <load_address>0x4418</load_address>
         <run_address>0x4418</run_address>
         <size>0xac</size>
         <input_file_ref idref="fl-11"/>
      </object_component>
      <object_component id="oc-572">
         <name>.text</name>
         <load_address>0x44c4</load_address>
         <run_address>0x44c4</run_address>
         <size>0xac</size>
         <input_file_ref idref="fl-16d"/>
      </object_component>
      <object_component id="oc-304">
         <name>.text:Get_Key</name>
         <load_address>0x4570</load_address>
         <run_address>0x4570</run_address>
         <size>0xa0</size>
         <input_file_ref idref="fl-5"/>
      </object_component>
      <object_component id="oc-53">
         <name>.text</name>
         <load_address>0x4610</load_address>
         <run_address>0x4610</run_address>
         <size>0x9c</size>
         <input_file_ref idref="fl-142"/>
      </object_component>
      <object_component id="oc-74e">
         <name>.text</name>
         <load_address>0x46ac</load_address>
         <run_address>0x46ac</run_address>
         <size>0x98</size>
         <input_file_ref idref="fl-179"/>
      </object_component>
      <object_component id="oc-3f3">
         <name>.text</name>
         <load_address>0x4744</load_address>
         <run_address>0x4744</run_address>
         <size>0x98</size>
         <input_file_ref idref="fl-158"/>
      </object_component>
      <object_component id="oc-522">
         <name>.text:vTaskPriorityInherit</name>
         <load_address>0x47dc</load_address>
         <run_address>0x47dc</run_address>
         <size>0x94</size>
         <input_file_ref idref="fl-e"/>
      </object_component>
      <object_component id="oc-1ee">
         <name>.text:configurePWM</name>
         <load_address>0x4870</load_address>
         <run_address>0x4870</run_address>
         <size>0x8c</size>
         <input_file_ref idref="fl-2"/>
      </object_component>
      <object_component id="oc-a2">
         <name>.text:vTaskSwitchContext</name>
         <load_address>0x48fc</load_address>
         <run_address>0x48fc</run_address>
         <size>0x8c</size>
         <input_file_ref idref="fl-e"/>
      </object_component>
      <object_component id="oc-605">
         <name>.text</name>
         <load_address>0x4988</load_address>
         <run_address>0x4988</run_address>
         <size>0x88</size>
         <input_file_ref idref="fl-146"/>
      </object_component>
      <object_component id="oc-599">
         <name>.text:__aeabi_cdcmple</name>
         <load_address>0x4a10</load_address>
         <run_address>0x4a10</run_address>
         <size>0x86</size>
         <input_file_ref idref="fl-154"/>
      </object_component>
      <object_component id="oc-5a8">
         <name>.text:__aeabi_cdrcmple</name>
         <load_address>0x4a96</load_address>
         <run_address>0x4a96</run_address>
         <size>0x86</size>
         <input_file_ref idref="fl-154"/>
      </object_component>
      <object_component id="oc-1b8">
         <name>.text:xQueueGenericReset</name>
         <load_address>0x4b1c</load_address>
         <run_address>0x4b1c</run_address>
         <size>0x84</size>
         <input_file_ref idref="fl-d"/>
      </object_component>
      <object_component id="oc-30a">
         <name>.text:vTaskDelayUntil</name>
         <load_address>0x4ba0</load_address>
         <run_address>0x4ba0</run_address>
         <size>0x80</size>
         <input_file_ref idref="fl-e"/>
      </object_component>
      <object_component id="oc-2f8">
         <name>.text:Check_KPad</name>
         <load_address>0x4c20</load_address>
         <run_address>0x4c20</run_address>
         <size>0x7c</size>
         <input_file_ref idref="fl-5"/>
      </object_component>
      <object_component id="oc-56b">
         <name>.text:xTaskPriorityDisinherit</name>
         <load_address>0x4c9c</load_address>
         <run_address>0x4c9c</run_address>
         <size>0x7c</size>
         <input_file_ref idref="fl-e"/>
      </object_component>
      <object_component id="oc-6c">
         <name>.text</name>
         <load_address>0x4d18</load_address>
         <run_address>0x4d18</run_address>
         <size>0x7a</size>
         <input_file_ref idref="fl-143"/>
      </object_component>
      <object_component id="oc-352">
         <name>.text:I2C_read16BitRegister</name>
         <load_address>0x4d94</load_address>
         <run_address>0x4d94</run_address>
         <size>0x74</size>
         <input_file_ref idref="fl-4"/>
      </object_component>
      <object_component id="oc-2b2">
         <name>.text:xTaskRemoveFromEventList</name>
         <load_address>0x4e08</load_address>
         <run_address>0x4e08</run_address>
         <size>0x74</size>
         <input_file_ref idref="fl-e"/>
      </object_component>
      <object_component id="oc-3ec">
         <name>.text:prvCopyDataToQueue</name>
         <load_address>0x4e7c</load_address>
         <run_address>0x4e7c</run_address>
         <size>0x72</size>
         <input_file_ref idref="fl-d"/>
      </object_component>
      <object_component id="oc-1e7">
         <name>.text:I2cTempTask</name>
         <load_address>0x4ef0</load_address>
         <run_address>0x4ef0</run_address>
         <size>0x70</size>
         <input_file_ref idref="fl-4"/>
      </object_component>
      <object_component id="oc-21f">
         <name>.text</name>
         <load_address>0x4f60</load_address>
         <run_address>0x4f60</run_address>
         <size>0x70</size>
         <input_file_ref idref="fl-145"/>
      </object_component>
      <object_component id="oc-60b">
         <name>.text</name>
         <load_address>0x4fd0</load_address>
         <run_address>0x4fd0</run_address>
         <size>0x6e</size>
         <input_file_ref idref="fl-13f"/>
      </object_component>
      <object_component id="oc-159">
         <name>.text:UartTaskReceiveInit</name>
         <load_address>0x5040</load_address>
         <run_address>0x5040</run_address>
         <size>0x6c</size>
         <input_file_ref idref="fl-9"/>
      </object_component>
      <object_component id="oc-7e">
         <name>.text</name>
         <load_address>0x50ac</load_address>
         <run_address>0x50ac</run_address>
         <size>0x6c</size>
         <input_file_ref idref="fl-14f"/>
      </object_component>
      <object_component id="oc-5f">
         <name>.text</name>
         <load_address>0x5118</load_address>
         <run_address>0x5118</run_address>
         <size>0x6a</size>
         <input_file_ref idref="fl-13c"/>
      </object_component>
      <object_component id="oc-247">
         <name>.text:IntEnable</name>
         <load_address>0x5184</load_address>
         <run_address>0x5184</run_address>
         <size>0x68</size>
         <input_file_ref idref="fl-17d"/>
      </object_component>
      <object_component id="oc-75d">
         <name>.text</name>
         <load_address>0x51ec</load_address>
         <run_address>0x51ec</run_address>
         <size>0x68</size>
         <input_file_ref idref="fl-167"/>
      </object_component>
      <object_component id="oc-6ac">
         <name>.text</name>
         <load_address>0x5254</load_address>
         <run_address>0x5254</run_address>
         <size>0x66</size>
         <input_file_ref idref="fl-16a"/>
      </object_component>
      <object_component id="oc-670">
         <name>.text</name>
         <load_address>0x52bc</load_address>
         <run_address>0x52bc</run_address>
         <size>0x64</size>
         <input_file_ref idref="fl-171"/>
      </object_component>
      <object_component id="oc-3e6">
         <name>.text:vTaskPlaceOnEventList</name>
         <load_address>0x5320</load_address>
         <run_address>0x5320</run_address>
         <size>0x64</size>
         <input_file_ref idref="fl-e"/>
      </object_component>
      <object_component id="oc-3da">
         <name>.text:prvUnlockQueue</name>
         <load_address>0x5384</load_address>
         <run_address>0x5384</run_address>
         <size>0x62</size>
         <input_file_ref idref="fl-d"/>
      </object_component>
      <object_component id="oc-3a9">
         <name>.text:TimerConfigure</name>
         <load_address>0x53e8</load_address>
         <run_address>0x53e8</run_address>
         <size>0x60</size>
         <input_file_ref idref="fl-180"/>
      </object_component>
      <object_component id="oc-d8">
         <name>.text:main</name>
         <load_address>0x5448</load_address>
         <run_address>0x5448</run_address>
         <size>0x60</size>
         <input_file_ref idref="fl-3"/>
      </object_component>
      <object_component id="oc-38b">
         <name>.text:playSong</name>
         <load_address>0x54a8</load_address>
         <run_address>0x54a8</run_address>
         <size>0x60</size>
         <input_file_ref idref="fl-2"/>
      </object_component>
      <object_component id="oc-2eb">
         <name>.text:prvInitialiseTaskLists</name>
         <load_address>0x5508</load_address>
         <run_address>0x5508</run_address>
         <size>0x60</size>
         <input_file_ref idref="fl-e"/>
      </object_component>
      <object_component id="oc-42d">
         <name>.text</name>
         <load_address>0x5568</load_address>
         <run_address>0x5568</run_address>
         <size>0x60</size>
         <input_file_ref idref="fl-147"/>
      </object_component>
      <object_component id="oc-15f">
         <name>.text:vTaskStartScheduler</name>
         <load_address>0x55c8</load_address>
         <run_address>0x55c8</run_address>
         <size>0x60</size>
         <input_file_ref idref="fl-e"/>
      </object_component>
      <object_component id="oc-207">
         <name>.text:Lcd_Init</name>
         <load_address>0x5628</load_address>
         <run_address>0x5628</run_address>
         <size>0x5e</size>
         <input_file_ref idref="fl-6"/>
      </object_component>
      <object_component id="oc-1d8">
         <name>.text:InitI2C0</name>
         <load_address>0x5688</load_address>
         <run_address>0x5688</run_address>
         <size>0x5c</size>
         <input_file_ref idref="fl-4"/>
      </object_component>
      <object_component id="oc-425">
         <name>.text:Lcd_Write_Char</name>
         <load_address>0x56e4</load_address>
         <run_address>0x56e4</run_address>
         <size>0x5c</size>
         <input_file_ref idref="fl-6"/>
      </object_component>
      <object_component id="oc-2fe">
         <name>.text:vTaskDelay</name>
         <load_address>0x5740</load_address>
         <run_address>0x5740</run_address>
         <size>0x5c</size>
         <input_file_ref idref="fl-e"/>
      </object_component>
      <object_component id="oc-550">
         <name>.text:xQueueGenericSendFromISR</name>
         <load_address>0x579c</load_address>
         <run_address>0x579c</run_address>
         <size>0x5c</size>
         <input_file_ref idref="fl-d"/>
      </object_component>
      <object_component id="oc-147">
         <name>.text:I2cTempTaskInit</name>
         <load_address>0x57f8</load_address>
         <run_address>0x57f8</run_address>
         <size>0x58</size>
         <input_file_ref idref="fl-4"/>
      </object_component>
      <object_component id="oc-49c">
         <name>.text:prvCheckTasksWaitingTermination</name>
         <load_address>0x5850</load_address>
         <run_address>0x5850</run_address>
         <size>0x58</size>
         <input_file_ref idref="fl-e"/>
      </object_component>
      <object_component id="oc-478">
         <name>.text:xQueueGiveFromISR</name>
         <load_address>0x58a8</load_address>
         <run_address>0x58a8</run_address>
         <size>0x56</size>
         <input_file_ref idref="fl-d"/>
      </object_component>
      <object_component id="oc-39b">
         <name>.text:Lcd_Port</name>
         <load_address>0x5900</load_address>
         <run_address>0x5900</run_address>
         <size>0x54</size>
         <input_file_ref idref="fl-6"/>
      </object_component>
      <object_component id="oc-2df">
         <name>.text:prvInitialiseTCBVariables</name>
         <load_address>0x5954</load_address>
         <run_address>0x5954</run_address>
         <size>0x54</size>
         <input_file_ref idref="fl-e"/>
      </object_component>
      <object_component id="oc-5b2">
         <name>.text</name>
         <load_address>0x59a8</load_address>
         <run_address>0x59a8</run_address>
         <size>0x54</size>
         <input_file_ref idref="fl-15f"/>
      </object_component>
      <object_component id="oc-3d4">
         <name>.text:xTaskCheckForTimeOut</name>
         <load_address>0x59fc</load_address>
         <run_address>0x59fc</run_address>
         <size>0x54</size>
         <input_file_ref idref="fl-e"/>
      </object_component>
      <object_component id="oc-5c8">
         <name>.text</name>
         <load_address>0x5a50</load_address>
         <run_address>0x5a50</run_address>
         <size>0x52</size>
         <input_file_ref idref="fl-15d"/>
      </object_component>
      <object_component id="oc-1de">
         <name>.text:I2C_write8BitRegister</name>
         <load_address>0x5aa4</load_address>
         <run_address>0x5aa4</run_address>
         <size>0x50</size>
         <input_file_ref idref="fl-4"/>
      </object_component>
      <object_component id="oc-312">
         <name>.text:SysCtlPeripheralReset</name>
         <load_address>0x5af4</load_address>
         <run_address>0x5af4</run_address>
         <size>0x50</size>
         <input_file_ref idref="fl-17f"/>
      </object_component>
      <object_component id="oc-24">
         <name>.text</name>
         <load_address>0x5b44</load_address>
         <run_address>0x5b44</run_address>
         <size>0x50</size>
         <input_file_ref idref="fl-13a"/>
      </object_component>
      <object_component id="oc-3c7">
         <name>.text:timer_count_time</name>
         <load_address>0x5b94</load_address>
         <run_address>0x5b94</run_address>
         <size>0x50</size>
         <input_file_ref idref="fl-8"/>
      </object_component>
      <object_component id="oc-330">
         <name>.text:I2CMasterInitExpClk</name>
         <load_address>0x5be4</load_address>
         <run_address>0x5be4</run_address>
         <size>0x4c</size>
         <input_file_ref idref="fl-17c"/>
      </object_component>
      <object_component id="oc-213">
         <name>.text:Timer0A_Init</name>
         <load_address>0x5c30</load_address>
         <run_address>0x5c30</run_address>
         <size>0x4c</size>
         <input_file_ref idref="fl-8"/>
      </object_component>
      <object_component id="oc-23b">
         <name>.text:UART_Init</name>
         <load_address>0x5c7c</load_address>
         <run_address>0x5c7c</run_address>
         <size>0x4c</size>
         <input_file_ref idref="fl-9"/>
      </object_component>
      <object_component id="oc-542">
         <name>.text:_TimerIntNumberGet</name>
         <load_address>0x5cc8</load_address>
         <run_address>0x5cc8</run_address>
         <size>0x4c</size>
         <input_file_ref idref="fl-180"/>
      </object_component>
      <object_component id="oc-4e5">
         <name>.text:prvAddCurrentTaskToDelayedList</name>
         <load_address>0x5d14</load_address>
         <run_address>0x5d14</run_address>
         <size>0x4c</size>
         <input_file_ref idref="fl-e"/>
      </object_component>
      <object_component id="oc-5da">
         <name>.text</name>
         <load_address>0x5d60</load_address>
         <run_address>0x5d60</run_address>
         <size>0x4c</size>
         <input_file_ref idref="fl-14e"/>
      </object_component>
      <object_component id="oc-d0">
         <name>.text</name>
         <load_address>0x5dac</load_address>
         <run_address>0x5dac</run_address>
         <size>0x4c</size>
         <input_file_ref idref="fl-150"/>
      </object_component>
      <object_component id="oc-318">
         <name>.text:GPIOPinConfigure</name>
         <load_address>0x5df8</load_address>
         <run_address>0x5df8</run_address>
         <size>0x48</size>
         <input_file_ref idref="fl-17b"/>
      </object_component>
      <object_component id="oc-5ad">
         <name>.text</name>
         <load_address>0x5e40</load_address>
         <run_address>0x5e40</run_address>
         <size>0x48</size>
         <input_file_ref idref="fl-157"/>
      </object_component>
      <object_component id="oc-446">
         <name>.text:UARTConfigSetExpClk</name>
         <load_address>0x5e88</load_address>
         <run_address>0x5e88</run_address>
         <size>0x46</size>
         <input_file_ref idref="fl-181"/>
      </object_component>
      <object_component id="oc-25f">
         <name>.text:UARTIntHandler</name>
         <load_address>0x5ed0</load_address>
         <run_address>0x5ed0</run_address>
         <size>0x44</size>
         <input_file_ref idref="fl-9"/>
      </object_component>
      <object_component id="oc-8a">
         <name>.text</name>
         <load_address>0x5f14</load_address>
         <run_address>0x5f14</run_address>
         <size>0x44</size>
         <input_file_ref idref="fl-13e"/>
      </object_component>
      <object_component id="oc-4bb">
         <name>.text:vPortFree</name>
         <load_address>0x5f58</load_address>
         <run_address>0x5f58</run_address>
         <size>0x44</size>
         <input_file_ref idref="fl-11"/>
      </object_component>
      <object_component id="oc-1d1">
         <name>.text:KeypadTask</name>
         <load_address>0x5f9c</load_address>
         <run_address>0x5f9c</run_address>
         <size>0x40</size>
         <input_file_ref idref="fl-5"/>
      </object_component>
      <object_component id="oc-3a1">
         <name>.text:Lcd_Cmd</name>
         <load_address>0x5fdc</load_address>
         <run_address>0x5fdc</run_address>
         <size>0x40</size>
         <input_file_ref idref="fl-6"/>
      </object_component>
      <object_component id="oc-45d">
         <name>.text:_UARTIntNumberGet</name>
         <load_address>0x601c</load_address>
         <run_address>0x601c</run_address>
         <size>0x40</size>
         <input_file_ref idref="fl-181"/>
      </object_component>
      <object_component id="oc-7a3">
         <name>.text</name>
         <load_address>0x605c</load_address>
         <run_address>0x605c</run_address>
         <size>0x40</size>
         <input_file_ref idref="fl-174"/>
      </object_component>
      <object_component id="oc-26c">
         <name>.text:xPortStartScheduler</name>
         <load_address>0x609c</load_address>
         <run_address>0x609c</run_address>
         <size>0x40</size>
         <input_file_ref idref="fl-f"/>
      </object_component>
      <object_component id="oc-1c5">
         <name>.text:GPIO_Keypad_Init</name>
         <load_address>0x60dc</load_address>
         <run_address>0x60dc</run_address>
         <size>0x3c</size>
         <input_file_ref idref="fl-5"/>
      </object_component>
      <object_component id="oc-13b">
         <name>.text:xQueueGenericCreate</name>
         <load_address>0x6118</load_address>
         <run_address>0x6118</run_address>
         <size>0x3c</size>
         <input_file_ref idref="fl-d"/>
      </object_component>
      <object_component id="oc-2d9">
         <name>.text:prvAllocateTCBAndStack</name>
         <load_address>0x6154</load_address>
         <run_address>0x6154</run_address>
         <size>0x3a</size>
         <input_file_ref idref="fl-e"/>
      </object_component>
      <object_component id="oc-14d">
         <name>.text:BuzzerTaskInit</name>
         <load_address>0x6190</load_address>
         <run_address>0x6190</run_address>
         <size>0x38</size>
         <input_file_ref idref="fl-2"/>
      </object_component>
      <object_component id="oc-141">
         <name>.text:KeypadTaskInit</name>
         <load_address>0x61c8</load_address>
         <run_address>0x61c8</run_address>
         <size>0x38</size>
         <input_file_ref idref="fl-5"/>
      </object_component>
      <object_component id="oc-35a">
         <name>.text:SysCtlPeripheralReady</name>
         <load_address>0x6200</load_address>
         <run_address>0x6200</run_address>
         <size>0x38</size>
         <input_file_ref idref="fl-17f"/>
      </object_component>
      <object_component id="oc-600">
         <name>.text</name>
         <load_address>0x6238</load_address>
         <run_address>0x6238</run_address>
         <size>0x38</size>
         <input_file_ref idref="fl-140"/>
      </object_component>
      <object_component id="oc-564">
         <name>.text:vListInsert</name>
         <load_address>0x6270</load_address>
         <run_address>0x6270</run_address>
         <size>0x38</size>
         <input_file_ref idref="fl-c"/>
      </object_component>
      <object_component id="oc-463">
         <name>.text:IntRegister</name>
         <load_address>0x62a8</load_address>
         <run_address>0x62a8</run_address>
         <size>0x34</size>
         <input_file_ref idref="fl-17d"/>
      </object_component>
      <object_component id="oc-1fb">
         <name>.text:SysCtlPeripheralEnable</name>
         <load_address>0x62dc</load_address>
         <run_address>0x62dc</run_address>
         <size>0x34</size>
         <input_file_ref idref="fl-17f"/>
      </object_component>
      <object_component id="oc-72f">
         <name>.text</name>
         <load_address>0x6310</load_address>
         <run_address>0x6310</run_address>
         <size>0x34</size>
         <input_file_ref idref="fl-16f"/>
      </object_component>
      <object_component id="oc-1f4">
         <name>.text:BuzzerTask</name>
         <load_address>0x6344</load_address>
         <run_address>0x6344</run_address>
         <size>0x30</size>
         <input_file_ref idref="fl-2"/>
      </object_component>
      <object_component id="oc-298">
         <name>.text:prvHeapInit</name>
         <load_address>0x6374</load_address>
         <run_address>0x6374</run_address>
         <size>0x30</size>
         <input_file_ref idref="fl-11"/>
      </object_component>
      <object_component id="oc-689">
         <name>.text</name>
         <load_address>0x63a4</load_address>
         <run_address>0x63a4</run_address>
         <size>0x30</size>
         <input_file_ref idref="fl-165"/>
      </object_component>
      <object_component id="oc-6ba">
         <name>.text</name>
         <load_address>0x63d4</load_address>
         <run_address>0x63d4</run_address>
         <size>0x30</size>
         <input_file_ref idref="fl-16b"/>
      </object_component>
      <object_component id="oc-5b8">
         <name>.text</name>
         <load_address>0x6404</load_address>
         <run_address>0x6404</run_address>
         <size>0x2e</size>
         <input_file_ref idref="fl-15c"/>
      </object_component>
      <object_component id="oc-77f">
         <name>.text</name>
         <load_address>0x6432</load_address>
         <run_address>0x6432</run_address>
         <size>0x2e</size>
         <input_file_ref idref="fl-172"/>
      </object_component>
      <object_component id="oc-4a">
         <name>.text:xPortSysTickHandler</name>
         <load_address>0x6460</load_address>
         <run_address>0x6460</run_address>
         <size>0x2c</size>
         <input_file_ref idref="fl-f"/>
      </object_component>
      <object_component id="oc-393">
         <name>.text:GPIODirModeSet</name>
         <load_address>0x648c</load_address>
         <run_address>0x648c</run_address>
         <size>0x2a</size>
         <input_file_ref idref="fl-17b"/>
      </object_component>
      <object_component id="oc-5c2">
         <name>.text</name>
         <load_address>0x64b6</load_address>
         <run_address>0x64b6</run_address>
         <size>0x2a</size>
         <input_file_ref idref="fl-15a"/>
      </object_component>
      <object_component id="oc-10d">
         <name>.text:prvResetNextTaskUnblockTime</name>
         <load_address>0x64e0</load_address>
         <run_address>0x64e0</run_address>
         <size>0x28</size>
         <input_file_ref idref="fl-e"/>
      </object_component>
      <object_component id="oc-2e5">
         <name>.text:pxPortInitialiseStack</name>
         <load_address>0x6508</load_address>
         <run_address>0x6508</run_address>
         <size>0x28</size>
         <input_file_ref idref="fl-f"/>
      </object_component>
      <object_component id="oc-528">
         <name>.text:prvCopyDataFromQueue</name>
         <load_address>0x6530</load_address>
         <run_address>0x6530</run_address>
         <size>0x26</size>
         <input_file_ref idref="fl-d"/>
      </object_component>
      <object_component id="oc-24d">
         <name>.text:IntPrioritySet</name>
         <load_address>0x6558</load_address>
         <run_address>0x6558</run_address>
         <size>0x24</size>
         <input_file_ref idref="fl-17d"/>
      </object_component>
      <object_component id="oc-41f">
         <name>.text:Lcd_Set_Cursor</name>
         <load_address>0x657c</load_address>
         <run_address>0x657c</run_address>
         <size>0x22</size>
         <input_file_ref idref="fl-6"/>
      </object_component>
      <object_component id="oc-366">
         <name>.text:PWMGenConfigure</name>
         <load_address>0x659e</load_address>
         <run_address>0x659e</run_address>
         <size>0x22</size>
         <input_file_ref idref="fl-17e"/>
      </object_component>
      <object_component id="oc-613">
         <name>.text:UARTDisable</name>
         <load_address>0x65c0</load_address>
         <run_address>0x65c0</run_address>
         <size>0x20</size>
         <input_file_ref idref="fl-181"/>
      </object_component>
      <object_component id="oc-58c">
         <name>.text</name>
         <load_address>0x65e0</load_address>
         <run_address>0x65e0</run_address>
         <size>0x20</size>
         <input_file_ref idref="fl-161"/>
      </object_component>
      <object_component id="oc-113">
         <name>.text:uxListRemove</name>
         <load_address>0x6600</load_address>
         <run_address>0x6600</run_address>
         <size>0x20</size>
         <input_file_ref idref="fl-c"/>
      </object_component>
      <object_component id="oc-372">
         <name>.text:PWMPulseWidthSet</name>
         <load_address>0x6620</load_address>
         <run_address>0x6620</run_address>
         <size>0x1e</size>
         <input_file_ref idref="fl-17e"/>
      </object_component>
      <object_component id="oc-3e0">
         <name>.text:prvIsQueueFull</name>
         <load_address>0x663e</load_address>
         <run_address>0x663e</run_address>
         <size>0x1c</size>
         <input_file_ref idref="fl-d"/>
      </object_component>
      <object_component id="oc-5d4">
         <name>.text</name>
         <load_address>0x665a</load_address>
         <run_address>0x665a</run_address>
         <size>0x1c</size>
         <input_file_ref idref="fl-160"/>
      </object_component>
      <object_component id="oc-2ac">
         <name>.text:vPortEnterCritical</name>
         <load_address>0x6678</load_address>
         <run_address>0x6678</run_address>
         <size>0x1c</size>
         <input_file_ref idref="fl-f"/>
      </object_component>
      <object_component id="oc-51c">
         <name>.text:prvIsQueueEmpty</name>
         <load_address>0x6694</load_address>
         <run_address>0x6694</run_address>
         <size>0x1a</size>
         <input_file_ref idref="fl-d"/>
      </object_component>
      <object_component id="oc-201">
         <name>.text:GPIOPinTypeGPIOOutput</name>
         <load_address>0x66ae</load_address>
         <run_address>0x66ae</run_address>
         <size>0x18</size>
         <input_file_ref idref="fl-17b"/>
      </object_component>
      <object_component id="oc-3bb">
         <name>.text:TimerIntRegister</name>
         <load_address>0x66c6</load_address>
         <run_address>0x66c6</run_address>
         <size>0x18</size>
         <input_file_ref idref="fl-180"/>
      </object_component>
      <object_component id="oc-253">
         <name>.text:UARTIntRegister</name>
         <load_address>0x66de</load_address>
         <run_address>0x66de</run_address>
         <size>0x18</size>
         <input_file_ref idref="fl-181"/>
      </object_component>
      <object_component id="oc-52e">
         <name>.text:pvTaskIncrementMutexHeldCount</name>
         <load_address>0x66f8</load_address>
         <run_address>0x66f8</run_address>
         <size>0x18</size>
         <input_file_ref idref="fl-e"/>
      </object_component>
      <object_component id="oc-84">
         <name>.text</name>
         <load_address>0x6710</load_address>
         <run_address>0x6710</run_address>
         <size>0x18</size>
         <input_file_ref idref="fl-14d"/>
      </object_component>
      <object_component id="oc-683">
         <name>.text</name>
         <load_address>0x6728</load_address>
         <run_address>0x6728</run_address>
         <size>0x18</size>
         <input_file_ref idref="fl-163"/>
      </object_component>
      <object_component id="oc-119">
         <name>.text:vListInsertEnd</name>
         <load_address>0x6740</load_address>
         <run_address>0x6740</run_address>
         <size>0x18</size>
         <input_file_ref idref="fl-c"/>
      </object_component>
      <object_component id="oc-2be">
         <name>.text:vPortExitCritical</name>
         <load_address>0x6758</load_address>
         <run_address>0x6758</run_address>
         <size>0x18</size>
         <input_file_ref idref="fl-f"/>
      </object_component>
      <object_component id="oc-3ce">
         <name>.text:vTaskSetTimeOutState</name>
         <load_address>0x6770</load_address>
         <run_address>0x6770</run_address>
         <size>0x18</size>
         <input_file_ref idref="fl-e"/>
      </object_component>
      <object_component id="oc-5ce">
         <name>.text</name>
         <load_address>0x6788</load_address>
         <run_address>0x6788</run_address>
         <size>0x16</size>
         <input_file_ref idref="fl-162"/>
      </object_component>
      <object_component id="oc-2b8">
         <name>.text:vListInitialise</name>
         <load_address>0x679e</load_address>
         <run_address>0x679e</run_address>
         <size>0x16</size>
         <input_file_ref idref="fl-c"/>
      </object_component>
      <object_component id="oc-419">
         <name>.text:Lcd_Write_String</name>
         <load_address>0x67b4</load_address>
         <run_address>0x67b4</run_address>
         <size>0x14</size>
         <input_file_ref idref="fl-6"/>
      </object_component>
      <object_component id="oc-619">
         <name>.text:UARTEnable</name>
         <load_address>0x67c8</load_address>
         <run_address>0x67c8</run_address>
         <size>0x14</size>
         <input_file_ref idref="fl-181"/>
      </object_component>
      <object_component id="oc-171">
         <name>.text</name>
         <load_address>0x67dc</load_address>
         <run_address>0x67dc</run_address>
         <size>0x14</size>
         <input_file_ref idref="fl-14b"/>
      </object_component>
      <object_component id="oc-763">
         <name>.text</name>
         <load_address>0x67f0</load_address>
         <run_address>0x67f0</run_address>
         <size>0x14</size>
         <input_file_ref idref="fl-175"/>
      </object_component>
      <object_component id="oc-586">
         <name>.text</name>
         <load_address>0x6804</load_address>
         <run_address>0x6804</run_address>
         <size>0x14</size>
         <input_file_ref idref="fl-164"/>
      </object_component>
      <object_component id="oc-485">
         <name>.text:uxQueueSpacesAvailable</name>
         <load_address>0x6818</load_address>
         <run_address>0x6818</run_address>
         <size>0x14</size>
         <input_file_ref idref="fl-d"/>
      </object_component>
      <object_component id="oc-492">
         <name>.text:vPortSetupTimerInterrupt</name>
         <load_address>0x682c</load_address>
         <run_address>0x682c</run_address>
         <size>0x14</size>
         <input_file_ref idref="fl-f"/>
      </object_component>
      <object_component id="oc-2cc">
         <name>.text:GPIOPinTypeGPIOInput</name>
         <load_address>0x6840</load_address>
         <run_address>0x6840</run_address>
         <size>0x12</size>
         <input_file_ref idref="fl-17b"/>
      </object_component>
      <object_component id="oc-324">
         <name>.text:GPIOPinTypeI2C</name>
         <load_address>0x6852</load_address>
         <run_address>0x6852</run_address>
         <size>0x12</size>
         <input_file_ref idref="fl-17b"/>
      </object_component>
      <object_component id="oc-31e">
         <name>.text:GPIOPinTypeI2CSCL</name>
         <load_address>0x6864</load_address>
         <run_address>0x6864</run_address>
         <size>0x12</size>
         <input_file_ref idref="fl-17b"/>
      </object_component>
      <object_component id="oc-360">
         <name>.text:GPIOPinTypePWM</name>
         <load_address>0x6876</load_address>
         <run_address>0x6876</run_address>
         <size>0x12</size>
         <input_file_ref idref="fl-17b"/>
      </object_component>
      <object_component id="oc-440">
         <name>.text:GPIOPinTypeUART</name>
         <load_address>0x6888</load_address>
         <run_address>0x6888</run_address>
         <size>0x12</size>
         <input_file_ref idref="fl-17b"/>
      </object_component>
      <object_component id="oc-37e">
         <name>.text:PWMOutputState</name>
         <load_address>0x689a</load_address>
         <run_address>0x689a</run_address>
         <size>0x12</size>
         <input_file_ref idref="fl-17e"/>
      </object_component>
      <object_component id="oc-3b5">
         <name>.text:TimerLoadSet</name>
         <load_address>0x68ac</load_address>
         <run_address>0x68ac</run_address>
         <size>0x12</size>
         <input_file_ref idref="fl-180"/>
      </object_component>
      <object_component id="oc-63d">
         <name>.text:prvDeleteTCB</name>
         <load_address>0x68be</load_address>
         <run_address>0x68be</run_address>
         <size>0x12</size>
         <input_file_ref idref="fl-e"/>
      </object_component>
      <object_component id="oc-241">
         <name>.text:IntMasterEnable</name>
         <load_address>0x68d0</load_address>
         <run_address>0x68d0</run_address>
         <size>0x10</size>
         <input_file_ref idref="fl-17d"/>
      </object_component>
      <object_component id="oc-20d">
         <name>.text:Lcd_Clear</name>
         <load_address>0x68e0</load_address>
         <run_address>0x68e0</run_address>
         <size>0x10</size>
         <input_file_ref idref="fl-6"/>
      </object_component>
      <object_component id="oc-439">
         <name>.text:Lcd_Shift_Left</name>
         <load_address>0x68f0</load_address>
         <run_address>0x68f0</run_address>
         <size>0x10</size>
         <input_file_ref idref="fl-6"/>
      </object_component>
      <object_component id="oc-36c">
         <name>.text:PWMGenPeriodSet</name>
         <load_address>0x6900</load_address>
         <run_address>0x6900</run_address>
         <size>0x10</size>
         <input_file_ref idref="fl-17e"/>
      </object_component>
      <object_component id="oc-4c9">
         <name>.text:prvTaskExitError</name>
         <load_address>0x6910</load_address>
         <run_address>0x6910</run_address>
         <size>0x10</size>
         <input_file_ref idref="fl-f"/>
      </object_component>
      <object_component id="oc-292">
         <name>.text:vTaskSuspendAll</name>
         <load_address>0x6920</load_address>
         <run_address>0x6920</run_address>
         <size>0x10</size>
         <input_file_ref idref="fl-e"/>
      </object_component>
      <object_component id="oc-3af">
         <name>.text:TimerEnable</name>
         <load_address>0x6930</load_address>
         <run_address>0x6930</run_address>
         <size>0xe</size>
         <input_file_ref idref="fl-180"/>
      </object_component>
      <object_component id="oc-48b">
         <name>.text:UARTCharsAvail</name>
         <load_address>0x693e</load_address>
         <run_address>0x693e</run_address>
         <size>0xe</size>
         <input_file_ref idref="fl-181"/>
      </object_component>
      <object_component id="oc-12">
         <name>.text:decompress:none</name>
         <load_address>0x694c</load_address>
         <run_address>0x694c</run_address>
         <size>0xe</size>
         <input_file_ref idref="fl-13b"/>
      </object_component>
      <object_component id="oc-44d">
         <name>.text:CPUcpsie</name>
         <load_address>0x695a</load_address>
         <run_address>0x695a</run_address>
         <size>0xc</size>
         <input_file_ref idref="fl-182"/>
      </object_component>
      <object_component id="oc-378">
         <name>.text:PWMGenEnable</name>
         <load_address>0x6966</load_address>
         <run_address>0x6966</run_address>
         <size>0xc</size>
         <input_file_ref idref="fl-17e"/>
      </object_component>
      <object_component id="oc-1e">
         <name>.text:decompress:ZI</name>
         <load_address>0x6972</load_address>
         <run_address>0x6972</run_address>
         <size>0xc</size>
         <input_file_ref idref="fl-13d"/>
      </object_component>
      <object_component id="oc-55c">
         <name>.text:vTaskMissedYield</name>
         <load_address>0x6980</load_address>
         <run_address>0x6980</run_address>
         <size>0xc</size>
         <input_file_ref idref="fl-e"/>
      </object_component>
      <object_component id="oc-2f2">
         <name>.text:xTaskGetTickCount</name>
         <load_address>0x698c</load_address>
         <run_address>0x698c</run_address>
         <size>0xc</size>
         <input_file_ref idref="fl-e"/>
      </object_component>
      <object_component id="oc-501">
         <name>.text:I2CMasterEnable</name>
         <load_address>0x6998</load_address>
         <run_address>0x6998</run_address>
         <size>0xa</size>
         <input_file_ref idref="fl-17c"/>
      </object_component>
      <object_component id="oc-47f">
         <name>.text:UARTCharGet</name>
         <load_address>0x69a2</load_address>
         <run_address>0x69a2</run_address>
         <size>0xa</size>
         <input_file_ref idref="fl-181"/>
      </object_component>
      <object_component id="oc-46c">
         <name>.text:UARTIntStatus</name>
         <load_address>0x69ac</load_address>
         <run_address>0x69ac</run_address>
         <size>0xa</size>
         <input_file_ref idref="fl-181"/>
      </object_component>
      <object_component id="oc-349">
         <name>.text:I2CMasterBusy</name>
         <load_address>0x69b6</load_address>
         <run_address>0x69b6</run_address>
         <size>0x8</size>
         <input_file_ref idref="fl-17c"/>
      </object_component>
      <object_component id="oc-337">
         <name>.text:I2CMasterSlaveAddrSet</name>
         <load_address>0x69be</load_address>
         <run_address>0x69be</run_address>
         <size>0x8</size>
         <input_file_ref idref="fl-17c"/>
      </object_component>
      <object_component id="oc-3c1">
         <name>.text:TimerIntEnable</name>
         <load_address>0x69c6</load_address>
         <run_address>0x69c6</run_address>
         <size>0x8</size>
         <input_file_ref idref="fl-180"/>
      </object_component>
      <object_component id="oc-259">
         <name>.text:UARTIntEnable</name>
         <load_address>0x69ce</load_address>
         <run_address>0x69ce</run_address>
         <size>0x8</size>
         <input_file_ref idref="fl-181"/>
      </object_component>
      <object_component id="oc-272">
         <name>.text:prvIdleTask</name>
         <load_address>0x69d6</load_address>
         <run_address>0x69d6</run_address>
         <size>0x8</size>
         <input_file_ref idref="fl-e"/>
      </object_component>
      <object_component id="oc-4dc">
         <name>.text:GPIOPinRead</name>
         <load_address>0x69de</load_address>
         <run_address>0x69de</run_address>
         <size>0x6</size>
         <input_file_ref idref="fl-17b"/>
      </object_component>
      <object_component id="oc-4d6">
         <name>.text:GPIOPinWrite</name>
         <load_address>0x69e4</load_address>
         <run_address>0x69e4</run_address>
         <size>0x6</size>
         <input_file_ref idref="fl-17b"/>
      </object_component>
      <object_component id="oc-2d">
         <name>.text:ResetISR</name>
         <load_address>0x69ea</load_address>
         <run_address>0x69ea</run_address>
         <size>0x6</size>
         <input_file_ref idref="fl-7"/>
      </object_component>
      <object_component id="oc-1af">
         <name>.text:SysCtlDelay</name>
         <load_address>0x69f0</load_address>
         <run_address>0x69f0</run_address>
         <size>0x6</size>
         <input_file_ref idref="fl-17f"/>
      </object_component>
      <object_component id="oc-18">
         <name>.text:decompress:rle24</name>
         <load_address>0x69f6</load_address>
         <run_address>0x69f6</run_address>
         <size>0x6</size>
         <input_file_ref idref="fl-13c"/>
      </object_component>
      <object_component id="oc-4c2">
         <name>.text:vListInitialiseItem</name>
         <load_address>0x69fc</load_address>
         <run_address>0x69fc</run_address>
         <size>0x6</size>
         <input_file_ref idref="fl-c"/>
      </object_component>
      <object_component id="oc-343">
         <name>.text:I2CMasterControl</name>
         <load_address>0x6a02</load_address>
         <run_address>0x6a02</run_address>
         <size>0x4</size>
         <input_file_ref idref="fl-17c"/>
      </object_component>
      <object_component id="oc-50d">
         <name>.text:I2CMasterDataGet</name>
         <load_address>0x6a06</load_address>
         <run_address>0x6a06</run_address>
         <size>0x4</size>
         <input_file_ref idref="fl-17c"/>
      </object_component>
      <object_component id="oc-33d">
         <name>.text:I2CMasterDataPut</name>
         <load_address>0x6a0a</load_address>
         <run_address>0x6a0a</run_address>
         <size>0x4</size>
         <input_file_ref idref="fl-17c"/>
      </object_component>
      <object_component id="oc-54a">
         <name>.text:TimerIntClear</name>
         <load_address>0x6a0e</load_address>
         <run_address>0x6a0e</run_address>
         <size>0x4</size>
         <input_file_ref idref="fl-180"/>
      </object_component>
      <object_component id="oc-472">
         <name>.text:UARTIntClear</name>
         <load_address>0x6a12</load_address>
         <run_address>0x6a12</run_address>
         <size>0x4</size>
         <input_file_ref idref="fl-181"/>
      </object_component>
      <object_component id="oc-78">
         <name>.text</name>
         <load_address>0x6a16</load_address>
         <run_address>0x6a16</run_address>
         <size>0x4</size>
         <input_file_ref idref="fl-144"/>
      </object_component>
      <object_component id="oc-6c6">
         <name>.const:.string:_ctypes_</name>
         <load_address>0x6a1c</load_address>
         <run_address>0x6a1c</run_address>
         <size>0x101</size>
         <input_file_ref idref="fl-151"/>
      </object_component>
      <object_component id="oc-459">
         <name>.const:g_pui32Regs</name>
         <load_address>0x6b20</load_address>
         <run_address>0x6b20</run_address>
         <size>0x9c</size>
         <input_file_ref idref="fl-17d"/>
      </object_component>
      <object_component id="oc-4f7">
         <name>.const:g_pui32GPIOBaseAddrs</name>
         <load_address>0x6bbc</load_address>
         <run_address>0x6bbc</run_address>
         <size>0x90</size>
         <input_file_ref idref="fl-17b"/>
      </object_component>
      <object_component id="oc-454">
         <name>.const</name>
         <load_address>0x6c4c</load_address>
         <run_address>0x6c4c</run_address>
         <size>0x70</size>
         <input_file_ref idref="fl-17d"/>
      </object_component>
      <object_component id="oc-4fd">
         <name>.const:g_pui32Xtals</name>
         <load_address>0x6cbc</load_address>
         <run_address>0x6cbc</run_address>
         <size>0x6c</size>
         <input_file_ref idref="fl-17f"/>
      </object_component>
      <object_component id="oc-662">
         <name>.const:g_ppui32TimerIntMap</name>
         <load_address>0x6d28</load_address>
         <run_address>0x6d28</run_address>
         <size>0x60</size>
         <input_file_ref idref="fl-180"/>
      </object_component>
      <object_component id="oc-665">
         <name>.const:g_ppui32TimerIntMapSnowflake</name>
         <load_address>0x6d88</load_address>
         <run_address>0x6d88</run_address>
         <size>0x40</size>
         <input_file_ref idref="fl-180"/>
      </object_component>
      <object_component id="oc-627">
         <name>.const:g_ppui32UARTIntMap</name>
         <load_address>0x6dc8</load_address>
         <run_address>0x6dc8</run_address>
         <size>0x40</size>
         <input_file_ref idref="fl-181"/>
      </object_component>
      <object_component id="oc-62a">
         <name>.const:g_ppui32UARTIntMapSnowflake</name>
         <load_address>0x6e08</load_address>
         <run_address>0x6e08</run_address>
         <size>0x40</size>
         <input_file_ref idref="fl-181"/>
      </object_component>
      <object_component id="oc-744">
         <name>.const</name>
         <load_address>0x6e48</load_address>
         <run_address>0x6e48</run_address>
         <size>0x30</size>
         <input_file_ref idref="fl-14a"/>
      </object_component>
      <object_component id="oc-535">
         <name>.const</name>
         <load_address>0x6e78</load_address>
         <run_address>0x6e78</run_address>
         <size>0x20</size>
         <input_file_ref idref="fl-2"/>
      </object_component>
      <object_component id="oc-4f1">
         <name>.const</name>
         <load_address>0x6e98</load_address>
         <run_address>0x6e98</run_address>
         <size>0x10</size>
         <input_file_ref idref="fl-5"/>
      </object_component>
      <object_component id="oc-9f">
         <name>.const</name>
         <load_address>0x6ea8</load_address>
         <run_address>0x6ea8</run_address>
         <size>0x4</size>
         <input_file_ref idref="fl-f"/>
      </object_component>
      <object_component id="oc-7f4">
         <name>.cinit..data.load</name>
         <load_address>0x6eb0</load_address>
         <run_address>0x6eb0</run_address>
         <size>0xc6</size>
      </object_component>
      <object_component id="oc-7f1">
         <name>__TI_handler_table</name>
         <load_address>0x6f78</load_address>
         <run_address>0x6f78</run_address>
         <size>0xc</size>
      </object_component>
      <object_component id="oc-7f5">
         <name>.cinit..bss.load</name>
         <load_address>0x6f88</load_address>
         <run_address>0x6f88</run_address>
         <size>0x8</size>
      </object_component>
      <object_component id="oc-7f3">
         <name>.cinit..vtable.load</name>
         <load_address>0x6f90</load_address>
         <run_address>0x6f90</run_address>
         <size>0x8</size>
      </object_component>
      <object_component id="oc-7f2">
         <name>__TI_cinit_table</name>
         <load_address>0x6f98</load_address>
         <run_address>0x6f98</run_address>
         <size>0x18</size>
      </object_component>
      <object_component id="oc-62e">
         <name>.vtable</name>
         <uninitialized>true</uninitialized>
         <run_address>0x20000000</run_address>
         <size>0x26c</size>
         <input_file_ref idref="fl-17d"/>
      </object_component>
      <object_component id="oc-2a">
         <name>.sysmem</name>
         <uninitialized>true</uninitialized>
         <run_address>0x200059d8</run_address>
         <size>0x8</size>
         <input_file_ref idref="fl-178"/>
      </object_component>
      <object_component id="oc-7f7">
         <name>.sysmem</name>
         <uninitialized>true</uninitialized>
         <run_address>0x200059d8</run_address>
         <size>0x0</size>
      </object_component>
      <object_component id="oc-29">
         <name>.stack</name>
         <uninitialized>true</uninitialized>
         <run_address>0x200057d8</run_address>
         <size>0x0</size>
         <input_file_ref idref="fl-13a"/>
      </object_component>
      <object_component id="oc-7f6">
         <name>.stack</name>
         <uninitialized>true</uninitialized>
         <run_address>0x200057d8</run_address>
         <size>0x0</size>
      </object_component>
      <object_component id="oc-109">
         <name>.bss:pxReadyTasksLists</name>
         <uninitialized>true</uninitialized>
         <run_address>0x2000508c</run_address>
         <size>0x140</size>
         <input_file_ref idref="fl-e"/>
      </object_component>
      <object_component id="oc-4a6">
         <name>.bss:ucHeap</name>
[...]
         <name>putchar</name>
         <value>0x47c9</value>
         <object_component_ref idref="oc-3f3"/>
      </symbol>
      <symbol id="sm-aaa">
         <name>puts</name>
         <value>0x34e1</value>
         <object_component_ref idref="oc-3f9"/>
      </symbol>
      <symbol id="sm-aab">
         <name>fputs</name>
         <value>0x33d5</value>
         <object_component_ref idref="oc-3f9"/>
      </symbol>
      <symbol id="sm-ab8">
         <name>frexp</name>
         <value>0x64b7</value>
         <object_component_ref idref="oc-5c2"/>
      </symbol>
      <symbol id="sm-ac5">
         <name>__aeabi_i2d</name>
         <value>0x6405</value>
         <object_component_ref idref="oc-5b8"/>
      </symbol>
      <symbol id="sm-ad6">
         <name>ldexp</name>
         <value>0x5a51</value>
         <object_component_ref idref="oc-5c8"/>
      </symbol>
      <symbol id="sm-b28">
         <name>open</name>
         <value>0x25ab</value>
         <object_component_ref idref="oc-57e"/>
      </symbol>
      <symbol id="sm-b29">
         <name>add_device</name>
         <value>0x26cd</value>
         <object_component_ref idref="oc-57e"/>
      </symbol>
      <symbol id="sm-b2a">
         <name>remove_device</name>
         <value>0x255f</value>
         <object_component_ref idref="oc-57e"/>
      </symbol>
      <symbol id="sm-b2b">
         <name>lseek</name>
         <value>0x2659</value>
         <object_component_ref idref="oc-57e"/>
      </symbol>
      <symbol id="sm-b2c">
         <name>read</name>
         <value>0x2587</value>
         <object_component_ref idref="oc-57e"/>
      </symbol>
      <symbol id="sm-b2d">
         <name>rename</name>
         <value>0x2521</value>
         <object_component_ref idref="oc-57e"/>
      </symbol>
      <symbol id="sm-b2e">
         <name>write</name>
         <value>0x246d</value>
         <object_component_ref idref="oc-57e"/>
      </symbol>
      <symbol id="sm-b2f">
         <name>close</name>
         <value>0x267d</value>
         <object_component_ref idref="oc-57e"/>
      </symbol>
      <symbol id="sm-b30">
         <name>unlink</name>
         <value>0x24fd</value>
         <object_component_ref idref="oc-57e"/>
      </symbol>
      <symbol id="sm-b3f">
         <name>ltoa</name>
         <value>0x59a9</value>
         <object_component_ref idref="oc-5b2"/>
      </symbol>
      <symbol id="sm-b4f">
         <name>memccpy</name>
         <value>0x665b</value>
         <object_component_ref idref="oc-5d4"/>
      </symbol>
      <symbol id="sm-b5f">
         <name>memchr</name>
         <value>0x65e1</value>
         <object_component_ref idref="oc-58c"/>
      </symbol>
      <symbol id="sm-b6f">
         <name>strchr</name>
         <value>0x6789</value>
         <object_component_ref idref="oc-5ce"/>
      </symbol>
      <symbol id="sm-b7e">
         <name>strcmp</name>
         <value>0x6729</value>
         <object_component_ref idref="oc-683"/>
      </symbol>
      <symbol id="sm-b8c">
         <name>strlen</name>
         <value>0x6805</value>
         <object_component_ref idref="oc-586"/>
      </symbol>
      <symbol id="sm-b9c">
         <name>strncpy</name>
         <value>0x63a5</value>
         <object_component_ref idref="oc-689"/>
      </symbol>
      <symbol id="sm-bbd">
         <name>HOSTgetenv</name>
         <value>0x298f</value>
         <object_component_ref idref="oc-70b"/>
      </symbol>
      <symbol id="sm-bbe">
         <name>HOSTrename</name>
         <value>0x2837</value>
         <object_component_ref idref="oc-70b"/>
      </symbol>
      <symbol id="sm-bbf">
         <name>HOSTclose</name>
         <value>0x29cd</value>
         <object_component_ref idref="oc-70b"/>
      </symbol>
      <symbol id="sm-bc0">
         <name>HOSTunlink</name>
         <value>0x27c5</value>
         <object_component_ref idref="oc-70b"/>
      </symbol>
      <symbol id="sm-bc1">
         <name>HOSTlseek</name>
         <value>0x2933</value>
         <object_component_ref idref="oc-70b"/>
      </symbol>
      <symbol id="sm-bc2">
         <name>HOSTopen</name>
         <value>0x28e1</value>
         <object_component_ref idref="oc-70b"/>
      </symbol>
      <symbol id="sm-bc3">
         <name>HOSTclock</name>
         <value>0x2a05</value>
         <object_component_ref idref="oc-70b"/>
      </symbol>
      <symbol id="sm-bc4">
         <name>HOSTwrite</name>
         <value>0x2779</value>
         <object_component_ref idref="oc-70b"/>
      </symbol>
      <symbol id="sm-bc5">
         <name>HOSTread</name>
         <value>0x2895</value>
         <object_component_ref idref="oc-70b"/>
      </symbol>
      <symbol id="sm-bc6">
         <name>HOSTtime</name>
         <value>0x27fd</value>
         <object_component_ref idref="oc-70b"/>
      </symbol>
      <symbol id="sm-be1">
         <name>__TI_readmsg</name>
         <value>0x521f</value>
         <object_component_ref idref="oc-75d"/>
      </symbol>
      <symbol id="sm-be2">
         <name>C$$IO$$</name>
         <value>0x521b</value>
         <object_component_ref idref="oc-75d"/>
      </symbol>
      <symbol id="sm-be3">
         <name>__CIOBUF_</name>
         <value>0x200051cc</value>
         <object_component_ref idref="oc-798"/>
      </symbol>
      <symbol id="sm-be4">
         <name>__TI_writemsg</name>
         <value>0x51ed</value>
         <object_component_ref idref="oc-75d"/>
      </symbol>
      <symbol id="sm-c0e">
         <name>__aeabi_uldivmod</name>
         <value>0x2a4d</value>
         <object_component_ref idref="oc-594"/>
      </symbol>
      <symbol id="sm-c2f">
         <name>_Dscale</name>
         <value>0x3869</value>
         <object_component_ref idref="oc-6b4"/>
      </symbol>
      <symbol id="sm-c43">
         <name>_Dunscale</name>
         <value>0x5255</value>
         <object_component_ref idref="oc-6ac"/>
      </symbol>
      <symbol id="sm-c52">
         <name>_Feraise</name>
         <value>0x63d5</value>
         <object_component_ref idref="oc-6ba"/>
      </symbol>
      <symbol id="sm-c62">
         <name>_Rteps</name>
         <value>0x20005720</value>
         <object_component_ref idref="oc-72a"/>
      </symbol>
      <symbol id="sm-c63">
         <name>_Zero</name>
         <value>0x20005738</value>
         <object_component_ref idref="oc-72a"/>
      </symbol>
      <symbol id="sm-c64">
         <name>_Hugeval</name>
         <value>0x200056e0</value>
         <object_component_ref idref="oc-72a"/>
      </symbol>
      <symbol id="sm-c65">
         <name>_Snan</name>
         <value>0x20005710</value>
         <object_component_ref idref="oc-72a"/>
      </symbol>
      <symbol id="sm-c66">
         <name>_Nan</name>
         <value>0x20005700</value>
         <object_component_ref idref="oc-72a"/>
      </symbol>
      <symbol id="sm-c67">
         <name>_Inf</name>
         <value>0x200056f0</value>
         <object_component_ref idref="oc-72a"/>
      </symbol>
      <symbol id="sm-c68">
         <name>_Xbig</name>
         <value>0x20005730</value>
         <object_component_ref idref="oc-72a"/>
      </symbol>
      <symbol id="sm-c69">
         <name>_Eps</name>
         <value>0x200056d0</value>
         <object_component_ref idref="oc-72a"/>
      </symbol>
      <symbol id="sm-c6a">
         <name>_Denorm</name>
         <value>0x200056c0</value>
         <object_component_ref idref="oc-72a"/>
      </symbol>
      <symbol id="sm-c88">
         <name>__TI_wrt_ok</name>
         <value>0x44c5</value>
         <object_component_ref idref="oc-572"/>
      </symbol>
      <symbol id="sm-c89">
         <name>__TI_rd_ok</name>
         <value>0x4527</value>
         <object_component_ref idref="oc-572"/>
      </symbol>
      <symbol id="sm-c91">
         <name>_Errno</name>
         <value>0x200057c8</value>
         <object_component_ref idref="oc-735"/>
      </symbol>
      <symbol id="sm-caf">
         <name>feraiseexcept</name>
         <value>0x6311</value>
         <object_component_ref idref="oc-72f"/>
      </symbol>
      <symbol id="sm-cb0">
         <name>_Tls_setup__Fenv</name>
         <value>0x200057c0</value>
         <object_component_ref idref="oc-785"/>
      </symbol>
      <symbol id="sm-cb1">
         <name>_Fenv</name>
         <value>0x200057bc</value>
         <object_component_ref idref="oc-785"/>
      </symbol>
      <symbol id="sm-ccb">
         <name>__TI_doflush</name>
         <value>0x41d1</value>
         <object_component_ref idref="oc-578"/>
      </symbol>
      <symbol id="sm-ccc">
         <name>fflush</name>
         <value>0x421d</value>
         <object_component_ref idref="oc-578"/>
      </symbol>
      <symbol id="sm-cde">
         <name>fseek</name>
         <value>0x52bd</value>
         <object_component_ref idref="oc-670"/>
      </symbol>
      <symbol id="sm-cf2">
         <name>raise</name>
         <value>0x6433</value>
         <object_component_ref idref="oc-77f"/>
      </symbol>
      <symbol id="sm-d0e">
         <name>setvbuf</name>
         <value>0x4021</value>
         <object_component_ref idref="oc-676"/>
      </symbol>
      <symbol id="sm-d28">
         <name>signal</name>
         <value>0x605d</value>
         <object_component_ref idref="oc-7a3"/>
      </symbol>
      <symbol id="sm-d36">
         <name>strcpy</name>
         <value>0x67f1</value>
         <object_component_ref idref="oc-763"/>
      </symbol>
      <symbol id="sm-d4b">
         <name>_Dnorm</name>
         <value>0x4359</value>
         <object_component_ref idref="oc-720"/>
      </symbol>
      <symbol id="sm-d82">
         <name>__TI_cleanup</name>
         <value>0x2d09</value>
         <object_component_ref idref="oc-6f4"/>
      </symbol>
      <symbol id="sm-d83">
         <name>freopen</name>
         <value>0x2d35</value>
         <object_component_ref idref="oc-6f4"/>
      </symbol>
      <symbol id="sm-d84">
         <name>fopen</name>
         <value>0x2d5f</value>
         <object_component_ref idref="oc-6f4"/>
      </symbol>
      <symbol id="sm-df6">
         <name>_sys_memory</name>
         <value>0x200059d8</value>
         <object_component_ref idref="oc-2a"/>
      </symbol>
      <symbol id="sm-df7">
         <name>free</name>
         <value>0x2187</value>
         <object_component_ref idref="oc-6ee"/>
      </symbol>
      <symbol id="sm-df8">
         <name>realloc</name>
         <value>0x2249</value>
         <object_component_ref idref="oc-6ee"/>
      </symbol>
      <symbol id="sm-df9">
         <name>memalign</name>
         <value>0x2355</value>
         <object_component_ref idref="oc-6ee"/>
      </symbol>
      <symbol id="sm-dfa">
         <name>calloc</name>
         <value>0x2439</value>
         <object_component_ref idref="oc-6ee"/>
      </symbol>
      <symbol id="sm-dfb">
         <name>malloc</name>
         <value>0x211f</value>
         <object_component_ref idref="oc-6ee"/>
      </symbol>
      <symbol id="sm-dfc">
         <name>minit</name>
         <value>0x2091</value>
         <object_component_ref idref="oc-6ee"/>
      </symbol>
      <symbol id="sm-e12">
         <name>__TI_closefile</name>
         <value>0x46ad</value>
         <object_component_ref idref="oc-74e"/>
      </symbol>
      <symbol id="sm-e13">
         <name>fclose</name>
         <value>0x4713</value>
         <object_component_ref idref="oc-74e"/>
      </symbol>
      <symbol id="sm-e7e">
         <name>GPIOPinTypePWM</name>
         <value>0x6877</value>
         <object_component_ref idref="oc-360"/>
      </symbol>
      <symbol id="sm-e7f">
         <name>GPIOPinConfigure</name>
         <value>0x5df9</value>
         <object_component_ref idref="oc-318"/>
      </symbol>
      <symbol id="sm-e80">
         <name>GPIOPinTypeI2CSCL</name>
         <value>0x6865</value>
         <object_component_ref idref="oc-31e"/>
      </symbol>
      <symbol id="sm-e81">
         <name>GPIOPinTypeI2C</name>
         <value>0x6853</value>
         <object_component_ref idref="oc-324"/>
      </symbol>
      <symbol id="sm-e82">
         <name>GPIOPinTypeGPIOInput</name>
         <value>0x6841</value>
         <object_component_ref idref="oc-2cc"/>
      </symbol>
      <symbol id="sm-e83">
         <name>GPIOPinTypeUART</name>
         <value>0x6889</value>
         <object_component_ref idref="oc-440"/>
      </symbol>
      <symbol id="sm-e84">
         <name>GPIOPinTypeGPIOOutput</name>
         <value>0x66af</value>
         <object_component_ref idref="oc-201"/>
      </symbol>
      <symbol id="sm-e85">
         <name>GPIOPinRead</name>
         <value>0x69df</value>
         <object_component_ref idref="oc-4dc"/>
      </symbol>
      <symbol id="sm-e86">
         <name>GPIODirModeSet</name>
         <value>0x648d</value>
         <object_component_ref idref="oc-393"/>
      </symbol>
      <symbol id="sm-e87">
         <name>GPIOPinWrite</name>
         <value>0x69e5</value>
         <object_component_ref idref="oc-4d6"/>
      </symbol>
      <symbol id="sm-e88">
         <name>GPIOPadConfigSet</name>
         <value>0x3509</value>
         <object_component_ref idref="oc-2d2"/>
      </symbol>
      <symbol id="sm-ec9">
         <name>I2CMasterDataPut</name>
         <value>0x6a0b</value>
         <object_component_ref idref="oc-33d"/>
      </symbol>
      <symbol id="sm-eca">
         <name>I2CMasterInitExpClk</name>
         <value>0x5be5</value>
         <object_component_ref idref="oc-330"/>
      </symbol>
      <symbol id="sm-ecb">
         <name>I2CMasterSlaveAddrSet</name>
         <value>0x69bf</value>
         <object_component_ref idref="oc-337"/>
      </symbol>
      <symbol id="sm-ecc">
         <name>I2CMasterDataGet</name>
         <value>0x6a07</value>
         <object_component_ref idref="oc-50d"/>
      </symbol>
      <symbol id="sm-ecd">
         <name>I2CMasterControl</name>
         <value>0x6a03</value>
         <object_component_ref idref="oc-343"/>
      </symbol>
      <symbol id="sm-ece">
         <name>I2CMasterBusy</name>
         <value>0x69b7</value>
         <object_component_ref idref="oc-349"/>
      </symbol>
      <symbol id="sm-ecf">
         <name>I2CMasterEnable</name>
         <value>0x6999</value>
         <object_component_ref idref="oc-501"/>
      </symbol>
      <symbol id="sm-f22">
         <name>IntPrioritySet</name>
         <value>0x6559</value>
         <object_component_ref idref="oc-24d"/>
      </symbol>
      <symbol id="sm-f23">
         <name>IntEnable</name>
         <value>0x5185</value>
         <object_component_ref idref="oc-247"/>
      </symbol>
      <symbol id="sm-f24">
         <name>IntRegister</name>
         <value>0x62a9</value>
         <object_component_ref idref="oc-463"/>
      </symbol>
      <symbol id="sm-f25">
         <name>g_pfnRAMVectors</name>
         <value>0x20000000</value>
         <object_component_ref idref="oc-62e"/>
      </symbol>
      <symbol id="sm-f26">
         <name>IntMasterEnable</name>
         <value>0x68d1</value>
         <object_component_ref idref="oc-241"/>
      </symbol>
      <symbol id="sm-f53">
         <name>PWMGenPeriodSet</name>
         <value>0x6901</value>
         <object_component_ref idref="oc-36c"/>
      </symbol>
      <symbol id="sm-f54">
         <name>PWMPulseWidthSet</name>
         <value>0x6621</value>
         <object_component_ref idref="oc-372"/>
      </symbol>
      <symbol id="sm-f55">
         <name>PWMOutputState</name>
         <value>0x689b</value>
         <object_component_ref idref="oc-37e"/>
      </symbol>
      <symbol id="sm-f56">
         <name>PWMGenEnable</name>
         <value>0x6967</value>
         <object_component_ref idref="oc-378"/>
      </symbol>
      <symbol id="sm-f57">
         <name>PWMGenConfigure</name>
         <value>0x659f</value>
         <object_component_ref idref="oc-366"/>
      </symbol>
      <symbol id="sm-fc0">
         <name>SysCtlClockSet</name>
         <value>0x3c7d</value>
         <object_component_ref idref="oc-135"/>
      </symbol>
      <symbol id="sm-fc1">
         <name>SysCtlDelay</name>
         <value>0x69f1</value>
         <object_component_ref idref="oc-1af"/>
      </symbol>
      <symbol id="sm-fc2">
         <name>SysCtlPeripheralEnable</name>
         <value>0x62dd</value>
         <object_component_ref idref="oc-1fb"/>
      </symbol>
      <symbol id="sm-fc3">
         <name>SysCtlClockGet</name>
         <value>0x3759</value>
         <object_component_ref idref="oc-32a"/>
      </symbol>
      <symbol id="sm-fc4">
         <name>SysCtlPeripheralReady</name>
         <value>0x6201</value>
         <object_component_ref idref="oc-35a"/>
      </symbol>
      <symbol id="sm-fc5">
         <name>SysCtlPeripheralReset</name>
         <value>0x5af5</value>
         <object_component_ref idref="oc-312"/>
      </symbol>
      <symbol id="sm-1020">
         <name>TimerLoadSet</name>
         <value>0x68ad</value>
         <object_component_ref idref="oc-3b5"/>
      </symbol>
      <symbol id="sm-1021">
         <name>TimerIntRegister</name>
         <value>0x66c7</value>
         <object_component_ref idref="oc-3bb"/>
      </symbol>
      <symbol id="sm-1022">
         <name>TimerEnable</name>
         <value>0x6931</value>
         <object_component_ref idref="oc-3af"/>
      </symbol>
      <symbol id="sm-1023">
         <name>TimerIntEnable</name>
         <value>0x69c7</value>
         <object_component_ref idref="oc-3c1"/>
      </symbol>
      <symbol id="sm-1024">
         <name>TimerConfigure</name>
         <value>0x53e9</value>
         <object_component_ref idref="oc-3a9"/>
      </symbol>
      <symbol id="sm-1025">
         <name>TimerIntClear</name>
         <value>0x6a0f</value>
         <object_component_ref idref="oc-54a"/>
      </symbol>
      <symbol id="sm-1096">
         <name>UARTConfigSetExpClk</name>
         <value>0x5e89</value>
         <object_component_ref idref="oc-446"/>
      </symbol>
      <symbol id="sm-1097">
         <name>UARTDisable</name>
         <value>0x65c1</value>
         <object_component_ref idref="oc-613"/>
      </symbol>
      <symbol id="sm-1098">
         <name>UARTIntEnable</name>
         <value>0x69cf</value>
         <object_component_ref idref="oc-259"/>
      </symbol>
      <symbol id="sm-1099">
         <name>UARTCharsAvail</name>
         <value>0x693f</value>
         <object_component_ref idref="oc-48b"/>
      </symbol>
      <symbol id="sm-109a">
         <name>UARTEnable</name>
         <value>0x67c9</value>
         <object_component_ref idref="oc-619"/>
      </symbol>
      <symbol id="sm-109b">
         <name>UARTIntClear</name>
         <value>0x6a13</value>
         <object_component_ref idref="oc-472"/>
      </symbol>
      <symbol id="sm-109c">
         <name>UARTIntStatus</name>
         <value>0x69ad</value>
         <object_component_ref idref="oc-46c"/>
      </symbol>
      <symbol id="sm-109d">
         <name>UARTCharGet</name>
         <value>0x69a3</value>
         <object_component_ref idref="oc-47f"/>
      </symbol>
      <symbol id="sm-109e">
         <name>UARTIntRegister</name>
         <value>0x66df</value>
         <object_component_ref idref="oc-253"/>
      </symbol>
      <symbol id="sm-10a8">
         <name>CPUcpsie</name>
         <value>0x695b</value>
         <object_component_ref idref="oc-44d"/>
      </symbol>
      <symbol id="sm-10a9">
         <name>__TI_static_base__</name>
         <value>0x0</value>
      </symbol>
      <symbol id="sm-10ac">
         <name>SHT$$INIT_ARRAY$$Limit</name>
         <value>0x0</value>
      </symbol>
      <symbol id="sm-10ad">
         <name>SHT$$INIT_ARRAY$$Base</name>
         <value>0x0</value>
      </symbol>
      <symbol id="sm-10ae">
         <name>remove</name>
         <value>0x24fd</value>
      </symbol>
   </symbol_table>
   <title>Link successful</title>
</link_info>
